Archive member included to satisfy reference by file (symbol)

/home/jakub/programs/AC6/plugins/fr.ac6.mcu.externaltools.arm-none.linux64_1.13.1.201703061524/tools/compiler/bin/../lib/gcc/arm-none-eabi/5.4.1/armv6-m/libgcc.a(_thumb1_case_uqi.o)
                              Drivers/STM32L0xx_HAL_Driver/Src/stm32l0xx_hal_pcd.o (__gnu_thumb1_case_uqi)
/home/jakub/programs/AC6/plugins/fr.ac6.mcu.externaltools.arm-none.linux64_1.13.1.201703061524/tools/compiler/bin/../lib/gcc/arm-none-eabi/5.4.1/armv6-m/libgcc.a(_thumb1_case_shi.o)
                              Src/main.o (__gnu_thumb1_case_shi)
/home/jakub/programs/AC6/plugins/fr.ac6.mcu.externaltools.arm-none.linux64_1.13.1.201703061524/tools/compiler/bin/../lib/gcc/arm-none-eabi/5.4.1/armv6-m/libgcc.a(_thumb1_case_uhi.o)
                              Middlewares/ST/STM32_USB_Device_Library/Core/Src/usbd_ctlreq.o (__gnu_thumb1_case_uhi)
/home/jakub/programs/AC6/plugins/fr.ac6.mcu.externaltools.arm-none.linux64_1.13.1.201703061524/tools/compiler/bin/../lib/gcc/arm-none-eabi/5.4.1/armv6-m/libgcc.a(_udivsi3.o)
                              Drivers/STM32L0xx_HAL_Driver/Src/stm32l0xx_hal.o (__aeabi_uidiv)
/home/jakub/programs/AC6/plugins/fr.ac6.mcu.externaltools.arm-none.linux64_1.13.1.201703061524/tools/compiler/bin/../lib/gcc/arm-none-eabi/5.4.1/armv6-m/libgcc.a(_dvmd_tls.o)
                              /home/jakub/programs/AC6/plugins/fr.ac6.mcu.externaltools.arm-none.linux64_1.13.1.201703061524/tools/compiler/bin/../lib/gcc/arm-none-eabi/5.4.1/armv6-m/libgcc.a(_udivsi3.o) (__aeabi_idiv0)
/home/jakub/programs/AC6/plugins/fr.ac6.mcu.externaltools.arm-none.linux64_1.13.1.201703061524/tools/compiler/bin/../lib/gcc/arm-none-eabi/5.4.1/armv6-m/libgcc.a(mulsf3.o)
                              Src/module/ds18b20.o (__aeabi_fmul)
/home/jakub/programs/AC6/plugins/fr.ac6.mcu.externaltools.arm-none.linux64_1.13.1.201703061524/tools/compiler/bin/../lib/gcc/arm-none-eabi/5.4.1/armv6-m/libgcc.a(floatsisf.o)
                              Src/module/ds18b20.o (__aeabi_i2f)
/home/jakub/programs/AC6/plugins/fr.ac6.mcu.externaltools.arm-none.linux64_1.13.1.201703061524/tools/compiler/bin/../lib/gcc/arm-none-eabi/5.4.1/armv6-m/libgcc.a(_clzsi2.o)
                              /home/jakub/programs/AC6/plugins/fr.ac6.mcu.externaltools.arm-none.linux64_1.13.1.201703061524/tools/compiler/bin/../lib/gcc/arm-none-eabi/5.4.1/armv6-m/libgcc.a(mulsf3.o) (__clzsi2)
/home/jakub/programs/AC6/plugins/fr.ac6.mcu.externaltools.arm-none.linux64_1.13.1.201703061524/tools/compiler/bin/../lib/gcc/arm-none-eabi/5.4.1/../../../../arm-none-eabi/lib/armv6-m/libc_nano.a(lib_a-exit.o)
                              /home/jakub/programs/AC6/plugins/fr.ac6.mcu.externaltools.arm-none.linux64_1.13.1.201703061524/tools/compiler/bin/../lib/gcc/arm-none-eabi/5.4.1/../../../../arm-none-eabi/lib/armv6-m/crt0.o (exit)
/home/jakub/programs/AC6/plugins/fr.ac6.mcu.externaltools.arm-none.linux64_1.13.1.201703061524/tools/compiler/bin/../lib/gcc/arm-none-eabi/5.4.1/../../../../arm-none-eabi/lib/armv6-m/libc_nano.a(lib_a-impure.o)
                              /home/jakub/programs/AC6/plugins/fr.ac6.mcu.externaltools.arm-none.linux64_1.13.1.201703061524/tools/compiler/bin/../lib/gcc/arm-none-eabi/5.4.1/../../../../arm-none-eabi/lib/armv6-m/libc_nano.a(lib_a-exit.o) (_global_impure_ptr)
/home/jakub/programs/AC6/plugins/fr.ac6.mcu.externaltools.arm-none.linux64_1.13.1.201703061524/tools/compiler/bin/../lib/gcc/arm-none-eabi/5.4.1/../../../../arm-none-eabi/lib/armv6-m/libc_nano.a(lib_a-init.o)
                              /home/jakub/programs/AC6/plugins/fr.ac6.mcu.externaltools.arm-none.linux64_1.13.1.201703061524/tools/compiler/bin/../lib/gcc/arm-none-eabi/5.4.1/../../../../arm-none-eabi/lib/armv6-m/crt0.o (__libc_init_array)
/home/jakub/programs/AC6/plugins/fr.ac6.mcu.externaltools.arm-none.linux64_1.13.1.201703061524/tools/compiler/bin/../lib/gcc/arm-none-eabi/5.4.1/../../../../arm-none-eabi/lib/armv6-m/libc_nano.a(lib_a-memset.o)
                              /home/jakub/programs/AC6/plugins/fr.ac6.mcu.externaltools.arm-none.linux64_1.13.1.201703061524/tools/compiler/bin/../lib/gcc/arm-none-eabi/5.4.1/../../../../arm-none-eabi/lib/armv6-m/crt0.o (memset)
/home/jakub/programs/AC6/plugins/fr.ac6.mcu.externaltools.arm-none.linux64_1.13.1.201703061524/tools/compiler/bin/../lib/gcc/arm-none-eabi/5.4.1/../../../../arm-none-eabi/lib/armv6-m/libc_nano.a(lib_a-snprintf.o)
                              Src/main.o (snprintf)
/home/jakub/programs/AC6/plugins/fr.ac6.mcu.externaltools.arm-none.linux64_1.13.1.201703061524/tools/compiler/bin/../lib/gcc/arm-none-eabi/5.4.1/../../../../arm-none-eabi/lib/armv6-m/libc_nano.a(lib_a-sprintf.o)
                              Src/module/rtc_api.o (sprintf)
/home/jakub/programs/AC6/plugins/fr.ac6.mcu.externaltools.arm-none.linux64_1.13.1.201703061524/tools/compiler/bin/../lib/gcc/arm-none-eabi/5.4.1/../../../../arm-none-eabi/lib/armv6-m/libc_nano.a(lib_a-strcpy.o)
[...]
Memory Configuration

Name             Origin             Length             Attributes
RAM              0x20000000         0x00005000         xrw
FLASH            0x08000000         0x00020000         xr
*default*        0x00000000         0xffffffff

Linker script and memory map

LOAD /home/jakub/programs/AC6/plugins/fr.ac6.mcu.externaltools.arm-none.linux64_1.13.1.201703061524/tools/compiler/bin/../lib/gcc/arm-none-eabi/5.4.1/armv6-m/crti.o
LOAD /home/jakub/programs/AC6/plugins/fr.ac6.mcu.externaltools.arm-none.linux64_1.13.1.201703061524/tools/compiler/bin/../lib/gcc/arm-none-eabi/5.4.1/armv6-m/crtbegin.o
LOAD /home/jakub/programs/AC6/plugins/fr.ac6.mcu.externaltools.arm-none.linux64_1.13.1.201703061524/tools/compiler/bin/../lib/gcc/arm-none-eabi/5.4.1/../../../../arm-none-eabi/lib/armv6-m/crt0.o
LOAD /home/jakub/programs/AC6/plugins/fr.ac6.mcu.externaltools.arm-none.linux64_1.13.1.201703061524/tools/compiler/bin/../lib/gcc/arm-none-eabi/5.4.1/../../../../arm-none-eabi/lib/armv6-m/libm.a
LOAD Drivers/CMSIS/Device/ST/STM32L0xx/Source/Templates/gcc/startup_stm32l072xx.o
LOAD Drivers/STM32L0xx_HAL_Driver/Src/stm32l0xx_hal.o
LOAD Drivers/STM32L0xx_HAL_Driver/Src/stm32l0xx_hal_adc.o
LOAD Drivers/STM32L0xx_HAL_Driver/Src/stm32l0xx_hal_adc_ex.o
LOAD Drivers/STM32L0xx_HAL_Driver/Src/stm32l0xx_hal_cortex.o
LOAD Drivers/STM32L0xx_HAL_Driver/Src/stm32l0xx_hal_dma.o
LOAD Drivers/STM32L0xx_HAL_Driver/Src/stm32l0xx_hal_flash.o
LOAD Drivers/STM32L0xx_HAL_Driver/Src/stm32l0xx_hal_flash_ex.o
LOAD Drivers/STM32L0xx_HAL_Driver/Src/stm32l0xx_hal_flash_ramfunc.o
LOAD Drivers/STM32L0xx_HAL_Driver/Src/stm32l0xx_hal_gpio.o
LOAD Drivers/STM32L0xx_HAL_Driver/Src/stm32l0xx_hal_i2c.o
LOAD Drivers/STM32L0xx_HAL_Driver/Src/stm32l0xx_hal_i2c_ex.o
LOAD Drivers/STM32L0xx_HAL_Driver/Src/stm32l0xx_hal_pcd.o
LOAD Drivers/STM32L0xx_HAL_Driver/Src/stm32l0xx_hal_pcd_ex.o
LOAD Drivers/STM32L0xx_HAL_Driver/Src/stm32l0xx_hal_pwr.o
LOAD Drivers/STM32L0xx_HAL_Driver/Src/stm32l0xx_hal_pwr_ex.o
LOAD Drivers/STM32L0xx_HAL_Driver/Src/stm32l0xx_hal_rcc.o
LOAD Drivers/STM32L0xx_HAL_Driver/Src/stm32l0xx_hal_rcc_ex.o
LOAD Drivers/STM32L0xx_HAL_Driver/Src/stm32l0xx_hal_rtc.o
LOAD Drivers/STM32L0xx_HAL_Driver/Src/stm32l0xx_hal_rtc_ex.o
LOAD Drivers/STM32L0xx_HAL_Driver/Src/stm32l0xx_hal_spi.o
LOAD Drivers/STM32L0xx_HAL_Driver/Src/stm32l0xx_hal_tim.o
LOAD Drivers/STM32L0xx_HAL_Driver/Src/stm32l0xx_hal_tim_ex.o
LOAD Middlewares/ST/STM32_USB_Device_Library/Class/CDC/Src/usbd_cdc.o
LOAD Middlewares/ST/STM32_USB_Device_Library/Core/Src/usbd_core.o
LOAD Middlewares/ST/STM32_USB_Device_Library/Core/Src/usbd_ctlreq.o
LOAD Middlewares/ST/STM32_USB_Device_Library/Core/Src/usbd_ioreq.o
LOAD Src/adc.o
LOAD Src/gpio.o
LOAD Src/i2c.o
LOAD Src/main.o
LOAD Src/rtc.o
LOAD Src/spi.o
LOAD Src/stm32l0xx_hal_msp.o
LOAD Src/stm32l0xx_it.o
LOAD Src/system_stm32l0xx.o
LOAD Src/tim.o
LOAD Src/usb_device.o
LOAD Src/usbd_cdc_if.o
LOAD Src/usbd_conf.o
LOAD Src/usbd_desc.o
LOAD Src/module/BME280.o
LOAD Src/module/Time.o
LOAD Src/module/ds18b20.o
LOAD Src/module/lcd_12864.o
LOAD Src/module/one_wire.o
LOAD Src/module/peripherals.o
LOAD Src/module/pinmap.o
LOAD Src/module/rtc_api.o
LOAD Src/module/spi_com.o
LOAD Src/module/waiter.o
START GROUP
LOAD /home/jakub/programs/AC6/plugins/fr.ac6.mcu.externaltools.arm-none.linux64_1.13.1.201703061524/tools/compiler/bin/../lib/gcc/arm-none-eabi/5.4.1/armv6-m/libgcc.a
LOAD /home/jakub/programs/AC6/plugins/fr.ac6.mcu.externaltools.arm-none.linux64_1.13.1.201703061524/tools/compiler/bin/../lib/gcc/arm-none-eabi/5.4.1/../../../../arm-none-eabi/lib/armv6-m/libc_nano.a
END GROUP
START GROUP
LOAD /home/jakub/programs/AC6/plugins/fr.ac6.mcu.externaltools.arm-none.linux64_1.13.1.201703061524/tools/compiler/bin/../lib/gcc/arm-none-eabi/5.4.1/armv6-m/libgcc.a
LOAD /home/jakub/programs/AC6/plugins/fr.ac6.mcu.externaltools.arm-none.linux64_1.13.1.201703061524/tools/compiler/bin/../lib/gcc/arm-none-eabi/5.4.1/../../../../arm-none-eabi/lib/armv6-m/libc_nano.a
LOAD /home/jakub/programs/AC6/plugins/fr.ac6.mcu.externaltools.arm-none.linux64_1.13.1.201703061524/tools/compiler/bin/../lib/gcc/arm-none-eabi/5.4.1/../../../../arm-none-eabi/lib/armv6-m/libnosys.a
END GROUP
START GROUP
LOAD /home/jakub/programs/AC6/plugins/fr.ac6.mcu.externaltools.arm-none.linux64_1.13.1.201703061524/tools/compiler/bin/../lib/gcc/arm-none-eabi/5.4.1/armv6-m/libgcc.a
LOAD /home/jakub/programs/AC6/plugins/fr.ac6.mcu.externaltools.arm-none.linux64_1.13.1.201703061524/tools/compiler/bin/../lib/gcc/arm-none-eabi/5.4.1/../../../../arm-none-eabi/lib/armv6-m/libc_nano.a
LOAD /home/jakub/programs/AC6/plugins/fr.ac6.mcu.externaltools.arm-none.linux64_1.13.1.201703061524/tools/compiler/bin/../lib/gcc/arm-none-eabi/5.4.1/../../../../arm-none-eabi/lib/armv6-m/libnosys.a
END GROUP
LOAD /home/jakub/programs/AC6/plugins/fr.ac6.mcu.externaltools.arm-none.linux64_1.13.1.201703061524/tools/compiler/bin/../lib/gcc/arm-none-eabi/5.4.1/armv6-m/crtend.o
LOAD /home/jakub/programs/AC6/plugins/fr.ac6.mcu.externaltools.arm-none.linux64_1.13.1.201703061524/tools/compiler/bin/../lib/gcc/arm-none-eabi/5.4.1/armv6-m/crtn.o
                0x20005000                _estack = 0x20005000
                0x00000200                _Min_Heap_Size = 0x200
                0x00000400                _Min_Stack_Size = 0x400

.isr_vector     0x08000000       0xc0
                0x08000000                . = ALIGN (0x4)
 *(.isr_vector)
 .isr_vector    0x08000000       0xc0 Drivers/CMSIS/Device/ST/STM32L0xx/Source/Templates/gcc/startup_stm32l072xx.o
                0x08000000                g_pfnVectors
                0x080000c0                . = ALIGN (0x4)

.text           0x080000c0     0x5f30
                0x080000c0                . = ALIGN (0x4)
 *(.text)
 .text          0x080000c0       0x60 /home/jakub/programs/AC6/plugins/fr.ac6.mcu.externaltools.arm-none.linux64_1.13.1.201703061524/tools/compiler/bin/../lib/gcc/arm-none-eabi/5.4.1/armv6-m/crtbegin.o
 .text          0x08000120       0x14 /home/jakub/programs/AC6/plugins/fr.ac6.mcu.externaltools.arm-none.linux64_1.13.1.201703061524/tools/compiler/bin/../lib/gcc/arm-none-eabi/5.4.1/armv6-m/libgcc.a(_thumb1_case_uqi.o)
                0x08000120                __gnu_thumb1_case_uqi
 .text          0x08000134       0x14 /home/jakub/programs/AC6/plugins/fr.ac6.mcu.externaltools.arm-none.linux64_1.13.1.201703061524/tools/compiler/bin/../lib/gcc/arm-none-eabi/5.4.1/armv6-m/libgcc.a(_thumb1_case_shi.o)
                0x08000134                __gnu_thumb1_case_shi
 .text          0x08000148       0x14 /home/jakub/programs/AC6/plugins/fr.ac6.mcu.externaltools.arm-none.linux64_1.13.1.201703061524/tools/compiler/bin/../lib/gcc/arm-none-eabi/5.4.1/armv6-m/libgcc.a(_thumb1_case_uhi.o)
                0x08000148                __gnu_thumb1_case_uhi
 .text          0x0800015c      0x114 /home/jakub/programs/AC6/plugins/fr.ac6.mcu.externaltools.arm-none.linux64_1.13.1.201703061524/tools/compiler/bin/../lib/gcc/arm-none-eabi/5.4.1/armv6-m/libgcc.a(_udivsi3.o)
                0x0800015c                __udivsi3
                0x0800015c                __aeabi_uidiv
                0x08000268                __aeabi_uidivmod
 .text          0x08000270        0x4 /home/jakub/programs/AC6/plugins/fr.ac6.mcu.externaltools.arm-none.linux64_1.13.1.201703061524/tools/compiler/bin/../lib/gcc/arm-none-eabi/5.4.1/armv6-m/libgcc.a(_dvmd_tls.o)
                0x08000270                __aeabi_ldiv0
                0x08000270                __aeabi_idiv0
 .text          0x08000274        0xe /home/jakub/programs/AC6/plugins/fr.ac6.mcu.externaltools.arm-none.linux64_1.13.1.201703061524/tools/compiler/bin/../lib/gcc/arm-none-eabi/5.4.1/../../../../arm-none-eabi/lib/armv6-m/libc_nano.a(lib_a-strlen.o)
                0x08000274                strlen
 *(.text*)
 *fill*         0x08000282        0x2 
 .text.Reset_Handler
                0x08000284       0x50 Drivers/CMSIS/Device/ST/STM32L0xx/Source/Templates/gcc/startup_stm32l072xx.o
                0x08000284                Reset_Handler
 .text.Default_Handler
                0x080002d4        0x2 Drivers/CMSIS/Device/ST/STM32L0xx/Source/Templates/gcc/startup_stm32l072xx.o
                0x080002d4                TSC_IRQHandler
                0x080002d4                ADC1_COMP_IRQHandler
                0x080002d4                PVD_IRQHandler
                0x080002d4                I2C1_IRQHandler
                0x080002d4                RCC_CRS_IRQHandler
                0x080002d4                SPI1_IRQHandler
                0x080002d4                TIM6_DAC_IRQHandler
                0x080002d4                EXTI2_3_IRQHandler
                0x080002d4                I2C2_IRQHandler
                0x080002d4                DMA1_Channel4_5_6_7_IRQHandler
                0x080002d4                TIM3_IRQHandler
                0x080002d4                EXTI4_15_IRQHandler
                0x080002d4                DMA1_Channel1_IRQHandler
                0x080002d4                USART4_5_IRQHandler
                0x080002d4                Default_Handler
                0x080002d4                TIM22_IRQHandler
                0x080002d4                TIM7_IRQHandler
                0x080002d4                EXTI0_1_IRQHandler
                0x080002d4                I2C3_IRQHandler
                0x080002d4                SPI2_IRQHandler
                0x080002d4                WWDG_IRQHandler
                0x080002d4                TIM2_IRQHandler
                0x080002d4                DMA1_Channel2_3_IRQHandler
                0x080002d4                USART2_IRQHandler
                0x080002d4                FLASH_IRQHandler
                0x080002d4                USART1_IRQHandler
                0x080002d4                RNG_LPUART1_IRQHandler
                0x080002d4                LPTIM1_IRQHandler
 *fill*         0x080002d6        0x2 
 .text.HAL_InitTick
                0x080002d8       0x28 Drivers/STM32L0xx_HAL_Driver/Src/stm32l0xx_hal.o
                0x080002d8                HAL_InitTick
 .text.HAL_Init
                0x08000300       0x20 Drivers/STM32L0xx_HAL_Driver/Src/stm32l0xx_hal.o
                0x08000300                HAL_Init
 .text.HAL_IncTick
                0x08000320       0x10 Drivers/STM32L0xx_HAL_Driver/Src/stm32l0xx_hal.o
                0x08000320                HAL_IncTick
 .text.HAL_GetTick
                0x08000330        0xc Drivers/STM32L0xx_HAL_Driver/Src/stm32l0xx_hal.o
                0x08000330                HAL_GetTick
 .text.HAL_Delay
                0x0800033c       0x18 Drivers/STM32L0xx_HAL_Driver/Src/stm32l0xx_hal.o
                0x0800033c                HAL_Delay
 .text.HAL_SuspendTick
                0x08000354       0x10 Drivers/STM32L0xx_HAL_Driver/Src/stm32l0xx_hal.o
                0x08000354                HAL_SuspendTick
 .text.HAL_ResumeTick
                0x08000364       0x10 Drivers/STM32L0xx_HAL_Driver/Src/stm32l0xx_hal.o
                0x08000364                HAL_ResumeTick
 .text.ADC_DelayMicroSecond
                0x08000374       0x2c Drivers/STM32L0xx_HAL_Driver/Src/stm32l0xx_hal_adc.o
 .text.ADC_Enable
                0x080003a0       0x74 Drivers/STM32L0xx_HAL_Driver/Src/stm32l0xx_hal_adc.o
 .text.HAL_ADC_Init
                0x08000414      0x1a8 Drivers/STM32L0xx_HAL_Driver/Src/stm32l0xx_hal_adc.o
                0x08000414                HAL_ADC_Init
 .text.HAL_ADC_Start
                0x080005bc       0x58 Drivers/STM32L0xx_HAL_Driver/Src/stm32l0xx_hal_adc.o
                0x080005bc                HAL_ADC_Start
 .text.HAL_ADC_PollForConversion
                0x08000614       0xbc Drivers/STM32L0xx_HAL_Driver/Src/stm32l0xx_hal_adc.o
                0x08000614                HAL_ADC_PollForConversion
 .text.HAL_ADC_GetValue
                0x080006d0        0x6 Drivers/STM32L0xx_HAL_Driver/Src/stm32l0xx_hal_adc.o
                0x080006d0                HAL_ADC_GetValue
 *fill*         0x080006d6        0x2 
 .text.HAL_ADC_ConfigChannel
                0x080006d8       0xac Drivers/STM32L0xx_HAL_Driver/Src/stm32l0xx_hal_adc.o
                0x080006d8                HAL_ADC_ConfigChannel
 .text.HAL_ADC_GetState
                0x08000784        0x4 Drivers/STM32L0xx_HAL_Driver/Src/stm32l0xx_hal_adc.o
                0x08000784                HAL_ADC_GetState
 .text.HAL_NVIC_SetPriority
                0x08000788       0x60 Drivers/STM32L0xx_HAL_Driver/Src/stm32l0xx_hal_cortex.o
                0x08000788                HAL_NVIC_SetPriority
 .text.HAL_NVIC_EnableIRQ
                0x080007e8       0x14 Drivers/STM32L0xx_HAL_Driver/Src/stm32l0xx_hal_cortex.o
                0x080007e8                HAL_NVIC_EnableIRQ
 .text.HAL_SYSTICK_Config
                0x080007fc       0x34 Drivers/STM32L0xx_HAL_Driver/Src/stm32l0xx_hal_cortex.o
                0x080007fc                HAL_SYSTICK_Config
 .text.HAL_SYSTICK_CLKSourceConfig
                0x08000830       0x1c Drivers/STM32L0xx_HAL_Driver/Src/stm32l0xx_hal_cortex.o
                0x08000830                HAL_SYSTICK_CLKSourceConfig
 .text.HAL_SYSTICK_Callback
                0x0800084c        0x2 Drivers/STM32L0xx_HAL_Driver/Src/stm32l0xx_hal_cortex.o
                0x0800084c                HAL_SYSTICK_Callback
 .text.HAL_SYSTICK_IRQHandler
                0x0800084e        0x8 Drivers/STM32L0xx_HAL_Driver/Src/stm32l0xx_hal_cortex.o
                0x0800084e                HAL_SYSTICK_IRQHandler
 *fill*         0x08000856        0x2 
 .text.HAL_GPIO_Init
                0x08000858      0x178 Drivers/STM32L0xx_HAL_Driver/Src/stm32l0xx_hal_gpio.o
                0x08000858                HAL_GPIO_Init
 .text.HAL_GPIO_ReadPin
                0x080009d0        0xc Drivers/STM32L0xx_HAL_Driver/Src/stm32l0xx_hal_gpio.o
                0x080009d0                HAL_GPIO_ReadPin
 .text.HAL_GPIO_WritePin
                0x080009dc        0xc Drivers/STM32L0xx_HAL_Driver/Src/stm32l0xx_hal_gpio.o
                0x080009dc                HAL_GPIO_WritePin
 .text.HAL_GPIO_TogglePin
                0x080009e8        0x8 Drivers/STM32L0xx_HAL_Driver/Src/stm32l0xx_hal_gpio.o
                0x080009e8                HAL_GPIO_TogglePin
 .text.I2C_TransferConfig
                0x080009f0       0x24 Drivers/STM32L0xx_HAL_Driver/Src/stm32l0xx_hal_i2c.o
 .text.I2C_IsAcknowledgeFailed
                0x08000a14       0x98 Drivers/STM32L0xx_HAL_Driver/Src/stm32l0xx_hal_i2c.o
 .text.I2C_WaitOnFlagUntilTimeout
                0x08000aac       0x72 Drivers/STM32L0xx_HAL_Driver/Src/stm32l0xx_hal_i2c.o
 *fill*         0x08000b1e        0x2 
 .text.I2C_WaitOnRXNEFlagUntilTimeout
                0x08000b20       0x80 Drivers/STM32L0xx_HAL_Driver/Src/stm32l0xx_hal_i2c.o
 .text.I2C_WaitOnTXISFlagUntilTimeout
                0x08000ba0       0x58 Drivers/STM32L0xx_HAL_Driver/Src/stm32l0xx_hal_i2c.o
 .text.I2C_WaitOnSTOPFlagUntilTimeout
                0x08000bf8       0x54 Drivers/STM32L0xx_HAL_Driver/Src/stm32l0xx_hal_i2c.o
 .text.HAL_I2C_Init
                0x08000c4c       0xa4 Drivers/STM32L0xx_HAL_Driver/Src/stm32l0xx_hal_i2c.o
                0x08000c4c                HAL_I2C_Init
 .text.HAL_I2C_Master_Transmit
                0x08000cf0      0x10c Drivers/STM32L0xx_HAL_Driver/Src/stm32l0xx_hal_i2c.o
                0x08000cf0                HAL_I2C_Master_Transmit
 .text.HAL_I2C_Master_Receive
                0x08000dfc      0x10c Drivers/STM32L0xx_HAL_Driver/Src/stm32l0xx_hal_i2c.o
                0x08000dfc                HAL_I2C_Master_Receive
 .text.HAL_I2CEx_ConfigAnalogFilter
                0x08000f08       0x60 Drivers/STM32L0xx_HAL_Driver/Src/stm32l0xx_hal_i2c_ex.o
                0x08000f08                HAL_I2CEx_ConfigAnalogFilter
 .text.HAL_PCD_Init
                0x08000f68       0x8c Drivers/STM32L0xx_HAL_Driver/Src/stm32l0xx_hal_pcd.o
                0x08000f68                HAL_PCD_Init
 .text.HAL_PCD_Start
                0x08000ff4       0x12 Drivers/STM32L0xx_HAL_Driver/Src/stm32l0xx_hal_pcd.o
                0x08000ff4                HAL_PCD_Start
 .text.HAL_PCD_SetAddress
                0x08001006       0x2e Drivers/STM32L0xx_HAL_Driver/Src/stm32l0xx_hal_pcd.o
                0x08001006                HAL_PCD_SetAddress
 .text.HAL_PCD_EP_Open
                0x08001034      0x2c0 Drivers/STM32L0xx_HAL_Driver/Src/stm32l0xx_hal_pcd.o
                0x08001034                HAL_PCD_EP_Open
 .text.HAL_PCD_EP_Close
                0x080012f4      0x17c Drivers/STM32L0xx_HAL_Driver/Src/stm32l0xx_hal_pcd.o
                0x080012f4                HAL_PCD_EP_Close
 .text.HAL_PCD_EP_Receive
                0x08001470      0x18c Drivers/STM32L0xx_HAL_Driver/Src/stm32l0xx_hal_pcd.o
                0x08001470                HAL_PCD_EP_Receive
 .text.HAL_PCD_EP_GetRxCount
                0x080015fc       0x12 Drivers/STM32L0xx_HAL_Driver/Src/stm32l0xx_hal_pcd.o
                0x080015fc                HAL_PCD_EP_GetRxCount
 *fill*         0x0800160e        0x2 
 .text.HAL_PCD_EP_SetStall
                0x08001610       0xa0 Drivers/STM32L0xx_HAL_Driver/Src/stm32l0xx_hal_pcd.o
                0x08001610                HAL_PCD_EP_SetStall
 .text.HAL_PCD_EP_ClrStall
                0x080016b0       0xc0 Drivers/STM32L0xx_HAL_Driver/Src/stm32l0xx_hal_pcd.o
                0x080016b0                HAL_PCD_EP_ClrStall
 .text.PCD_WritePMA
                0x08001770       0x28 Drivers/STM32L0xx_HAL_Driver/Src/stm32l0xx_hal_pcd.o
                0x08001770                PCD_WritePMA
 .text.HAL_PCD_EP_Transmit
                0x08001798      0x1f8 Drivers/STM32L0xx_HAL_Driver/Src/stm32l0xx_hal_pcd.o
                0x08001798                HAL_PCD_EP_Transmit
 .text.PCD_ReadPMA
                0x08001990       0x22 Drivers/STM32L0xx_HAL_Driver/Src/stm32l0xx_hal_pcd.o
                0x08001990                PCD_ReadPMA
 *fill*         0x080019b2        0x2 
 .text.HAL_PCD_IRQHandler
                0x080019b4      0x47c Drivers/STM32L0xx_HAL_Driver/Src/stm32l0xx_hal_pcd.o
                0x080019b4                HAL_PCD_IRQHandler
 .text.HAL_PCDEx_PMAConfig
                0x08001e30       0x36 Drivers/STM32L0xx_HAL_Driver/Src/stm32l0xx_hal_pcd_ex.o
                0x08001e30                HAL_PCDEx_PMAConfig
 *fill*         0x08001e66        0x2 
 .text.HAL_PWR_EnterSLEEPMode
                0x08001e68       0x30 Drivers/STM32L0xx_HAL_Driver/Src/stm32l0xx_hal_pwr.o
                0x08001e68                HAL_PWR_EnterSLEEPMode
 .text.HAL_RCC_GetSysClockFreq
                0x08001e98       0x84 Drivers/STM32L0xx_HAL_Driver/Src/stm32l0xx_hal_rcc.o
                0x08001e98                HAL_RCC_GetSysClockFreq
 .text.HAL_RCC_OscConfig
                0x08001f1c      0x4cc Drivers/STM32L0xx_HAL_Driver/Src/stm32l0xx_hal_rcc.o
                0x08001f1c                HAL_RCC_OscConfig
 .text.HAL_RCC_ClockConfig
                0x080023e8      0x16c Drivers/STM32L0xx_HAL_Driver/Src/stm32l0xx_hal_rcc.o
                0x080023e8                HAL_RCC_ClockConfig
 .text.HAL_RCC_GetHCLKFreq
                0x08002554        0xc Drivers/STM32L0xx_HAL_Driver/Src/stm32l0xx_hal_rcc.o
                0x08002554                HAL_RCC_GetHCLKFreq
 .text.HAL_RCCEx_PeriphCLKConfig
                0x08002560      0x18c Drivers/STM32L0xx_HAL_Driver/Src/stm32l0xx_hal_rcc_ex.o
                0x08002560                HAL_RCCEx_PeriphCLKConfig
 .text.HAL_RTC_WaitForSynchro
                0x080026ec       0x34 Drivers/STM32L0xx_HAL_Driver/Src/stm32l0xx_hal_rtc.o
                0x080026ec                HAL_RTC_WaitForSynchro
 .text.RTC_EnterInitMode
                0x08002720       0x38 Drivers/STM32L0xx_HAL_Driver/Src/stm32l0xx_hal_rtc.o
                0x08002720                RTC_EnterInitMode
 .text.HAL_RTC_Init
                0x08002758       0x94 Drivers/STM32L0xx_HAL_Driver/Src/stm32l0xx_hal_rtc.o
                0x08002758                HAL_RTC_Init
 .text.RTC_ByteToBcd2
                0x080027ec       0x16 Drivers/STM32L0xx_HAL_Driver/Src/stm32l0xx_hal_rtc.o
                0x080027ec                RTC_ByteToBcd2
 *fill*         0x08002802        0x2 
 .text.HAL_RTC_SetTime
                0x08002804       0xfc Drivers/STM32L0xx_HAL_Driver/Src/stm32l0xx_hal_rtc.o
                0x08002804                HAL_RTC_SetTime
 .text.HAL_RTC_SetDate
                0x08002900       0xe0 Drivers/STM32L0xx_HAL_Driver/Src/stm32l0xx_hal_rtc.o
                0x08002900                HAL_RTC_SetDate
 .text.RTC_Bcd2ToByte
                0x080029e0       0x10 Drivers/STM32L0xx_HAL_Driver/Src/stm32l0xx_hal_rtc.o
                0x080029e0                RTC_Bcd2ToByte
 .text.HAL_RTC_GetTime
                0x080029f0       0x54 Drivers/STM32L0xx_HAL_Driver/Src/stm32l0xx_hal_rtc.o
                0x080029f0                HAL_RTC_GetTime
 .text.HAL_RTC_GetDate
                0x08002a44       0x44 Drivers/STM32L0xx_HAL_Driver/Src/stm32l0xx_hal_rtc.o
                0x08002a44                HAL_RTC_GetDate
 .text.HAL_RTCEx_SetWakeUpTimer_IT
                0x08002a88       0xf8 Drivers/STM32L0xx_HAL_Driver/Src/stm32l0xx_hal_rtc_ex.o
                0x08002a88                HAL_RTCEx_SetWakeUpTimer_IT
 .text.HAL_RTCEx_DeactivateWakeUpTimer
                0x08002b80       0x78 Drivers/STM32L0xx_HAL_Driver/Src/stm32l0xx_hal_rtc_ex.o
                0x08002b80                HAL_RTCEx_DeactivateWakeUpTimer
 .text.HAL_RTCEx_WakeUpTimerEventCallback
                0x08002bf8        0x2 Drivers/STM32L0xx_HAL_Driver/Src/stm32l0xx_hal_rtc_ex.o
                0x08002bf8                HAL_RTCEx_WakeUpTimerEventCallback
 *fill*         0x08002bfa        0x2 
 .text.HAL_RTCEx_WakeUpTimerIRQHandler
                0x08002bfc       0x34 Drivers/STM32L0xx_HAL_Driver/Src/stm32l0xx_hal_rtc_ex.o
                0x08002bfc                HAL_RTCEx_WakeUpTimerIRQHandler
 .text.SPI_WaitOnFlagUntilTimeout
                0x08002c30       0x98 Drivers/STM32L0xx_HAL_Driver/Src/stm32l0xx_hal_spi.o
 .text.HAL_SPI_Init
                0x08002cc8       0x80 Drivers/STM32L0xx_HAL_Driver/Src/stm32l0xx_hal_spi.o
                0x08002cc8                HAL_SPI_Init
 .text.HAL_SPI_Transmit
                0x08002d48      0x184 Drivers/STM32L0xx_HAL_Driver/Src/stm32l0xx_hal_spi.o
                0x08002d48                HAL_SPI_Transmit
 .text.TIM_Base_SetConfig
                0x08002ecc       0x68 Drivers/STM32L0xx_HAL_Driver/Src/stm32l0xx_hal_tim.o
 .text.HAL_TIM_Encoder_Init
                0x08002f34       0x90 Drivers/STM32L0xx_HAL_Driver/Src/stm32l0xx_hal_tim.o
                0x08002f34                HAL_TIM_Encoder_Init
 .text.HAL_TIM_Encoder_Start
                0x08002fc4       0x40 Drivers/STM32L0xx_HAL_Driver/Src/stm32l0xx_hal_tim.o
                0x08002fc4                HAL_TIM_Encoder_Start
 .text.HAL_TIM_OC_DelayElapsedCallback
                0x08003004        0x2 Drivers/STM32L0xx_HAL_Driver/Src/stm32l0xx_hal_tim.o
                0x08003004                HAL_TIM_OC_DelayElapsedCallback
 .text.HAL_TIM_IC_CaptureCallback
                0x08003006        0x2 Drivers/STM32L0xx_HAL_Driver/Src/stm32l0xx_hal_tim.o
                0x08003006                HAL_TIM_IC_CaptureCallback
 .text.HAL_TIM_PWM_PulseFinishedCallback
                0x08003008        0x2 Drivers/STM32L0xx_HAL_Driver/Src/stm32l0xx_hal_tim.o
                0x08003008                HAL_TIM_PWM_PulseFinishedCallback
 .text.HAL_TIM_TriggerCallback
                0x0800300a        0x2 Drivers/STM32L0xx_HAL_Driver/Src/stm32l0xx_hal_tim.o
                0x0800300a                HAL_TIM_TriggerCallback
 .text.HAL_TIM_IRQHandler
                0x0800300c      0x110 Drivers/STM32L0xx_HAL_Driver/Src/stm32l0xx_hal_tim.o
                0x0800300c                HAL_TIM_IRQHandler
 .text.HAL_TIMEx_MasterConfigSynchronization
                0x0800311c       0x42 Drivers/STM32L0xx_HAL_Driver/Src/stm32l0xx_hal_tim_ex.o
                0x0800311c                HAL_TIMEx_MasterConfigSynchronization
 .text.USBD_CDC_DataIn
                0x0800315e       0x16 Middlewares/ST/STM32_USB_Device_Library/Class/CDC/Src/usbd_cdc.o
 .text.USBD_CDC_EP0_RxReady
                0x08003174       0x30 Middlewares/ST/STM32_USB_Device_Library/Class/CDC/Src/usbd_cdc.o
 .text.USBD_CDC_GetFSCfgDesc
                0x080031a4        0xc Middlewares/ST/STM32_USB_Device_Library/Class/CDC/Src/usbd_cdc.o
 .text.USBD_CDC_GetHSCfgDesc
                0x080031b0       0x10 Middlewares/ST/STM32_USB_Device_Library/Class/CDC/Src/usbd_cdc.o
 .text.USBD_CDC_GetOtherSpeedCfgDesc
                0x080031c0       0x10 Middlewares/ST/STM32_USB_Device_Library/Class/CDC/Src/usbd_cdc.o
 .text.USBD_CDC_GetDeviceQualifierDescriptor
                0x080031d0       0x10 Middlewares/ST/STM32_USB_Device_Library/Class/CDC/Src/usbd_cdc.o
                0x080031d0                USBD_CDC_GetDeviceQualifierDescriptor
 .text.USBD_CDC_DataOut
                0x080031e0       0x34 Middlewares/ST/STM32_USB_Device_Library/Class/CDC/Src/usbd_cdc.o
 .text.USBD_CDC_Setup
                0x08003214       0x78 Middlewares/ST/STM32_USB_Device_Library/Class/CDC/Src/usbd_cdc.o
 .text.USBD_CDC_DeInit
                0x0800328c       0x3c Middlewares/ST/STM32_USB_Device_Library/Class/CDC/Src/usbd_cdc.o
 .text.USBD_CDC_Init
                0x080032c8       0x90 Middlewares/ST/STM32_USB_Device_Library/Class/CDC/Src/usbd_cdc.o
 .text.USBD_CDC_RegisterInterface
                0x08003358       0x12 Middlewares/ST/STM32_USB_Device_Library/Class/CDC/Src/usbd_cdc.o
                0x08003358                USBD_CDC_RegisterInterface
 .text.USBD_CDC_SetTxBuffer
                0x0800336a       0x16 Middlewares/ST/STM32_USB_Device_Library/Class/CDC/Src/usbd_cdc.o
                0x0800336a                USBD_CDC_SetTxBuffer
 .text.USBD_CDC_SetRxBuffer
                0x08003380        0xe Middlewares/ST/STM32_USB_Device_Library/Class/CDC/Src/usbd_cdc.o
                0x08003380                USBD_CDC_SetRxBuffer
 .text.USBD_CDC_TransmitPacket
                0x0800338e       0x36 Middlewares/ST/STM32_USB_Device_Library/Class/CDC/Src/usbd_cdc.o
                0x0800338e                USBD_CDC_TransmitPacket
 .text.USBD_CDC_ReceivePacket
                0x080033c4       0x38 Middlewares/ST/STM32_USB_Device_Library/Class/CDC/Src/usbd_cdc.o
                0x080033c4                USBD_CDC_ReceivePacket
 .text.USBD_Init
                0x080033fc       0x34 Middlewares/ST/STM32_USB_Device_Library/Core/Src/usbd_core.o
                0x080033fc                USBD_Init
 .text.USBD_RegisterClass
                0x08003430       0x12 Middlewares/ST/STM32_USB_Device_Library/Core/Src/usbd_core.o
                0x08003430                USBD_RegisterClass
 .text.USBD_Start
                0x08003442        0xa Middlewares/ST/STM32_USB_Device_Library/Core/Src/usbd_core.o
                0x08003442                USBD_Start
 .text.USBD_SetClassConfig
                0x0800344c       0x1a Middlewares/ST/STM32_USB_Device_Library/Core/Src/usbd_core.o
                0x0800344c                USBD_SetClassConfig
 .text.USBD_ClrClassConfig
                0x08003466       0x10 Middlewares/ST/STM32_USB_Device_Library/Core/Src/usbd_core.o
                0x08003466                USBD_ClrClassConfig
 *fill*         0x08003476        0x2 
 .text.USBD_LL_SetupStage
                0x08003478       0x68 Middlewares/ST/STM32_USB_Device_Library/Core/Src/usbd_core.o
                0x08003478                USBD_LL_SetupStage
 .text.USBD_LL_DataOutStage
                0x080034e0       0x74 Middlewares/ST/STM32_USB_Device_Library/Core/Src/usbd_core.o
                0x080034e0                USBD_LL_DataOutStage
 .text.USBD_LL_DataInStage
                0x08003554       0xac Middlewares/ST/STM32_USB_Device_Library/Core/Src/usbd_core.o
                0x08003554                USBD_LL_DataInStage
 .text.USBD_LL_Reset
                0x08003600       0x46 Middlewares/ST/STM32_USB_Device_Library/Core/Src/usbd_core.o
                0x08003600                USBD_LL_Reset
 .text.USBD_LL_SetSpeed
                0x08003646        0x6 Middlewares/ST/STM32_USB_Device_Library/Core/Src/usbd_core.o
                0x08003646                USBD_LL_SetSpeed
 .text.USBD_LL_Suspend
                0x0800364c       0x16 Middlewares/ST/STM32_USB_Device_Library/Core/Src/usbd_core.o
                0x0800364c                USBD_LL_Suspend
 .text.USBD_LL_Resume
                0x08003662        0xe Middlewares/ST/STM32_USB_Device_Library/Core/Src/usbd_core.o
                0x08003662                USBD_LL_Resume
 .text.USBD_LL_SOF
                0x08003670       0x1e Middlewares/ST/STM32_USB_Device_Library/Core/Src/usbd_core.o
                0x08003670                USBD_LL_SOF
 .text.USBD_ParseSetupRequest
                0x0800368e       0x28 Middlewares/ST/STM32_USB_Device_Library/Core/Src/usbd_ctlreq.o
                0x0800368e                USBD_ParseSetupRequest
 .text.USBD_CtlError
                0x080036b6       0x14 Middlewares/ST/STM32_USB_Device_Library/Core/Src/usbd_ctlreq.o
                0x080036b6                USBD_CtlError
 *fill*         0x080036ca        0x2 
 .text.USBD_StdDevReq
                0x080036cc      0x23c Middlewares/ST/STM32_USB_Device_Library/Core/Src/usbd_ctlreq.o
                0x080036cc                USBD_StdDevReq
 .text.USBD_StdItfReq
                0x08003908       0x3a Middlewares/ST/STM32_USB_Device_Library/Core/Src/usbd_ctlreq.o
                0x08003908                USBD_StdItfReq
 .text.USBD_StdEPReq
                0x08003942       0xe0 Middlewares/ST/STM32_USB_Device_Library/Core/Src/usbd_ctlreq.o
                0x08003942                USBD_StdEPReq
 .text.USBD_GetString
                0x08003a22       0x3c Middlewares/ST/STM32_USB_Device_Library/Core/Src/usbd_ctlreq.o
                0x08003a22                USBD_GetString
 .text.USBD_CtlSendData
                0x08003a5e       0x1c Middlewares/ST/STM32_USB_Device_Library/Core/Src/usbd_ioreq.o
                0x08003a5e                USBD_CtlSendData
 .text.USBD_CtlContinueSendData
                0x08003a7a       0x10 Middlewares/ST/STM32_USB_Device_Library/Core/Src/usbd_ioreq.o
                0x08003a7a                USBD_CtlContinueSendData
 .text.USBD_CtlPrepareRx
                0x08003a8a       0x20 Middlewares/ST/STM32_USB_Device_Library/Core/Src/usbd_ioreq.o
                0x08003a8a                USBD_CtlPrepareRx
 .text.USBD_CtlContinueRx
                0x08003aaa       0x10 Middlewares/ST/STM32_USB_Device_Library/Core/Src/usbd_ioreq.o
                0x08003aaa                USBD_CtlContinueRx
 .text.USBD_CtlSendStatus
                0x08003aba       0x18 Middlewares/ST/STM32_USB_Device_Library/Core/Src/usbd_ioreq.o
                0x08003aba                USBD_CtlSendStatus
 .text.USBD_CtlReceiveStatus
                0x08003ad2       0x18 Middlewares/ST/STM32_USB_Device_Library/Core/Src/usbd_ioreq.o
                0x08003ad2                USBD_CtlReceiveStatus
 *fill*         0x08003aea        0x2 
 .text.MX_ADC_Init
                0x08003aec       0x70 Src/adc.o
                0x08003aec                MX_ADC_Init
 .text.HAL_ADC_MspInit
                0x08003b5c       0x3c Src/adc.o
                0x08003b5c                HAL_ADC_MspInit
 .text.MX_GPIO_Init
                0x08003b98      0x114 Src/gpio.o
                0x08003b98                MX_GPIO_Init
 .text.MX_I2C1_Init
                0x08003cac       0x4c Src/i2c.o
                0x08003cac                MX_I2C1_Init
 .text.HAL_I2C_MspInit
                0x08003cf8       0x40 Src/i2c.o
                0x08003cf8                HAL_I2C_MspInit
 .text.Error_Handler
                0x08003d38       0x12 Src/main.o
                0x08003d38                Error_Handler
 *fill*         0x08003d4a        0x2 
 .text.SystemClock_Config
                0x08003d4c       0xa0 Src/main.o
                0x08003d4c                SystemClock_Config
 .text.startup.main
                0x08003dec      0x5bc Src/main.o
                0x08003dec                main
 .text.MX_RTC_Init
                0x080043a8       0x90 Src/rtc.o
                0x080043a8                MX_RTC_Init
 .text.HAL_RTC_MspInit
                0x08004438       0x30 Src/rtc.o
                0x08004438                HAL_RTC_MspInit
 .text.MX_SPI1_Init
                0x08004468       0x44 Src/spi.o
                0x08004468                MX_SPI1_Init
 .text.HAL_SPI_MspInit
                0x080044ac       0x40 Src/spi.o
                0x080044ac                HAL_SPI_MspInit
 .text.HAL_MspInit
                0x080044ec       0x40 Src/stm32l0xx_hal_msp.o
                0x080044ec                HAL_MspInit
 .text.NMI_Handler
                0x0800452c        0x2 Src/stm32l0xx_it.o
                0x0800452c                NMI_Handler
 .text.HardFault_Handler
                0x0800452e        0x2 Src/stm32l0xx_it.o
                0x0800452e                HardFault_Handler
 .text.SVC_Handler
                0x08004530        0x2 Src/stm32l0xx_it.o
                0x08004530                SVC_Handler
 .text.PendSV_Handler
                0x08004532        0x2 Src/stm32l0xx_it.o
                0x08004532                PendSV_Handler
 .text.SysTick_Handler
                0x08004534        0xc Src/stm32l0xx_it.o
                0x08004534                SysTick_Handler
 .text.RTC_IRQHandler
                0x08004540       0x10 Src/stm32l0xx_it.o
                0x08004540                RTC_IRQHandler
 .text.TIM21_IRQHandler
                0x08004550       0x10 Src/stm32l0xx_it.o
                0x08004550                TIM21_IRQHandler
 .text.USB_IRQHandler
                0x08004560       0x10 Src/stm32l0xx_it.o
                0x08004560                USB_IRQHandler
 .text.SystemInit
                0x08004570       0x5c Src/system_stm32l0xx.o
                0x08004570                SystemInit
 .text.MX_TIM22_Init
                0x080045cc       0x60 Src/tim.o
                0x080045cc                MX_TIM22_Init
 .text.HAL_TIM_Encoder_MspInit
                0x0800462c       0x40 Src/tim.o
                0x0800462c                HAL_TIM_Encoder_MspInit
 .text.MX_USB_DEVICE_Init
                0x0800466c       0x38 Src/usb_device.o
                0x0800466c                MX_USB_DEVICE_Init
 .text.CDC_DeInit_FS
                0x080046a4        0x4 Src/usbd_cdc_if.o
 .text.CDC_Control_FS
                0x080046a8        0x4 Src/usbd_cdc_if.o
 .text.CDC_Receive_FS
                0x080046ac       0x1c Src/usbd_cdc_if.o
 .text.CDC_Init_FS
                0x080046c8       0x28 Src/usbd_cdc_if.o
 .text.CDC_Transmit_FS
                0x080046f0       0x2c Src/usbd_cdc_if.o
                0x080046f0                CDC_Transmit_FS
 .text.HAL_PCD_MspInit
                0x0800471c       0x30 Src/usbd_conf.o
                0x0800471c                HAL_PCD_MspInit
 .text.HAL_PCD_SetupStageCallback
                0x0800474c       0x14 Src/usbd_conf.o
                0x0800474c                HAL_PCD_SetupStageCallback
 .text.HAL_PCD_DataOutStageCallback
                0x08004760       0x18 Src/usbd_conf.o
                0x08004760                HAL_PCD_DataOutStageCallback
 .text.HAL_PCD_DataInStageCallback
                0x08004778       0x16 Src/usbd_conf.o
                0x08004778                HAL_PCD_DataInStageCallback
 .text.HAL_PCD_SOFCallback
                0x0800478e        0xe Src/usbd_conf.o
                0x0800478e                HAL_PCD_SOFCallback
 .text.HAL_PCD_ResetCallback
                0x0800479c       0x18 Src/usbd_conf.o
                0x0800479c                HAL_PCD_ResetCallback
 .text.HAL_PCD_SuspendCallback
                0x080047b4       0x24 Src/usbd_conf.o
                0x080047b4                HAL_PCD_SuspendCallback
 .text.HAL_PCD_ResumeCallback
                0x080047d8       0x28 Src/usbd_conf.o
                0x080047d8                HAL_PCD_ResumeCallback
 .text.USBD_LL_Init
                0x08004800       0x84 Src/usbd_conf.o
                0x08004800                USBD_LL_Init
 .text.USBD_LL_Start
                0x08004884       0x20 Src/usbd_conf.o
                0x08004884                USBD_LL_Start
 .text.USBD_LL_OpenEP
                0x080048a4       0x24 Src/usbd_conf.o
                0x080048a4                USBD_LL_OpenEP
 .text.USBD_LL_CloseEP
                0x080048c8       0x20 Src/usbd_conf.o
                0x080048c8                USBD_LL_CloseEP
 .text.USBD_LL_StallEP
                0x080048e8       0x20 Src/usbd_conf.o
                0x080048e8                USBD_LL_StallEP
 .text.USBD_LL_ClearStallEP
                0x08004908       0x20 Src/usbd_conf.o
                0x08004908                USBD_LL_ClearStallEP
 .text.USBD_LL_IsStallEP
                0x08004928       0x26 Src/usbd_conf.o
                0x08004928                USBD_LL_IsStallEP
 *fill*         0x0800494e        0x2 
 .text.USBD_LL_SetUSBAddress
                0x08004950       0x20 Src/usbd_conf.o
                0x08004950                USBD_LL_SetUSBAddress
 .text.USBD_LL_Transmit
                0x08004970       0x20 Src/usbd_conf.o
                0x08004970                USBD_LL_Transmit
 .text.USBD_LL_PrepareReceive
                0x08004990       0x20 Src/usbd_conf.o
                0x08004990                USBD_LL_PrepareReceive
 .text.USBD_LL_GetRxDataSize
                0x080049b0        0xe Src/usbd_conf.o
                0x080049b0                USBD_LL_GetRxDataSize
 *fill*         0x080049be        0x2 
 .text.USBD_static_malloc
                0x080049c0        0x8 Src/usbd_conf.o
                0x080049c0                USBD_static_malloc
 .text.USBD_static_free
                0x080049c8        0x2 Src/usbd_conf.o
                0x080049c8                USBD_static_free
 *fill*         0x080049ca        0x2 
 .text.USBD_FS_DeviceDescriptor
                0x080049cc        0xc Src/usbd_desc.o
                0x080049cc                USBD_FS_DeviceDescriptor
 .text.USBD_FS_LangIDStrDescriptor
                0x080049d8       0x10 Src/usbd_desc.o
                0x080049d8                USBD_FS_LangIDStrDescriptor
 .text.USBD_FS_ManufacturerStrDescriptor
                0x080049e8       0x1c Src/usbd_desc.o
                0x080049e8                USBD_FS_ManufacturerStrDescriptor
 .text.USBD_FS_ProductStrDescriptor
                0x08004a04       0x1c Src/usbd_desc.o
                0x08004a04                USBD_FS_ProductStrDescriptor
 .text.USBD_FS_SerialStrDescriptor
                0x08004a20       0x1c Src/usbd_desc.o
                0x08004a20                USBD_FS_SerialStrDescriptor
 .text.USBD_FS_ConfigStrDescriptor
                0x08004a3c       0x1c Src/usbd_desc.o
                0x08004a3c                USBD_FS_ConfigStrDescriptor
 .text.USBD_FS_InterfaceStrDescriptor
                0x08004a58       0x1c Src/usbd_desc.o
                0x08004a58                USBD_FS_InterfaceStrDescriptor
 .text.i2c_write
                0x08004a74       0x24 Src/module/BME280.o
                0x08004a74                i2c_write
 .text.i2c_read
                0x08004a98       0x24 Src/module/BME280.o
                0x08004a98                i2c_read
 .text.BME280_initialize
                0x08004abc      0x1a0 Src/module/BME280.o
                0x08004abc                BME280_initialize
 .text.BME280_init
                0x08004c5c       0x18 Src/module/BME280.o
                0x08004c5c                BME280_init
 .text.BME280_getTemperature
                0x08004c74       0x70 Src/module/BME280.o
                0x08004c74                BME280_getTemperature
 .text.BME280_getPressure
                0x08004ce4      0x104 Src/module/BME280.o
                0x08004ce4                BME280_getPressure
 .text.BME280_getHumidity
                0x08004de8       0xc0 Src/module/BME280.o
                0x08004de8                BME280_getHumidity
 .text.fill_comparer
                0x08004ea8        0xc Src/module/Time.o
                0x08004ea8                fill_comparer
 .text.wr_cmd   0x08004eb4       0x3c Src/module/lcd_12864.o
                0x08004eb4                wr_cmd
 .text.wr_dat   0x08004ef0       0x3c Src/module/lcd_12864.o
                0x08004ef0                wr_dat
 .text.copy_to_lcd
                0x08004f2c      0x1a0 Src/module/lcd_12864.o
                0x08004f2c                copy_to_lcd
 .text.lcd_reset
                0x080050cc       0xcc Src/module/lcd_12864.o
                0x080050cc                lcd_reset
 .text.lcd12864_init
                0x08005198       0x38 Src/module/lcd_12864.o
                0x08005198                lcd12864_init
 .text.columns  0x080051d0       0x1c Src/module/lcd_12864.o
                0x080051d0                columns
 .text.rows     0x080051ec       0x1c Src/module/lcd_12864.o
                0x080051ec                rows
 .text.lcd_setCharPos
                0x08005208       0x40 Src/module/lcd_12864.o
                0x08005208                lcd_setCharPos
 .text.lcd_clear
                0x08005248       0x18 Src/module/lcd_12864.o
                0x08005248                lcd_clear
 .text.char_magnitude
                0x08005260       0x20 Src/module/lcd_12864.o
                0x08005260                char_magnitude
 .text.pixel    0x08005280       0x4c Src/module/lcd_12864.o
                0x08005280                pixel
 .text.line_clear
                0x080052cc       0x3c Src/module/lcd_12864.o
                0x080052cc                line_clear
 .text.character
                0x08005308      0x164 Src/module/lcd_12864.o
                0x08005308                character
 .text._putc    0x0800546c       0x60 Src/module/lcd_12864.o
                0x0800546c                _putc
 .text.lcd_printString
                0x080054cc       0x22 Src/module/lcd_12864.o
                0x080054cc                lcd_printString
 *fill*         0x080054ee        0x2 
 .text.line     0x080054f0       0xb8 Src/module/lcd_12864.o
                0x080054f0                line
 .text.checkButtons
                0x080055a8       0x44 Src/module/peripherals.o
                0x080055a8                checkButtons
 .text.togleLED
                0x080055ec       0x24 Src/module/peripherals.o
                0x080055ec                togleLED
 .text.RTC_TimeShow
                0x08005610       0x28 Src/module/rtc_api.o
                0x08005610                RTC_TimeShow
 .text.RTC_DateShow
                0x08005638       0x28 Src/module/rtc_api.o
                0x08005638                RTC_DateShow
 .text.SPI_writeByte
                0x08005660       0x1e Src/module/spi_com.o
                0x08005660                SPI_writeByte
 *fill*         0x0800567e        0x2 
 .text.HAL_TIM_PeriodElapsedCallback
                0x08005680       0x10 Src/module/waiter.o
                0x08005680                HAL_TIM_PeriodElapsedCallback
 .text.__libc_init_array
                0x08005690       0x4c /home/jakub/programs/AC6/plugins/fr.ac6.mcu.externaltools.arm-none.linux64_1.13.1.201703061524/tools/compiler/bin/../lib/gcc/arm-none-eabi/5.4.1/../../../../arm-none-eabi/lib/armv6-m/libc_nano.a(lib_a-init.o)
                0x08005690                __libc_init_array
 .text.memset   0x080056dc       0x10 /home/jakub/programs/AC6/plugins/fr.ac6.mcu.externaltools.arm-none.linux64_1.13.1.201703061524/tools/compiler/bin/../lib/gcc/arm-none-eabi/5.4.1/../../../../arm-none-eabi/lib/armv6-m/libc_nano.a(lib_a-memset.o)
                0x080056dc                memset
 .text.snprintf
                0x080056ec       0x64 /home/jakub/programs/AC6/plugins/fr.ac6.mcu.externaltools.arm-none.linux64_1.13.1.201703061524/tools/compiler/bin/../lib/gcc/arm-none-eabi/5.4.1/../../../../arm-none-eabi/lib/armv6-m/libc_nano.a(lib_a-snprintf.o)
                0x080056ec                snprintf
                0x080056ec                sniprintf
 .text.sprintf  0x08005750       0x44 /home/jakub/programs/AC6/plugins/fr.ac6.mcu.externaltools.arm-none.linux64_1.13.1.201703061524/tools/compiler/bin/../lib/gcc/arm-none-eabi/5.4.1/../../../../arm-none-eabi/lib/armv6-m/libc_nano.a(lib_a-sprintf.o)
                0x08005750                sprintf
                0x08005750                siprintf
 .text.strcpy   0x08005794       0x10 /home/jakub/programs/AC6/plugins/fr.ac6.mcu.externaltools.arm-none.linux64_1.13.1.201703061524/tools/compiler/bin/../lib/gcc/arm-none-eabi/5.4.1/../../../../arm-none-eabi/lib/armv6-m/libc_nano.a(lib_a-strcpy.o)
                0x08005794                strcpy
 .text.__ssputs_r
                0x080057a4       0xc4 /home/jakub/programs/AC6/plugins/fr.ac6.mcu.externaltools.arm-none.linux64_1.13.1.201703061524/tools/compiler/bin/../lib/gcc/arm-none-eabi/5.4.1/../../../../arm-none-eabi/lib/armv6-m/libc_nano.a(lib_a-nano-svfprintf.o)
                0x080057a4                __ssputs_r
 .text._svfprintf_r
                0x08005868      0x1fc /home/jakub/programs/AC6/plugins/fr.ac6.mcu.externaltools.arm-none.linux64_1.13.1.201703061524/tools/compiler/bin/../lib/gcc/arm-none-eabi/5.4.1/../../../../arm-none-eabi/lib/armv6-m/libc_nano.a(lib_a-nano-svfprintf.o)
                0x08005868                _svfprintf_r
                0x08005868                _svfiprintf_r
 .text._printf_common
                0x08005a64       0xdc /home/jakub/programs/AC6/plugins/fr.ac6.mcu.externaltools.arm-none.linux64_1.13.1.201703061524/tools/compiler/bin/../lib/gcc/arm-none-eabi/5.4.1/../../../../arm-none-eabi/lib/armv6-m/libc_nano.a(lib_a-nano-vfprintf_i.o)
                0x08005a64                _printf_common
 .text._printf_i
                0x08005b40      0x244 /home/jakub/programs/AC6/plugins/fr.ac6.mcu.externaltools.arm-none.linux64_1.13.1.201703061524/tools/compiler/bin/../lib/gcc/arm-none-eabi/5.4.1/../../../../arm-none-eabi/lib/armv6-m/libc_nano.a(lib_a-nano-vfprintf_i.o)
                0x08005b40                _printf_i
 .text.memchr   0x08005d84       0x16 /home/jakub/programs/AC6/plugins/fr.ac6.mcu.externaltools.arm-none.linux64_1.13.1.201703061524/tools/compiler/bin/../lib/gcc/arm-none-eabi/5.4.1/../../../../arm-none-eabi/lib/armv6-m/libc_nano.a(lib_a-memchr-stub.o)
                0x08005d84                memchr
 .text.memcpy   0x08005d9a       0x12 /home/jakub/programs/AC6/plugins/fr.ac6.mcu.externaltools.arm-none.linux64_1.13.1.201703061524/tools/compiler/bin/../lib/gcc/arm-none-eabi/5.4.1/../../../../arm-none-eabi/lib/armv6-m/libc_nano.a(lib_a-memcpy-stub.o)
                0x08005d9a                memcpy
 .text.memmove  0x08005dac       0x2a /home/jakub/programs/AC6/plugins/fr.ac6.mcu.externaltools.arm-none.linux64_1.13.1.201703061524/tools/compiler/bin/../lib/gcc/arm-none-eabi/5.4.1/../../../../arm-none-eabi/lib/armv6-m/libc_nano.a(lib_a-memmove.o)
                0x08005dac                memmove
 *fill*         0x08005dd6        0x2 
 .text._free_r  0x08005dd8       0x98 /home/jakub/programs/AC6/plugins/fr.ac6.mcu.externaltools.arm-none.linux64_1.13.1.201703061524/tools/compiler/bin/../lib/gcc/arm-none-eabi/5.4.1/../../../../arm-none-eabi/lib/armv6-m/libc_nano.a(lib_a-nano-freer.o)
                0x08005dd8                _free_r
 .text._malloc_r
                0x08005e70       0xc0 /home/jakub/programs/AC6/plugins/fr.ac6.mcu.externaltools.arm-none.linux64_1.13.1.201703061524/tools/compiler/bin/../lib/gcc/arm-none-eabi/5.4.1/../../../../arm-none-eabi/lib/armv6-m/libc_nano.a(lib_a-nano-mallocr.o)
                0x08005e70                _malloc_r
 .text._realloc_r
                0x08005f30       0x4c /home/jakub/programs/AC6/plugins/fr.ac6.mcu.externaltools.arm-none.linux64_1.13.1.201703061524/tools/compiler/bin/../lib/gcc/arm-none-eabi/5.4.1/../../../../arm-none-eabi/lib/armv6-m/libc_nano.a(lib_a-nano-reallocr.o)
                0x08005f30                _realloc_r
 .text._sbrk_r  0x08005f7c       0x24 /home/jakub/programs/AC6/plugins/fr.ac6.mcu.externaltools.arm-none.linux64_1.13.1.201703061524/tools/compiler/bin/../lib/gcc/arm-none-eabi/5.4.1/../../../../arm-none-eabi/lib/armv6-m/libc_nano.a(lib_a-sbrkr.o)
                0x08005f7c                _sbrk_r
 .text.__malloc_lock
                0x08005fa0        0x2 /home/jakub/programs/AC6/plugins/fr.ac6.mcu.externaltools.arm-none.linux64_1.13.1.201703061524/tools/compiler/bin/../lib/gcc/arm-none-eabi/5.4.1/../../../../arm-none-eabi/lib/armv6-m/libc_nano.a(lib_a-mlock.o)
                0x08005fa0                __malloc_lock
 .text.__malloc_unlock
                0x08005fa2        0x2 /home/jakub/programs/AC6/plugins/fr.ac6.mcu.externaltools.arm-none.linux64_1.13.1.201703061524/tools/compiler/bin/../lib/gcc/arm-none-eabi/5.4.1/../../../../arm-none-eabi/lib/armv6-m/libc_nano.a(lib_a-mlock.o)
                0x08005fa2                __malloc_unlock
 .text._malloc_usable_size_r
                0x08005fa4       0x16 /home/jakub/programs/AC6/plugins/fr.ac6.mcu.externaltools.arm-none.linux64_1.13.1.201703061524/tools/compiler/bin/../lib/gcc/arm-none-eabi/5.4.1/../../../../arm-none-eabi/lib/armv6-m/libc_nano.a(lib_a-nano-msizer.o)
                0x08005fa4                _malloc_usable_size_r
 *fill*         0x08005fba        0x2 
 .text._sbrk    0x08005fbc       0x1c /home/jakub/programs/AC6/plugins/fr.ac6.mcu.externaltools.arm-none.linux64_1.13.1.201703061524/tools/compiler/bin/../lib/gcc/arm-none-eabi/5.4.1/../../../../arm-none-eabi/lib/armv6-m/libnosys.a(sbrk.o)
                0x08005fbc                _sbrk
 *(.glue_7)
 .glue_7        0x08005fd8        0x0 linker stubs
 *(.glue_7t)
 .glue_7t       0x08005fd8        0x0 linker stubs
 *(.eh_frame)
 .eh_frame      0x08005fd8        0x0 /home/jakub/programs/AC6/plugins/fr.ac6.mcu.externaltools.arm-none.linux64_1.13.1.201703061524/tools/compiler/bin/../lib/gcc/arm-none-eabi/5.4.1/armv6-m/crtbegin.o
 *(.init)
 .init          0x08005fd8        0x4 /home/jakub/programs/AC6/plugins/fr.ac6.mcu.externaltools.arm-none.linux64_1.13.1.201703061524/tools/compiler/bin/../lib/gcc/arm-none-eabi/5.4.1/armv6-m/crti.o
                0x08005fd8                _init
 .init          0x08005fdc        0x8 /home/jakub/programs/AC6/plugins/fr.ac6.mcu.externaltools.arm-none.linux64_1.13.1.201703061524/tools/compiler/bin/../lib/gcc/arm-none-eabi/5.4.1/armv6-m/crtn.o
 *(.fini)
 .fini          0x08005fe4        0x4 /home/jakub/programs/AC6/plugins/fr.ac6.mcu.externaltools.arm-none.linux64_1.13.1.201703061524/tools/compiler/bin/../lib/gcc/arm-none-eabi/5.4.1/armv6-m/crti.o
                0x08005fe4                _fini
 .fini          0x08005fe8        0x8 /home/jakub/programs/AC6/plugins/fr.ac6.mcu.externaltools.arm-none.linux64_1.13.1.201703061524/tools/compiler/bin/../lib/gcc/arm-none-eabi/5.4.1/armv6-m/crtn.o
                0x08005ff0                . = ALIGN (0x4)
                0x08005ff0                _etext = .

.vfp11_veneer   0x08005ff0        0x0
 .vfp11_veneer  0x08005ff0        0x0 linker stubs

.v4_bx          0x08005ff0        0x0
 .v4_bx         0x08005ff0        0x0 linker stubs

.iplt           0x08005ff0        0x0
 .iplt          0x08005ff0        0x0 /home/jakub/programs/AC6/plugins/fr.ac6.mcu.externaltools.arm-none.linux64_1.13.1.201703061524/tools/compiler/bin/../lib/gcc/arm-none-eabi/5.4.1/armv6-m/crtbegin.o

.rodata         0x08005ff0      0x198
                0x08005ff0                . = ALIGN (0x4)
 *(.rodata)
 .rodata        0x08005ff0       0x21 Src/system_stm32l0xx.o
                0x08005ff0                PLLMulTable
                0x08005ff9                AHBPrescTable
                0x08006009                APBPrescTable
 .rodata        0x08006011        0x4 Src/usbd_conf.o
 *(.rodata*)
 .rodata.str1.1
                0x08006015       0xbf Src/main.o
 .rodata.str1.1
                0x080060d4       0x4f Src/usbd_desc.o
 .rodata.str1.1
                0x08006123       0x2f Src/module/rtc_api.o
                                 0x3e (size before relaxing)
 .rodata.str1.1
                0x08006152       0x11 /home/jakub/programs/AC6/plugins/fr.ac6.mcu.externaltools.arm-none.linux64_1.13.1.201703061524/tools/compiler/bin/../lib/gcc/arm-none-eabi/5.4.1/../../../../arm-none-eabi/lib/armv6-m/libc_nano.a(lib_a-nano-svfprintf.o)
 .rodata.str1.1
                0x08006163       0x22 /home/jakub/programs/AC6/plugins/fr.ac6.mcu.externaltools.arm-none.linux64_1.13.1.201703061524/tools/compiler/bin/../lib/gcc/arm-none-eabi/5.4.1/../../../../arm-none-eabi/lib/armv6-m/libc_nano.a(lib_a-nano-vfprintf_i.o)
                0x08006188                . = ALIGN (0x4)
 *fill*         0x08006185        0x3 

.rel.dyn        0x08006188        0x0
 .rel.iplt      0x08006188        0x0 /home/jakub/programs/AC6/plugins/fr.ac6.mcu.externaltools.arm-none.linux64_1.13.1.201703061524/tools/compiler/bin/../lib/gcc/arm-none-eabi/5.4.1/armv6-m/crtbegin.o

.ARM.extab
 *(.ARM.extab* .gnu.linkonce.armextab.*)

.ARM            0x08006188        0x0
                0x08006188                __exidx_start = .
 *(.ARM.exidx*)
                0x08006188                __exidx_end = .

.preinit_array  0x08006188        0x0
                0x08006188                PROVIDE (__preinit_array_start, .)
 *(.preinit_array*)
                0x08006188                PROVIDE (__preinit_array_end, .)

.init_array     0x08006188        0x4
                0x08006188                PROVIDE (__init_array_start, .)
 *(SORT(.init_array.*))
 *(.init_array*)
 .init_array    0x08006188        0x4 /home/jakub/programs/AC6/plugins/fr.ac6.mcu.externaltools.arm-none.linux64_1.13.1.201703061524/tools/compiler/bin/../lib/gcc/arm-none-eabi/5.4.1/armv6-m/crtbegin.o
                0x0800618c                PROVIDE (__init_array_end, .)

.fini_array     0x0800618c        0x4
                [!provide]                PROVIDE (__fini_array_start, .)
 *(SORT(.fini_array.*))
 *(.fini_array*)
 .fini_array    0x0800618c        0x4 /home/jakub/programs/AC6/plugins/fr.ac6.mcu.externaltools.arm-none.linux64_1.13.1.201703061524/tools/compiler/bin/../lib/gcc/arm-none-eabi/5.4.1/armv6-m/crtbegin.o
                [!provide]                PROVIDE (__fini_array_end, .)
                0x08006190                _sidata = LOADADDR (.data)

.data           0x20000000      0x414 load address 0x08006190
                0x20000000                . = ALIGN (0x4)
                0x20000000                _sdata = .
 *(.data)
 .data          0x20000000      0x110 Middlewares/ST/STM32_USB_Device_Library/Class/CDC/Src/usbd_cdc.o
                0x20000000                USBD_CDC_CfgFSDesc
                0x20000044                USBD_CDC_CfgHSDesc
                0x20000088                USBD_CDC_OtherSpeedCfgDesc
                0x200000d8                USBD_CDC
 .data          0x20000110        0x4 Src/system_stm32l0xx.o
                0x20000110                SystemCoreClock
 .data          0x20000114       0x10 Src/usbd_cdc_if.o
                0x20000114                USBD_Interface_fops_FS
 .data          0x20000124       0x34 Src/usbd_desc.o
                0x20000124                USBD_FS_DeviceDesc
                0x20000138                USBD_LangIDDesc
                0x2000013c                FS_Desc
 .data          0x20000158      0x256 Src/module/lcd_12864.o
                0x20000158                font5x
 *(.data*)
 *fill*         0x200003ae        0x2 
 .data.impure_data
                0x200003b0       0x60 /home/jakub/programs/AC6/plugins/fr.ac6.mcu.externaltools.arm-none.linux64_1.13.1.201703061524/tools/compiler/bin/../lib/gcc/arm-none-eabi/5.4.1/../../../../arm-none-eabi/lib/armv6-m/libc_nano.a(lib_a-impure.o)
 .data._impure_ptr
                0x20000410        0x4 /home/jakub/programs/AC6/plugins/fr.ac6.mcu.externaltools.arm-none.linux64_1.13.1.201703061524/tools/compiler/bin/../lib/gcc/arm-none-eabi/5.4.1/../../../../arm-none-eabi/lib/armv6-m/libc_nano.a(lib_a-impure.o)
                0x20000410                _impure_ptr
                0x20000414                . = ALIGN (0x4)
                0x20000414                _edata = .

.jcr            0x20000414        0x0 load address 0x080065a4
 .jcr           0x20000414        0x0 /home/jakub/programs/AC6/plugins/fr.ac6.mcu.externaltools.arm-none.linux64_1.13.1.201703061524/tools/compiler/bin/../lib/gcc/arm-none-eabi/5.4.1/armv6-m/crtbegin.o

.igot.plt       0x20000414        0x0 load address 0x080065a4
 .igot.plt      0x20000414        0x0 /home/jakub/programs/AC6/plugins/fr.ac6.mcu.externaltools.arm-none.linux64_1.13.1.201703061524/tools/compiler/bin/../lib/gcc/arm-none-eabi/5.4.1/armv6-m/crtbegin.o
                0x20000414                . = ALIGN (0x4)

.bss            0x20000414      0xe84 load address 0x080065a4
                0x20000414                _sbss = .
                0x20000414                __bss_start__ = _sbss
 *(.bss)
 .bss           0x20000414       0x1c /home/jakub/programs/AC6/plugins/fr.ac6.mcu.externaltools.arm-none.linux64_1.13.1.201703061524/tools/compiler/bin/../lib/gcc/arm-none-eabi/5.4.1/armv6-m/crtbegin.o
 .bss           0x20000430        0x1 Middlewares/ST/STM32_USB_Device_Library/Class/CDC/Src/usbd_cdc.o
 .bss           0x20000431        0x1 Middlewares/ST/STM32_USB_Device_Library/Core/Src/usbd_ctlreq.o
 *fill*         0x20000432        0x2 
 .bss           0x20000434        0x8 Src/main.o
                0x20000438                citac
 .bss           0x2000043c      0x220 Src/usbd_conf.o
 *(.bss*)
 .bss.__malloc_sbrk_start
                0x2000065c        0x4 /home/jakub/programs/AC6/plugins/fr.ac6.mcu.externaltools.arm-none.linux64_1.13.1.201703061524/tools/compiler/bin/../lib/gcc/arm-none-eabi/5.4.1/../../../../arm-none-eabi/lib/armv6-m/libc_nano.a(lib_a-nano-mallocr.o)
                0x2000065c                __malloc_sbrk_start
 .bss.__malloc_free_list
                0x20000660        0x4 /home/jakub/programs/AC6/plugins/fr.ac6.mcu.externaltools.arm-none.linux64_1.13.1.201703061524/tools/compiler/bin/../lib/gcc/arm-none-eabi/5.4.1/../../../../arm-none-eabi/lib/armv6-m/libc_nano.a(lib_a-nano-mallocr.o)
                0x20000660                __malloc_free_list
 .bss.heap_end.4167
                0x20000664        0x4 /home/jakub/programs/AC6/plugins/fr.ac6.mcu.externaltools.arm-none.linux64_1.13.1.201703061524/tools/compiler/bin/../lib/gcc/arm-none-eabi/5.4.1/../../../../arm-none-eabi/lib/armv6-m/libnosys.a(sbrk.o)
 *(COMMON)
 COMMON         0x20000668        0x4 Drivers/STM32L0xx_HAL_Driver/Src/stm32l0xx_hal.o
                0x20000668                uwTick
 COMMON         0x2000066c       0x60 Src/adc.o
                0x2000066c                hadc
 COMMON         0x200006cc       0x3c Src/i2c.o
                0x200006cc                hi2c1
 COMMON         0x20000708      0x450 Src/main.o
                0x20000708                dig_P7
                0x2000070a                dig_T1
                0x2000070c                address
                0x20000710                font
                0x20000714                dig_H4
                0x20000716                dig_T2
                0x20000718                char_x
                0x2000071a                dig_H1
                0x2000071c                dig_P2
                0x2000071e                dig_P4
                0x20000720                dig_H6
                0x20000722                contrast
                0x20000723                buffer
                0x20000b24                dig_P5
                0x20000b26                auto_up
                0x20000b28                testing1
                0x20000b2c                lcd_width
                0x20000b2e                dig_P1
                0x20000b30                dig_P3
                0x20000b32                dig_P8
                0x20000b34                SlaveCounter
                0x20000b38                char_y
                0x20000b3a                dig_H5
                0x20000b3c                magnit
                0x20000b40                _BME_hi2c
                0x20000b44                dig_H3
                0x20000b46                flags
                0x20000b48                dig_P9
                0x20000b4a                dig_T3
                0x20000b4c                dig_P6
                0x20000b4e                dig_H2
                0x20000b50                lcd_height
                0x20000b54                t_fine
 COMMON         0x20000b58       0x24 Src/rtc.o
                0x20000b58                hrtc
 COMMON         0x20000b7c       0x58 Src/spi.o
                0x20000b7c                hspi1
 COMMON         0x20000bd4       0x70 Src/tim.o
                0x20000bd4                htim22
                0x20000c0c                htim21
 COMMON         0x20000c44      0x224 Src/usb_device.o
                0x20000c44                hUsbDeviceFS
 COMMON         0x20000e68        0x8 Src/usbd_cdc_if.o
                0x20000e68                UserRxBufferFS
                0x20000e6c                UserTxBufferFS
 COMMON         0x20000e70      0x220 Src/usbd_conf.o
                0x20000e70                hpcd_USB_FS
 COMMON         0x20001090      0x200 Src/usbd_desc.o
                0x20001090                USBD_StrDesc
 COMMON         0x20001290        0x4 Src/module/lcd_12864.o
                0x20001290                _LCD_hspi
 COMMON         0x20001294        0x4 /home/jakub/programs/AC6/plugins/fr.ac6.mcu.externaltools.arm-none.linux64_1.13.1.201703061524/tools/compiler/bin/../lib/gcc/arm-none-eabi/5.4.1/../../../../arm-none-eabi/lib/armv6-m/libc_nano.a(lib_a-reent.o)
                0x20001294                errno
                0x20001298                . = ALIGN (0x4)
                0x20001298                _ebss = .
                0x20001298                __bss_end__ = _ebss

._user_heap_stack
                0x20001298      0x600 load address 0x080065a4
                0x20001298                . = ALIGN (0x8)
                0x20001298                PROVIDE (end, .)
                [!provide]                PROVIDE (_end, .)
                0x20001498                . = (. + _Min_Heap_Size)
 *fill*         0x20001298      0x200 
                0x20001898                . = (. + _Min_Stack_Size)
 *fill*         0x20001498      0x400 
                0x20001898                . = ALIGN (0x8)

/DISCARD/
 libc.a(*)
 libm.a(*)
 libgcc.a(*)

.ARM.attributes
                0x00000000       0x28
 *(.ARM.attributes)
 .ARM.attributes
                0x00000000       0x1e /home/jakub/programs/AC6/plugins/fr.ac6.mcu.externaltools.arm-none.linux64_1.13.1.201703061524/tools/compiler/bin/../lib/gcc/arm-none-eabi/5.4.1/armv6-m/crti.o
 .ARM.attributes
                0x0000001e       0x2c /home/jakub/programs/AC6/plugins/fr.ac6.mcu.externaltools.arm-none.linux64_1.13.1.201703061524/tools/compiler/bin/../lib/gcc/arm-none-eabi/5.4.1/armv6-m/crtbegin.o
 .ARM.attributes
                0x0000004a       0x22 Drivers/CMSIS/Device/ST/STM32L0xx/Source/Templates/gcc/startup_stm32l072xx.o
 .ARM.attributes
                0x0000006c       0x32 Drivers/STM32L0xx_HAL_Driver/Src/stm32l0xx_hal.o
 .ARM.attributes
                0x0000009e       0x32 Drivers/STM32L0xx_HAL_Driver/Src/stm32l0xx_hal_adc.o
 .ARM.attributes
                0x000000d0       0x32 Drivers/STM32L0xx_HAL_Driver/Src/stm32l0xx_hal_cortex.o
 .ARM.attributes
                0x00000102       0x32 Drivers/STM32L0xx_HAL_Driver/Src/stm32l0xx_hal_gpio.o
 .ARM.attributes
                0x00000134       0x32 Drivers/STM32L0xx_HAL_Driver/Src/stm32l0xx_hal_i2c.o
 .ARM.attributes
                0x00000166       0x32 Drivers/STM32L0xx_HAL_Driver/Src/stm32l0xx_hal_i2c_ex.o
 .ARM.attributes
                0x00000198       0x32 Drivers/STM32L0xx_HAL_Driver/Src/stm32l0xx_hal_pcd.o
 .ARM.attributes
                0x000001ca       0x32 Drivers/STM32L0xx_HAL_Driver/Src/stm32l0xx_hal_pcd_ex.o
 .ARM.attributes
                0x000001fc       0x32 Drivers/STM32L0xx_HAL_Driver/Src/stm32l0xx_hal_pwr.o
 .ARM.attributes
                0x0000022e       0x32 Drivers/STM32L0xx_HAL_Driver/Src/stm32l0xx_hal_rcc.o
 .ARM.attributes
                0x00000260       0x32 Drivers/STM32L0xx_HAL_Driver/Src/stm32l0xx_hal_rcc_ex.o
 .ARM.attributes
                0x00000292       0x32 Drivers/STM32L0xx_HAL_Driver/Src/stm32l0xx_hal_rtc.o
 .ARM.attributes
                0x000002c4       0x32 Drivers/STM32L0xx_HAL_Driver/Src/stm32l0xx_hal_rtc_ex.o
 .ARM.attributes
                0x000002f6       0x32 Drivers/STM32L0xx_HAL_Driver/Src/stm32l0xx_hal_spi.o
 .ARM.attributes
                0x00000328       0x32 Drivers/STM32L0xx_HAL_Driver/Src/stm32l0xx_hal_tim.o
 .ARM.attributes
                0x0000035a       0x32 Drivers/STM32L0xx_HAL_Driver/Src/stm32l0xx_hal_tim_ex.o
 .ARM.attributes
                0x0000038c       0x32 Middlewares/ST/STM32_USB_Device_Library/Class/CDC/Src/usbd_cdc.o
 .ARM.attributes
                0x000003be       0x32 Middlewares/ST/STM32_USB_Device_Library/Core/Src/usbd_core.o
 .ARM.attributes
                0x000003f0       0x32 Middlewares/ST/STM32_USB_Device_Library/Core/Src/usbd_ctlreq.o
 .ARM.attributes
                0x00000422       0x32 Middlewares/ST/STM32_USB_Device_Library/Core/Src/usbd_ioreq.o
 .ARM.attributes
                0x00000454       0x32 Src/adc.o
 .ARM.attributes
                0x00000486       0x32 Src/gpio.o
 .ARM.attributes
                0x000004b8       0x32 Src/i2c.o
 .ARM.attributes
                0x000004ea       0x32 Src/main.o
 .ARM.attributes
                0x0000051c       0x32 Src/rtc.o
 .ARM.attributes
                0x0000054e       0x32 Src/spi.o
 .ARM.attributes
                0x00000580       0x32 Src/stm32l0xx_hal_msp.o
 .ARM.attributes
                0x000005b2       0x32 Src/stm32l0xx_it.o
 .ARM.attributes
                0x000005e4       0x32 Src/system_stm32l0xx.o
 .ARM.attributes
                0x00000616       0x32 Src/tim.o
 .ARM.attributes
                0x00000648       0x32 Src/usb_device.o
 .ARM.attributes
                0x0000067a       0x32 Src/usbd_cdc_if.o
 .ARM.attributes
                0x000006ac       0x32 Src/usbd_conf.o
 .ARM.attributes
                0x000006de       0x32 Src/usbd_desc.o
 .ARM.attributes
                0x00000710       0x32 Src/module/BME280.o
 .ARM.attributes
                0x00000742       0x32 Src/module/Time.o
 .ARM.attributes
                0x00000774       0x32 Src/module/lcd_12864.o
 .ARM.attributes
                0x000007a6       0x32 Src/module/peripherals.o
 .ARM.attributes
                0x000007d8       0x32 Src/module/rtc_api.o
 .ARM.attributes
                0x0000080a       0x32 Src/module/spi_com.o
 .ARM.attributes
                0x0000083c       0x32 Src/module/waiter.o
 .ARM.attributes
                0x0000086e       0x1e /home/jakub/programs/AC6/plugins/fr.ac6.mcu.externaltools.arm-none.linux64_1.13.1.201703061524/tools/compiler/bin/../lib/gcc/arm-none-eabi/5.4.1/armv6-m/libgcc.a(_thumb1_case_uqi.o)
 .ARM.attributes
                0x0000088c       0x1e /home/jakub/programs/AC6/plugins/fr.ac6.mcu.externaltools.arm-none.linux64_1.13.1.201703061524/tools/compiler/bin/../lib/gcc/arm-none-eabi/5.4.1/armv6-m/libgcc.a(_thumb1_case_shi.o)
 .ARM.attributes
                0x000008aa       0x1e /home/jakub/programs/AC6/plugins/fr.ac6.mcu.externaltools.arm-none.linux64_1.13.1.201703061524/tools/compiler/bin/../lib/gcc/arm-none-eabi/5.4.1/armv6-m/libgcc.a(_thumb1_case_uhi.o)
 .ARM.attributes
                0x000008c8       0x1e /home/jakub/programs/AC6/plugins/fr.ac6.mcu.externaltools.arm-none.linux64_1.13.1.201703061524/tools/compiler/bin/../lib/gcc/arm-none-eabi/5.4.1/armv6-m/libgcc.a(_udivsi3.o)
 .ARM.attributes
                0x000008e6       0x1e /home/jakub/programs/AC6/plugins/fr.ac6.mcu.externaltools.arm-none.linux64_1.13.1.201703061524/tools/compiler/bin/../lib/gcc/arm-none-eabi/5.4.1/armv6-m/libgcc.a(_dvmd_tls.o)
 .ARM.attributes
                0x00000904       0x2c /home/jakub/programs/AC6/plugins/fr.ac6.mcu.externaltools.arm-none.linux64_1.13.1.201703061524/tools/compiler/bin/../lib/gcc/arm-none-eabi/5.4.1/../../../../arm-none-eabi/lib/armv6-m/libc_nano.a(lib_a-impure.o)
 .ARM.attributes
                0x00000930       0x2c /home/jakub/programs/AC6/plugins/fr.ac6.mcu.externaltools.arm-none.linux64_1.13.1.201703061524/tools/compiler/bin/../lib/gcc/arm-none-eabi/5.4.1/../../../../arm-none-eabi/lib/armv6-m/libc_nano.a(lib_a-init.o)
 .ARM.attributes
                0x0000095c       0x2c /home/jakub/programs/AC6/plugins/fr.ac6.mcu.externaltools.arm-none.linux64_1.13.1.201703061524/tools/compiler/bin/../lib/gcc/arm-none-eabi/5.4.1/../../../../arm-none-eabi/lib/armv6-m/libc_nano.a(lib_a-memset.o)
 .ARM.attributes
                0x00000988       0x2c /home/jakub/programs/AC6/plugins/fr.ac6.mcu.externaltools.arm-none.linux64_1.13.1.201703061524/tools/compiler/bin/../lib/gcc/arm-none-eabi/5.4.1/../../../../arm-none-eabi/lib/armv6-m/libc_nano.a(lib_a-snprintf.o)
 .ARM.attributes
                0x000009b4       0x2c /home/jakub/programs/AC6/plugins/fr.ac6.mcu.externaltools.arm-none.linux64_1.13.1.201703061524/tools/compiler/bin/../lib/gcc/arm-none-eabi/5.4.1/../../../../arm-none-eabi/lib/armv6-m/libc_nano.a(lib_a-sprintf.o)
 .ARM.attributes
                0x000009e0       0x2c /home/jakub/programs/AC6/plugins/fr.ac6.mcu.externaltools.arm-none.linux64_1.13.1.201703061524/tools/compiler/bin/../lib/gcc/arm-none-eabi/5.4.1/../../../../arm-none-eabi/lib/armv6-m/libc_nano.a(lib_a-strcpy.o)
 .ARM.attributes
                0x00000a0c       0x1c /home/jakub/programs/AC6/plugins/fr.ac6.mcu.externaltools.arm-none.linux64_1.13.1.201703061524/tools/compiler/bin/../lib/gcc/arm-none-eabi/5.4.1/../../../../arm-none-eabi/lib/armv6-m/libc_nano.a(lib_a-strlen.o)
 .ARM.attributes
                0x00000a28       0x2c /home/jakub/programs/AC6/plugins/fr.ac6.mcu.externaltools.arm-none.linux64_1.13.1.201703061524/tools/compiler/bin/../lib/gcc/arm-none-eabi/5.4.1/../../../../arm-none-eabi/lib/armv6-m/libc_nano.a(lib_a-nano-svfprintf.o)
 .ARM.attributes
                0x00000a54       0x2c /home/jakub/programs/AC6/plugins/fr.ac6.mcu.externaltools.arm-none.linux64_1.13.1.201703061524/tools/compiler/bin/../lib/gcc/arm-none-eabi/5.4.1/../../../../arm-none-eabi/lib/armv6-m/libc_nano.a(lib_a-nano-vfprintf_i.o)
 .ARM.attributes
                0x00000a80       0x2c /home/jakub/programs/AC6/plugins/fr.ac6.mcu.externaltools.arm-none.linux64_1.13.1.201703061524/tools/compiler/bin/../lib/gcc/arm-none-eabi/5.4.1/../../../../arm-none-eabi/lib/armv6-m/libc_nano.a(lib_a-memchr-stub.o)
 .ARM.attributes
                0x00000aac       0x2c /home/jakub/programs/AC6/plugins/fr.ac6.mcu.externaltools.arm-none.linux64_1.13.1.201703061524/tools/compiler/bin/../lib/gcc/arm-none-eabi/5.4.1/../../../../arm-none-eabi/lib/armv6-m/libc_nano.a(lib_a-memcpy-stub.o)
 .ARM.attributes
                0x00000ad8       0x2c /home/jakub/programs/AC6/plugins/fr.ac6.mcu.externaltools.arm-none.linux64_1.13.1.201703061524/tools/compiler/bin/../lib/gcc/arm-none-eabi/5.4.1/../../../../arm-none-eabi/lib/armv6-m/libc_nano.a(lib_a-memmove.o)
 .ARM.attributes
                0x00000b04       0x2c /home/jakub/programs/AC6/plugins/fr.ac6.mcu.externaltools.arm-none.linux64_1.13.1.201703061524/tools/compiler/bin/../lib/gcc/arm-none-eabi/5.4.1/../../../../arm-none-eabi/lib/armv6-m/libc_nano.a(lib_a-nano-freer.o)
 .ARM.attributes
                0x00000b30       0x2c /home/jakub/programs/AC6/plugins/fr.ac6.mcu.externaltools.arm-none.linux64_1.13.1.201703061524/tools/compiler/bin/../lib/gcc/arm-none-eabi/5.4.1/../../../../arm-none-eabi/lib/armv6-m/libc_nano.a(lib_a-nano-mallocr.o)
 .ARM.attributes
                0x00000b5c       0x2c /home/jakub/programs/AC6/plugins/fr.ac6.mcu.externaltools.arm-none.linux64_1.13.1.201703061524/tools/compiler/bin/../lib/gcc/arm-none-eabi/5.4.1/../../../../arm-none-eabi/lib/armv6-m/libc_nano.a(lib_a-nano-reallocr.o)
 .ARM.attributes
                0x00000b88       0x2c /home/jakub/programs/AC6/plugins/fr.ac6.mcu.externaltools.arm-none.linux64_1.13.1.201703061524/tools/compiler/bin/../lib/gcc/arm-none-eabi/5.4.1/../../../../arm-none-eabi/lib/armv6-m/libc_nano.a(lib_a-sbrkr.o)
 .ARM.attributes
                0x00000bb4       0x2c /home/jakub/programs/AC6/plugins/fr.ac6.mcu.externaltools.arm-none.linux64_1.13.1.201703061524/tools/compiler/bin/../lib/gcc/arm-none-eabi/5.4.1/../../../../arm-none-eabi/lib/armv6-m/libc_nano.a(lib_a-mlock.o)
 .ARM.attributes
                0x00000be0       0x2c /home/jakub/programs/AC6/plugins/fr.ac6.mcu.externaltools.arm-none.linux64_1.13.1.201703061524/tools/compiler/bin/../lib/gcc/arm-none-eabi/5.4.1/../../../../arm-none-eabi/lib/armv6-m/libc_nano.a(lib_a-nano-msizer.o)
 .ARM.attributes
                0x00000c0c       0x2c /home/jakub/programs/AC6/plugins/fr.ac6.mcu.externaltools.arm-none.linux64_1.13.1.201703061524/tools/compiler/bin/../lib/gcc/arm-none-eabi/5.4.1/../../../../arm-none-eabi/lib/armv6-m/libc_nano.a(lib_a-reent.o)
 .ARM.attributes
                0x00000c38       0x2c /home/jakub/programs/AC6/plugins/fr.ac6.mcu.externaltools.arm-none.linux64_1.13.1.201703061524/tools/compiler/bin/../lib/gcc/arm-none-eabi/5.4.1/../../../../arm-none-eabi/lib/armv6-m/libnosys.a(sbrk.o)
 .ARM.attributes
                0x00000c64       0x1e /home/jakub/programs/AC6/plugins/fr.ac6.mcu.externaltools.arm-none.linux64_1.13.1.201703061524/tools/compiler/bin/../lib/gcc/arm-none-eabi/5.4.1/armv6-m/crtn.o
OUTPUT(TempHum_display.elf elf32-littlearm)

.debug_line     0x00000000    0x1ce71
 .debug_line    0x00000000       0xb2 Drivers/CMSIS/Device/ST/STM32L0xx/Source/Templates/gcc/startup_stm32l072xx.o
 .debug_line    0x000000b2      0xa90 Drivers/STM32L0xx_HAL_Driver/Src/stm32l0xx_hal.o
 .debug_line    0x00000b42      0xdfe Drivers/STM32L0xx_HAL_Driver/Src/stm32l0xx_hal_adc.o
 .debug_line    0x00001940      0xa4d Drivers/STM32L0xx_HAL_Driver/Src/stm32l0xx_hal_cortex.o
 .debug_line    0x0000238d      0xa4b Drivers/STM32L0xx_HAL_Driver/Src/stm32l0xx_hal_gpio.o
 .debug_line    0x00002dd8     0x16cf Drivers/STM32L0xx_HAL_Driver/Src/stm32l0xx_hal_i2c.o
 .debug_line    0x000044a7      0xa56 Drivers/STM32L0xx_HAL_Driver/Src/stm32l0xx_hal_i2c_ex.o
 .debug_line    0x00004efd      0xe36 Drivers/STM32L0xx_HAL_Driver/Src/stm32l0xx_hal_pcd.o
 .debug_line    0x00005d33      0x8bb Drivers/STM32L0xx_HAL_Driver/Src/stm32l0xx_hal_pcd_ex.o
 .debug_line    0x000065ee      0xa33 Drivers/STM32L0xx_HAL_Driver/Src/stm32l0xx_hal_pwr.o
 .debug_line    0x00007021      0xbce Drivers/STM32L0xx_HAL_Driver/Src/stm32l0xx_hal_rcc.o
 .debug_line    0x00007bef      0xb75 Drivers/STM32L0xx_HAL_Driver/Src/stm32l0xx_hal_rcc_ex.o
 .debug_line    0x00008764      0xc78 Drivers/STM32L0xx_HAL_Driver/Src/stm32l0xx_hal_rtc.o
 .debug_line    0x000093dc     0x1045 Drivers/STM32L0xx_HAL_Driver/Src/stm32l0xx_hal_rtc_ex.o
 .debug_line    0x0000a421     0x117e Drivers/STM32L0xx_HAL_Driver/Src/stm32l0xx_hal_spi.o
 .debug_line    0x0000b59f     0x1680 Drivers/STM32L0xx_HAL_Driver/Src/stm32l0xx_hal_tim.o
 .debug_line    0x0000cc1f      0x91e Drivers/STM32L0xx_HAL_Driver/Src/stm32l0xx_hal_tim_ex.o
 .debug_line    0x0000d53d      0xbdd Middlewares/ST/STM32_USB_Device_Library/Class/CDC/Src/usbd_cdc.o
 .debug_line    0x0000e11a      0xb7a Middlewares/ST/STM32_USB_Device_Library/Core/Src/usbd_core.o
 .debug_line    0x0000ec94      0xaea Middlewares/ST/STM32_USB_Device_Library/Core/Src/usbd_ctlreq.o
 .debug_line    0x0000f77e      0xa37 Middlewares/ST/STM32_USB_Device_Library/Core/Src/usbd_ioreq.o
 .debug_line    0x000101b5      0x8f9 Src/adc.o
 .debug_line    0x00010aae      0x8e7 Src/gpio.o
 .debug_line    0x00011395      0x8e2 Src/i2c.o
 .debug_line    0x00011c77      0xc5f Src/main.o
 .debug_line    0x000128d6      0x8e1 Src/rtc.o
 .debug_line    0x000131b7      0x8eb Src/spi.o
 .debug_line    0x00013aa2      0x89a Src/stm32l0xx_hal_msp.o
 .debug_line    0x0001433c      0x8f7 Src/stm32l0xx_it.o
 .debug_line    0x00014c33      0x8c8 Src/system_stm32l0xx.o
 .debug_line    0x000154fb      0x94f Src/tim.o
 .debug_line    0x00015e4a      0xa37 Src/usb_device.o
 .debug_line    0x00016881      0xa6c Src/usbd_cdc_if.o
 .debug_line    0x000172ed      0xc9c Src/usbd_conf.o
 .debug_line    0x00017f89      0xa11 Src/usbd_desc.o
 .debug_line    0x0001899a      0xa2e Src/module/BME280.o
 .debug_line    0x000193c8      0x8ee Src/module/Time.o
 .debug_line    0x00019cb6      0xcd3 Src/module/lcd_12864.o
 .debug_line    0x0001a989      0x946 Src/module/peripherals.o
 .debug_line    0x0001b2cf      0x921 Src/module/rtc_api.o
 .debug_line    0x0001bbf0      0x8e8 Src/module/spi_com.o
 .debug_line    0x0001c4d8      0x999 Src/module/waiter.o

.debug_info     0x00000000    0x1d697
 .debug_info    0x00000000       0xb2 Drivers/CMSIS/Device/ST/STM32L0xx/Source/Templates/gcc/startup_stm32l072xx.o
 .debug_info    0x000000b2      0x77b Drivers/STM32L0xx_HAL_Driver/Src/stm32l0xx_hal.o
 .debug_info    0x0000082d      0xdc9 Drivers/STM32L0xx_HAL_Driver/Src/stm32l0xx_hal_adc.o
 .debug_info    0x000015f6      0x8e9 Drivers/STM32L0xx_HAL_Driver/Src/stm32l0xx_hal_cortex.o
 .debug_info    0x00001edf      0x64d Drivers/STM32L0xx_HAL_Driver/Src/stm32l0xx_hal_gpio.o
 .debug_info    0x0000252c     0x250e Drivers/STM32L0xx_HAL_Driver/Src/stm32l0xx_hal_i2c.o
 .debug_info    0x00004a3a      0x79b Drivers/STM32L0xx_HAL_Driver/Src/stm32l0xx_hal_i2c_ex.o
 .debug_info    0x000051d5     0x11b9 Drivers/STM32L0xx_HAL_Driver/Src/stm32l0xx_hal_pcd.o
 .debug_info    0x0000638e      0x556 Drivers/STM32L0xx_HAL_Driver/Src/stm32l0xx_hal_pcd_ex.o
 .debug_info    0x000068e4      0x5ee Drivers/STM32L0xx_HAL_Driver/Src/stm32l0xx_hal_pwr.o
 .debug_info    0x00006ed2      0xb32 Drivers/STM32L0xx_HAL_Driver/Src/stm32l0xx_hal_rcc.o
 .debug_info    0x00007a04      0x778 Drivers/STM32L0xx_HAL_Driver/Src/stm32l0xx_hal_rcc_ex.o
 .debug_info    0x0000817c      0xd08 Drivers/STM32L0xx_HAL_Driver/Src/stm32l0xx_hal_rtc.o
 .debug_info    0x00008e84      0xef8 Drivers/STM32L0xx_HAL_Driver/Src/stm32l0xx_hal_rtc_ex.o
 .debug_info    0x00009d7c     0x1422 Drivers/STM32L0xx_HAL_Driver/Src/stm32l0xx_hal_spi.o
 .debug_info    0x0000b19e     0x2cd6 Drivers/STM32L0xx_HAL_Driver/Src/stm32l0xx_hal_tim.o
 .debug_info    0x0000de74      0x594 Drivers/STM32L0xx_HAL_Driver/Src/stm32l0xx_hal_tim_ex.o
 .debug_info    0x0000e408      0xc8b Middlewares/ST/STM32_USB_Device_Library/Class/CDC/Src/usbd_cdc.o
 .debug_info    0x0000f093      0xbd4 Middlewares/ST/STM32_USB_Device_Library/Core/Src/usbd_core.o
 .debug_info    0x0000fc67      0xbc5 Middlewares/ST/STM32_USB_Device_Library/Core/Src/usbd_ctlreq.o
 .debug_info    0x0001082c      0x73e Middlewares/ST/STM32_USB_Device_Library/Core/Src/usbd_ioreq.o
 .debug_info    0x00010f6a      0x8aa Src/adc.o
 .debug_info    0x00011814      0x4e4 Src/gpio.o
 .debug_info    0x00011cf8      0x822 Src/i2c.o
 .debug_info    0x0001251a     0x25d5 Src/main.o
 .debug_info    0x00014aef      0x7c3 Src/rtc.o
 .debug_info    0x000152b2      0x836 Src/spi.o
 .debug_info    0x00015ae8      0x31d Src/stm32l0xx_hal_msp.o
 .debug_info    0x00015e05      0xc06 Src/stm32l0xx_it.o
 .debug_info    0x00016a0b      0x37b Src/system_stm32l0xx.o
 .debug_info    0x00016d86      0xbbf Src/tim.o
 .debug_info    0x00017945      0x5ef Src/usb_device.o
 .debug_info    0x00017f34      0x800 Src/usbd_cdc_if.o
 .debug_info    0x00018734     0x16ff Src/usbd_conf.o
 .debug_info    0x00019e33      0x4bb Src/usbd_desc.o
 .debug_info    0x0001a2ee      0xa39 Src/module/BME280.o
 .debug_info    0x0001ad27       0xfe Src/module/Time.o
 .debug_info    0x0001ae25     0x13e4 Src/module/lcd_12864.o
 .debug_info    0x0001c209      0x29a Src/module/peripherals.o
 .debug_info    0x0001c4a3      0x5ee Src/module/rtc_api.o
 .debug_info    0x0001ca91      0x592 Src/module/spi_com.o
 .debug_info    0x0001d023      0x674 Src/module/waiter.o

.debug_abbrev   0x00000000     0x4d4a
 .debug_abbrev  0x00000000       0x12 Drivers/CMSIS/Device/ST/STM32L0xx/Source/Templates/gcc/startup_stm32l072xx.o
 .debug_abbrev  0x00000012      0x21b Drivers/STM32L0xx_HAL_Driver/Src/stm32l0xx_hal.o
 .debug_abbrev  0x0000022d      0x28d Drivers/STM32L0xx_HAL_Driver/Src/stm32l0xx_hal_adc.o
 .debug_abbrev  0x000004ba      0x292 Drivers/STM32L0xx_HAL_Driver/Src/stm32l0xx_hal_cortex.o
 .debug_abbrev  0x0000074c      0x1bc Drivers/STM32L0xx_HAL_Driver/Src/stm32l0xx_hal_gpio.o
 .debug_abbrev  0x00000908      0x2a4 Drivers/STM32L0xx_HAL_Driver/Src/stm32l0xx_hal_i2c.o
 .debug_abbrev  0x00000bac      0x187 Drivers/STM32L0xx_HAL_Driver/Src/stm32l0xx_hal_i2c_ex.o
 .debug_abbrev  0x00000d33      0x316 Drivers/STM32L0xx_HAL_Driver/Src/stm32l0xx_hal_pcd.o
 .debug_abbrev  0x00001049      0x134 Drivers/STM32L0xx_HAL_Driver/Src/stm32l0xx_hal_pcd_ex.o
 .debug_abbrev  0x0000117d      0x190 Drivers/STM32L0xx_HAL_Driver/Src/stm32l0xx_hal_pwr.o
 .debug_abbrev  0x0000130d      0x292 Drivers/STM32L0xx_HAL_Driver/Src/stm32l0xx_hal_rcc.o
 .debug_abbrev  0x0000159f      0x1e5 Drivers/STM32L0xx_HAL_Driver/Src/stm32l0xx_hal_rcc_ex.o
 .debug_abbrev  0x00001784      0x1dc Drivers/STM32L0xx_HAL_Driver/Src/stm32l0xx_hal_rtc.o
 .debug_abbrev  0x00001960      0x1ed Drivers/STM32L0xx_HAL_Driver/Src/stm32l0xx_hal_rtc_ex.o
 .debug_abbrev  0x00001b4d      0x2c8 Drivers/STM32L0xx_HAL_Driver/Src/stm32l0xx_hal_spi.o
 .debug_abbrev  0x00001e15      0x304 Drivers/STM32L0xx_HAL_Driver/Src/stm32l0xx_hal_tim.o
 .debug_abbrev  0x00002119      0x17e Drivers/STM32L0xx_HAL_Driver/Src/stm32l0xx_hal_tim_ex.o
 .debug_abbrev  0x00002297      0x239 Middlewares/ST/STM32_USB_Device_Library/Class/CDC/Src/usbd_cdc.o
 .debug_abbrev  0x000024d0      0x277 Middlewares/ST/STM32_USB_Device_Library/Core/Src/usbd_core.o
 .debug_abbrev  0x00002747      0x28f Middlewares/ST/STM32_USB_Device_Library/Core/Src/usbd_ctlreq.o
 .debug_abbrev  0x000029d6      0x140 Middlewares/ST/STM32_USB_Device_Library/Core/Src/usbd_ioreq.o
 .debug_abbrev  0x00002b16      0x197 Src/adc.o
 .debug_abbrev  0x00002cad      0x135 Src/gpio.o
 .debug_abbrev  0x00002de2      0x197 Src/i2c.o
 .debug_abbrev  0x00002f79      0x27b Src/main.o
 .debug_abbrev  0x000031f4      0x159 Src/rtc.o
 .debug_abbrev  0x0000334d      0x197 Src/spi.o
 .debug_abbrev  0x000034e4       0xe9 Src/stm32l0xx_hal_msp.o
 .debug_abbrev  0x000035cd      0x1ab Src/stm32l0xx_it.o
 .debug_abbrev  0x00003778       0xf3 Src/system_stm32l0xx.o
 .debug_abbrev  0x0000386b      0x1af Src/tim.o
 .debug_abbrev  0x00003a1a      0x158 Src/usb_device.o
 .debug_abbrev  0x00003b72      0x1f6 Src/usbd_cdc_if.o
 .debug_abbrev  0x00003d68      0x275 Src/usbd_conf.o
 .debug_abbrev  0x00003fdd      0x186 Src/usbd_desc.o
 .debug_abbrev  0x00004163      0x1dc Src/module/BME280.o
 .debug_abbrev  0x0000433f       0x90 Src/module/Time.o
 .debug_abbrev  0x000043cf      0x38c Src/module/lcd_12864.o
 .debug_abbrev  0x0000475b      0x139 Src/module/peripherals.o
 .debug_abbrev  0x00004894      0x15f Src/module/rtc_api.o
 .debug_abbrev  0x000049f3      0x15a Src/module/spi_com.o
 .debug_abbrev  0x00004b4d      0x1fd Src/module/waiter.o

.debug_aranges  0x00000000     0x1358
 .debug_aranges
                0x00000000       0x28 Drivers/CMSIS/Device/ST/STM32L0xx/Source/Templates/gcc/startup_stm32l072xx.o
 .debug_aranges
                0x00000028       0xd8 Drivers/STM32L0xx_HAL_Driver/Src/stm32l0xx_hal.o
 .debug_aranges
                0x00000100       0xd8 Drivers/STM32L0xx_HAL_Driver/Src/stm32l0xx_hal_adc.o
 .debug_aranges
                0x000001d8       0x80 Drivers/STM32L0xx_HAL_Driver/Src/stm32l0xx_hal_cortex.o
 .debug_aranges
                0x00000258       0x58 Drivers/STM32L0xx_HAL_Driver/Src/stm32l0xx_hal_gpio.o
 .debug_aranges
                0x000002b0      0x160 Drivers/STM32L0xx_HAL_Driver/Src/stm32l0xx_hal_i2c.o
 .debug_aranges
                0x00000410       0x48 Drivers/STM32L0xx_HAL_Driver/Src/stm32l0xx_hal_i2c_ex.o
 .debug_aranges
                0x00000458       0xd0 Drivers/STM32L0xx_HAL_Driver/Src/stm32l0xx_hal_pcd.o
 .debug_aranges
                0x00000528       0x20 Drivers/STM32L0xx_HAL_Driver/Src/stm32l0xx_hal_pcd_ex.o
 .debug_aranges
                0x00000548       0xa0 Drivers/STM32L0xx_HAL_Driver/Src/stm32l0xx_hal_pwr.o
 .debug_aranges
                0x000005e8       0x80 Drivers/STM32L0xx_HAL_Driver/Src/stm32l0xx_hal_rcc.o
 .debug_aranges
                0x00000668       0x88 Drivers/STM32L0xx_HAL_Driver/Src/stm32l0xx_hal_rcc_ex.o
 .debug_aranges
                0x000006f0       0xa8 Drivers/STM32L0xx_HAL_Driver/Src/stm32l0xx_hal_rtc.o
 .debug_aranges
                0x00000798      0x108 Drivers/STM32L0xx_HAL_Driver/Src/stm32l0xx_hal_rtc_ex.o
 .debug_aranges
                0x000008a0      0x108 Drivers/STM32L0xx_HAL_Driver/Src/stm32l0xx_hal_spi.o
 .debug_aranges
                0x000009a8      0x218 Drivers/STM32L0xx_HAL_Driver/Src/stm32l0xx_hal_tim.o
 .debug_aranges
                0x00000bc0       0x28 Drivers/STM32L0xx_HAL_Driver/Src/stm32l0xx_hal_tim_ex.o
 .debug_aranges
                0x00000be8       0x90 Middlewares/ST/STM32_USB_Device_Library/Class/CDC/Src/usbd_cdc.o
 .debug_aranges
                0x00000c78       0xa8 Middlewares/ST/STM32_USB_Device_Library/Core/Src/usbd_core.o
 .debug_aranges
                0x00000d20       0x48 Middlewares/ST/STM32_USB_Device_Library/Core/Src/usbd_ctlreq.o
 .debug_aranges
                0x00000d68       0x50 Middlewares/ST/STM32_USB_Device_Library/Core/Src/usbd_ioreq.o
 .debug_aranges
                0x00000db8       0x30 Src/adc.o
 .debug_aranges
                0x00000de8       0x20 Src/gpio.o
 .debug_aranges
                0x00000e08       0x30 Src/i2c.o
 .debug_aranges
                0x00000e38       0x30 Src/main.o
 .debug_aranges
                0x00000e68       0x30 Src/rtc.o
 .debug_aranges
                0x00000e98       0x30 Src/spi.o
 .debug_aranges
                0x00000ec8       0x20 Src/stm32l0xx_hal_msp.o
 .debug_aranges
                0x00000ee8       0x48 Src/stm32l0xx_it.o
 .debug_aranges
                0x00000f30       0x28 Src/system_stm32l0xx.o
 .debug_aranges
                0x00000f58       0x48 Src/tim.o
 .debug_aranges
                0x00000fa0       0x20 Src/usb_device.o
 .debug_aranges
                0x00000fc0       0x40 Src/usbd_cdc_if.o
 .debug_aranges
                0x00001000      0x110 Src/usbd_conf.o
 .debug_aranges
                0x00001110       0x50 Src/usbd_desc.o
 .debug_aranges
                0x00001160       0x50 Src/module/BME280.o
 .debug_aranges
                0x000011b0       0x20 Src/module/Time.o
 .debug_aranges
                0x000011d0       0xc0 Src/module/lcd_12864.o
 .debug_aranges
                0x00001290       0x28 Src/module/peripherals.o
 .debug_aranges
                0x000012b8       0x38 Src/module/rtc_api.o
 .debug_aranges
                0x000012f0       0x20 Src/module/spi_com.o
 .debug_aranges
                0x00001310       0x48 Src/module/waiter.o

.debug_ranges   0x00000000     0x16a0
 .debug_ranges  0x00000000       0x20 Drivers/CMSIS/Device/ST/STM32L0xx/Source/Templates/gcc/startup_stm32l072xx.o
 .debug_ranges  0x00000020       0xc8 Drivers/STM32L0xx_HAL_Driver/Src/stm32l0xx_hal.o
 .debug_ranges  0x000000e8       0xc8 Drivers/STM32L0xx_HAL_Driver/Src/stm32l0xx_hal_adc.o
 .debug_ranges  0x000001b0       0xf0 Drivers/STM32L0xx_HAL_Driver/Src/stm32l0xx_hal_cortex.o
 .debug_ranges  0x000002a0       0x48 Drivers/STM32L0xx_HAL_Driver/Src/stm32l0xx_hal_gpio.o
 .debug_ranges  0x000002e8      0x150 Drivers/STM32L0xx_HAL_Driver/Src/stm32l0xx_hal_i2c.o
 .debug_ranges  0x00000438       0x38 Drivers/STM32L0xx_HAL_Driver/Src/stm32l0xx_hal_i2c_ex.o
 .debug_ranges  0x00000470      0x138 Drivers/STM32L0xx_HAL_Driver/Src/stm32l0xx_hal_pcd.o
 .debug_ranges  0x000005a8       0x10 Drivers/STM32L0xx_HAL_Driver/Src/stm32l0xx_hal_pcd_ex.o
 .debug_ranges  0x000005b8       0x90 Drivers/STM32L0xx_HAL_Driver/Src/stm32l0xx_hal_pwr.o
 .debug_ranges  0x00000648       0xd8 Drivers/STM32L0xx_HAL_Driver/Src/stm32l0xx_hal_rcc.o
 .debug_ranges  0x00000720       0x78 Drivers/STM32L0xx_HAL_Driver/Src/stm32l0xx_hal_rcc_ex.o
 .debug_ranges  0x00000798       0x98 Drivers/STM32L0xx_HAL_Driver/Src/stm32l0xx_hal_rtc.o
 .debug_ranges  0x00000830       0xf8 Drivers/STM32L0xx_HAL_Driver/Src/stm32l0xx_hal_rtc_ex.o
 .debug_ranges  0x00000928       0xf8 Drivers/STM32L0xx_HAL_Driver/Src/stm32l0xx_hal_spi.o
 .debug_ranges  0x00000a20      0x540 Drivers/STM32L0xx_HAL_Driver/Src/stm32l0xx_hal_tim.o
 .debug_ranges  0x00000f60       0x18 Drivers/STM32L0xx_HAL_Driver/Src/stm32l0xx_hal_tim_ex.o
 .debug_ranges  0x00000f78       0x80 Middlewares/ST/STM32_USB_Device_Library/Class/CDC/Src/usbd_cdc.o
 .debug_ranges  0x00000ff8       0x98 Middlewares/ST/STM32_USB_Device_Library/Core/Src/usbd_core.o
 .debug_ranges  0x00001090       0x38 Middlewares/ST/STM32_USB_Device_Library/Core/Src/usbd_ctlreq.o
 .debug_ranges  0x000010c8       0x40 Middlewares/ST/STM32_USB_Device_Library/Core/Src/usbd_ioreq.o
 .debug_ranges  0x00001108       0x20 Src/adc.o
 .debug_ranges  0x00001128       0xa8 Src/gpio.o
 .debug_ranges  0x000011d0       0x20 Src/i2c.o
 .debug_ranges  0x000011f0       0x20 Src/main.o
 .debug_ranges  0x00001210       0x20 Src/rtc.o
 .debug_ranges  0x00001230       0x20 Src/spi.o
 .debug_ranges  0x00001250       0x10 Src/stm32l0xx_hal_msp.o
 .debug_ranges  0x00001260       0x38 Src/stm32l0xx_it.o
 .debug_ranges  0x00001298       0x18 Src/system_stm32l0xx.o
 .debug_ranges  0x000012b0       0x38 Src/tim.o
 .debug_ranges  0x000012e8       0x10 Src/usb_device.o
 .debug_ranges  0x000012f8       0x30 Src/usbd_cdc_if.o
 .debug_ranges  0x00001328      0x100 Src/usbd_conf.o
 .debug_ranges  0x00001428       0xa0 Src/usbd_desc.o
 .debug_ranges  0x000014c8       0x40 Src/module/BME280.o
 .debug_ranges  0x00001508       0x10 Src/module/Time.o
 .debug_ranges  0x00001518      0x100 Src/module/lcd_12864.o
 .debug_ranges  0x00001618       0x18 Src/module/peripherals.o
 .debug_ranges  0x00001630       0x28 Src/module/rtc_api.o
 .debug_ranges  0x00001658       0x10 Src/module/spi_com.o
 .debug_ranges  0x00001668       0x38 Src/module/waiter.o

.debug_loc      0x00000000     0xe954
 .debug_loc     0x00000000       0xac Drivers/STM32L0xx_HAL_Driver/Src/stm32l0xx_hal.o
 .debug_loc     0x000000ac      0x94b Drivers/STM32L0xx_HAL_Driver/Src/stm32l0xx_hal_adc.o
 .debug_loc     0x000009f7      0x3da Drivers/STM32L0xx_HAL_Driver/Src/stm32l0xx_hal_cortex.o
 .debug_loc     0x00000dd1      0x2cc Drivers/STM32L0xx_HAL_Driver/Src/stm32l0xx_hal_gpio.o
 .debug_loc     0x0000109d     0x1e5f Drivers/STM32L0xx_HAL_Driver/Src/stm32l0xx_hal_i2c.o
 .debug_loc     0x00002efc      0x1a6 Drivers/STM32L0xx_HAL_Driver/Src/stm32l0xx_hal_i2c_ex.o
 .debug_loc     0x000030a2     0x104d Drivers/STM32L0xx_HAL_Driver/Src/stm32l0xx_hal_pcd.o
 .debug_loc     0x000040ef       0x9d Drivers/STM32L0xx_HAL_Driver/Src/stm32l0xx_hal_pcd_ex.o
 .debug_loc     0x0000418c      0x12f Drivers/STM32L0xx_HAL_Driver/Src/stm32l0xx_hal_pwr.o
 .debug_loc     0x000042bb      0x4eb Drivers/STM32L0xx_HAL_Driver/Src/stm32l0xx_hal_rcc.o
 .debug_loc     0x000047a6      0x51b Drivers/STM32L0xx_HAL_Driver/Src/stm32l0xx_hal_rcc_ex.o
 .debug_loc     0x00004cc1      0xab7 Drivers/STM32L0xx_HAL_Driver/Src/stm32l0xx_hal_rtc.o
 .debug_loc     0x00005778      0xe1d Drivers/STM32L0xx_HAL_Driver/Src/stm32l0xx_hal_rtc_ex.o
 .debug_loc     0x00006595      0xec6 Drivers/STM32L0xx_HAL_Driver/Src/stm32l0xx_hal_spi.o
 .debug_loc     0x0000745b     0x3715 Drivers/STM32L0xx_HAL_Driver/Src/stm32l0xx_hal_tim.o
 .debug_loc     0x0000ab70       0x7e Drivers/STM32L0xx_HAL_Driver/Src/stm32l0xx_hal_tim_ex.o
 .debug_loc     0x0000abee      0x4ac Middlewares/ST/STM32_USB_Device_Library/Class/CDC/Src/usbd_cdc.o
 .debug_loc     0x0000b09a      0x56d Middlewares/ST/STM32_USB_Device_Library/Core/Src/usbd_core.o
 .debug_loc     0x0000b607      0x5b3 Middlewares/ST/STM32_USB_Device_Library/Core/Src/usbd_ctlreq.o
 .debug_loc     0x0000bbba      0x23c Middlewares/ST/STM32_USB_Device_Library/Core/Src/usbd_ioreq.o
 .debug_loc     0x0000bdf6       0x42 Src/adc.o
 .debug_loc     0x0000be38       0x42 Src/i2c.o
 .debug_loc     0x0000be7a      0x302 Src/main.o
 .debug_loc     0x0000c17c       0x42 Src/rtc.o
 .debug_loc     0x0000c1be       0x42 Src/spi.o
 .debug_loc     0x0000c200      0x123 Src/system_stm32l0xx.o
 .debug_loc     0x0000c323       0x84 Src/tim.o
 .debug_loc     0x0000c3a7       0xef Src/usbd_cdc_if.o
 .debug_loc     0x0000c496      0x98c Src/usbd_conf.o
 .debug_loc     0x0000ce22      0x273 Src/usbd_desc.o
 .debug_loc     0x0000d095      0xc10 Src/module/BME280.o
 .debug_loc     0x0000dca5       0x3d Src/module/Time.o
 .debug_loc     0x0000dce2      0xa08 Src/module/lcd_12864.o
 .debug_loc     0x0000e6ea       0x3a Src/module/peripherals.o
 .debug_loc     0x0000e724      0x113 Src/module/rtc_api.o
 .debug_loc     0x0000e837       0x42 Src/module/spi_com.o
 .debug_loc     0x0000e879       0xdb Src/module/waiter.o

.debug_macro    0x00000000    0x1c842
 .debug_macro   0x00000000      0x36a Drivers/STM32L0xx_HAL_Driver/Src/stm32l0xx_hal.o
 .debug_macro   0x0000036a      0x838 Drivers/STM32L0xx_HAL_Driver/Src/stm32l0xx_hal.o
 .debug_macro   0x00000ba2       0xee Drivers/STM32L0xx_HAL_Driver/Src/stm32l0xx_hal.o
 .debug_macro   0x00000c90       0xae Drivers/STM32L0xx_HAL_Driver/Src/stm32l0xx_hal.o
 .debug_macro   0x00000d3e       0x2e Drivers/STM32L0xx_HAL_Driver/Src/stm32l0xx_hal.o
 .debug_macro   0x00000d6c       0x28 Drivers/STM32L0xx_HAL_Driver/Src/stm32l0xx_hal.o
 .debug_macro   0x00000d94       0x22 Drivers/STM32L0xx_HAL_Driver/Src/stm32l0xx_hal.o
 .debug_macro   0x00000db6       0x87 Drivers/STM32L0xx_HAL_Driver/Src/stm32l0xx_hal.o
 .debug_macro   0x00000e3d       0x44 Drivers/STM32L0xx_HAL_Driver/Src/stm32l0xx_hal.o
 .debug_macro   0x00000e81       0xfd Drivers/STM32L0xx_HAL_Driver/Src/stm32l0xx_hal.o
 .debug_macro   0x00000f7e       0x5e Drivers/STM32L0xx_HAL_Driver/Src/stm32l0xx_hal.o
 .debug_macro   0x00000fdc      0x1df Drivers/STM32L0xx_HAL_Driver/Src/stm32l0xx_hal.o
 .debug_macro   0x000011bb       0x34 Drivers/STM32L0xx_HAL_Driver/Src/stm32l0xx_hal.o
 .debug_macro   0x000011ef       0x26 Drivers/STM32L0xx_HAL_Driver/Src/stm32l0xx_hal.o
 .debug_macro   0x00001215      0x44f Drivers/STM32L0xx_HAL_Driver/Src/stm32l0xx_hal.o
 .debug_macro   0x00001664     0xa0b7 Drivers/STM32L0xx_HAL_Driver/Src/stm32l0xx_hal.o
 .debug_macro   0x0000b71b       0x3c Drivers/STM32L0xx_HAL_Driver/Src/stm32l0xx_hal.o
 .debug_macro   0x0000b757     0x3440 Drivers/STM32L0xx_HAL_Driver/Src/stm32l0xx_hal.o
 .debug_macro   0x0000eb97       0x52 Drivers/STM32L0xx_HAL_Driver/Src/stm32l0xx_hal.o
 .debug_macro   0x0000ebe9       0x35 Drivers/STM32L0xx_HAL_Driver/Src/stm32l0xx_hal.o
 .debug_macro   0x0000ec1e       0x9c Drivers/STM32L0xx_HAL_Driver/Src/stm32l0xx_hal.o