Archive member included to satisfy reference by file (symbol)

/home/jakub/programs/AC6/plugins/fr.ac6.mcu.externaltools.arm-none.linux64_1.13.1.201703061524/tools/compiler/bin/../lib/gcc/arm-none-eabi/5.4.1/armv6-m/libgcc.a(_thumb1_case_uqi.o)
                              Drivers/STM32L0xx_HAL_Driver/Src/stm32l0xx_hal_pcd.o (__gnu_thumb1_case_uqi)
/home/jakub/programs/AC6/plugins/fr.ac6.mcu.externaltools.arm-none.linux64_1.13.1.201703061524/tools/compiler/bin/../lib/gcc/arm-none-eabi/5.4.1/armv6-m/libgcc.a(_thumb1_case_uhi.o)
                              Middlewares/ST/STM32_USB_Device_Library/Core/Src/usbd_ctlreq.o (__gnu_thumb1_case_uhi)
/home/jakub/programs/AC6/plugins/fr.ac6.mcu.externaltools.arm-none.linux64_1.13.1.201703061524/tools/compiler/bin/../lib/gcc/arm-none-eabi/5.4.1/armv6-m/libgcc.a(_udivsi3.o)
                              Drivers/STM32L0xx_HAL_Driver/Src/stm32l0xx_hal.o (__aeabi_uidiv)
/home/jakub/programs/AC6/plugins/fr.ac6.mcu.externaltools.arm-none.linux64_1.13.1.201703061524/tools/compiler/bin/../lib/gcc/arm-none-eabi/5.4.1/armv6-m/libgcc.a(_dvmd_tls.o)
                              /home/jakub/programs/AC6/plugins/fr.ac6.mcu.externaltools.arm-none.linux64_1.13.1.201703061524/tools/compiler/bin/../lib/gcc/arm-none-eabi/5.4.1/armv6-m/libgcc.a(_udivsi3.o) (__aeabi_idiv0)
/home/jakub/programs/AC6/plugins/fr.ac6.mcu.externaltools.arm-none.linux64_1.13.1.201703061524/tools/compiler/bin/../lib/gcc/arm-none-eabi/5.4.1/armv6-m/libgcc.a(mulsf3.o)
                              Src/module/ds18b20.o (__aeabi_fmul)
/home/jakub/programs/AC6/plugins/fr.ac6.mcu.externaltools.arm-none.linux64_1.13.1.201703061524/tools/compiler/bin/../lib/gcc/arm-none-eabi/5.4.1/armv6-m/libgcc.a(floatsisf.o)
                              Src/module/ds18b20.o (__aeabi_i2f)
/home/jakub/programs/AC6/plugins/fr.ac6.mcu.externaltools.arm-none.linux64_1.13.1.201703061524/tools/compiler/bin/../lib/gcc/arm-none-eabi/5.4.1/armv6-m/libgcc.a(_clzsi2.o)
                              /home/jakub/programs/AC6/plugins/fr.ac6.mcu.externaltools.arm-none.linux64_1.13.1.201703061524/tools/compiler/bin/../lib/gcc/arm-none-eabi/5.4.1/armv6-m/libgcc.a(mulsf3.o) (__clzsi2)
/home/jakub/programs/AC6/plugins/fr.ac6.mcu.externaltools.arm-none.linux64_1.13.1.201703061524/tools/compiler/bin/../lib/gcc/arm-none-eabi/5.4.1/../../../../arm-none-eabi/lib/armv6-m/libc_nano.a(lib_a-exit.o)
                              /home/jakub/programs/AC6/plugins/fr.ac6.mcu.externaltools.arm-none.linux64_1.13.1.201703061524/tools/compiler/bin/../lib/gcc/arm-none-eabi/5.4.1/../../../../arm-none-eabi/lib/armv6-m/crt0.o (exit)
/home/jakub/programs/AC6/plugins/fr.ac6.mcu.externaltools.arm-none.linux64_1.13.1.201703061524/tools/compiler/bin/../lib/gcc/arm-none-eabi/5.4.1/../../../../arm-none-eabi/lib/armv6-m/libc_nano.a(lib_a-impure.o)
                              /home/jakub/programs/AC6/plugins/fr.ac6.mcu.externaltools.arm-none.linux64_1.13.1.201703061524/tools/compiler/bin/../lib/gcc/arm-none-eabi/5.4.1/../../../../arm-none-eabi/lib/armv6-m/libc_nano.a(lib_a-exit.o) (_global_impure_ptr)
/home/jakub/programs/AC6/plugins/fr.ac6.mcu.externaltools.arm-none.linux64_1.13.1.201703061524/tools/compiler/bin/../lib/gcc/arm-none-eabi/5.4.1/../../../../arm-none-eabi/lib/armv6-m/libc_nano.a(lib_a-init.o)
                              /home/jakub/programs/AC6/plugins/fr.ac6.mcu.externaltools.arm-none.linux64_1.13.1.201703061524/tools/compiler/bin/../lib/gcc/arm-none-eabi/5.4.1/../../../../arm-none-eabi/lib/armv6-m/crt0.o (__libc_init_array)
/home/jakub/programs/AC6/plugins/fr.ac6.mcu.externaltools.arm-none.linux64_1.13.1.201703061524/tools/compiler/bin/../lib/gcc/arm-none-eabi/5.4.1/../../../../arm-none-eabi/lib/armv6-m/libc_nano.a(lib_a-memset.o)
                              /home/jakub/programs/AC6/plugins/fr.ac6.mcu.externaltools.arm-none.linux64_1.13.1.201703061524/tools/compiler/bin/../lib/gcc/arm-none-eabi/5.4.1/../../../../arm-none-eabi/lib/armv6-m/crt0.o (memset)
/home/jakub/programs/AC6/plugins/fr.ac6.mcu.externaltools.arm-none.linux64_1.13.1.201703061524/tools/compiler/bin/../lib/gcc/arm-none-eabi/5.4.1/../../../../arm-none-eabi/lib/armv6-m/libc_nano.a(lib_a-snprintf.o)
                              Src/main.o (snprintf)
/home/jakub/programs/AC6/plugins/fr.ac6.mcu.externaltools.arm-none.linux64_1.13.1.201703061524/tools/compiler/bin/../lib/gcc/arm-none-eabi/5.4.1/../../../../arm-none-eabi/lib/armv6-m/libc_nano.a(lib_a-sprintf.o)
                              Src/module/rtc_api.o (sprintf)
/home/jakub/programs/AC6/plugins/fr.ac6.mcu.externaltools.arm-none.linux64_1.13.1.201703061524/tools/compiler/bin/../lib/gcc/arm-none-eabi/5.4.1/../../../../arm-none-eabi/lib/armv6-m/libc_nano.a(lib_a-strlen.o)
                              Src/module/lcd_12864.o (strlen)
[...]
Memory Configuration

Name             Origin             Length             Attributes
RAM              0x20000000         0x00005000         xrw
FLASH            0x08000000         0x00020000         xr
*default*        0x00000000         0xffffffff

Linker script and memory map

LOAD /home/jakub/programs/AC6/plugins/fr.ac6.mcu.externaltools.arm-none.linux64_1.13.1.201703061524/tools/compiler/bin/../lib/gcc/arm-none-eabi/5.4.1/armv6-m/crti.o
LOAD /home/jakub/programs/AC6/plugins/fr.ac6.mcu.externaltools.arm-none.linux64_1.13.1.201703061524/tools/compiler/bin/../lib/gcc/arm-none-eabi/5.4.1/armv6-m/crtbegin.o
LOAD /home/jakub/programs/AC6/plugins/fr.ac6.mcu.externaltools.arm-none.linux64_1.13.1.201703061524/tools/compiler/bin/../lib/gcc/arm-none-eabi/5.4.1/../../../../arm-none-eabi/lib/armv6-m/crt0.o
LOAD /home/jakub/programs/AC6/plugins/fr.ac6.mcu.externaltools.arm-none.linux64_1.13.1.201703061524/tools/compiler/bin/../lib/gcc/arm-none-eabi/5.4.1/../../../../arm-none-eabi/lib/armv6-m/libm.a
LOAD Drivers/CMSIS/Device/ST/STM32L0xx/Source/Templates/gcc/startup_stm32l072xx.o
LOAD Drivers/STM32L0xx_HAL_Driver/Src/stm32l0xx_hal.o
LOAD Drivers/STM32L0xx_HAL_Driver/Src/stm32l0xx_hal_adc.o
LOAD Drivers/STM32L0xx_HAL_Driver/Src/stm32l0xx_hal_adc_ex.o
LOAD Drivers/STM32L0xx_HAL_Driver/Src/stm32l0xx_hal_cortex.o
LOAD Drivers/STM32L0xx_HAL_Driver/Src/stm32l0xx_hal_dma.o
LOAD Drivers/STM32L0xx_HAL_Driver/Src/stm32l0xx_hal_flash.o
LOAD Drivers/STM32L0xx_HAL_Driver/Src/stm32l0xx_hal_flash_ex.o
LOAD Drivers/STM32L0xx_HAL_Driver/Src/stm32l0xx_hal_flash_ramfunc.o
LOAD Drivers/STM32L0xx_HAL_Driver/Src/stm32l0xx_hal_gpio.o
LOAD Drivers/STM32L0xx_HAL_Driver/Src/stm32l0xx_hal_i2c.o
LOAD Drivers/STM32L0xx_HAL_Driver/Src/stm32l0xx_hal_i2c_ex.o
LOAD Drivers/STM32L0xx_HAL_Driver/Src/stm32l0xx_hal_pcd.o
LOAD Drivers/STM32L0xx_HAL_Driver/Src/stm32l0xx_hal_pcd_ex.o
LOAD Drivers/STM32L0xx_HAL_Driver/Src/stm32l0xx_hal_pwr.o
LOAD Drivers/STM32L0xx_HAL_Driver/Src/stm32l0xx_hal_pwr_ex.o
LOAD Drivers/STM32L0xx_HAL_Driver/Src/stm32l0xx_hal_rcc.o
LOAD Drivers/STM32L0xx_HAL_Driver/Src/stm32l0xx_hal_rcc_ex.o
LOAD Drivers/STM32L0xx_HAL_Driver/Src/stm32l0xx_hal_rtc.o
LOAD Drivers/STM32L0xx_HAL_Driver/Src/stm32l0xx_hal_rtc_ex.o
LOAD Drivers/STM32L0xx_HAL_Driver/Src/stm32l0xx_hal_spi.o
LOAD Drivers/STM32L0xx_HAL_Driver/Src/stm32l0xx_hal_tim.o
LOAD Drivers/STM32L0xx_HAL_Driver/Src/stm32l0xx_hal_tim_ex.o
LOAD Middlewares/ST/STM32_USB_Device_Library/Class/CDC/Src/usbd_cdc.o
LOAD Middlewares/ST/STM32_USB_Device_Library/Core/Src/usbd_core.o
LOAD Middlewares/ST/STM32_USB_Device_Library/Core/Src/usbd_ctlreq.o
LOAD Middlewares/ST/STM32_USB_Device_Library/Core/Src/usbd_ioreq.o
LOAD Src/adc.o
LOAD Src/gpio.o
LOAD Src/i2c.o
LOAD Src/main.o
LOAD Src/rtc.o
LOAD Src/spi.o
LOAD Src/stm32l0xx_hal_msp.o
LOAD Src/stm32l0xx_it.o
LOAD Src/system_stm32l0xx.o
LOAD Src/tim.o
LOAD Src/usb_device.o
LOAD Src/usbd_cdc_if.o
LOAD Src/usbd_conf.o
LOAD Src/usbd_desc.o
LOAD Src/module/BME280.o
LOAD Src/module/Time.o
LOAD Src/module/ds18b20.o
LOAD Src/module/lcd_12864.o
LOAD Src/module/one_wire.o
LOAD Src/module/peripherals.o
LOAD Src/module/pinmap.o
LOAD Src/module/rtc_api.o
LOAD Src/module/spi_com.o
LOAD Src/module/waiter.o
START GROUP
LOAD /home/jakub/programs/AC6/plugins/fr.ac6.mcu.externaltools.arm-none.linux64_1.13.1.201703061524/tools/compiler/bin/../lib/gcc/arm-none-eabi/5.4.1/armv6-m/libgcc.a
LOAD /home/jakub/programs/AC6/plugins/fr.ac6.mcu.externaltools.arm-none.linux64_1.13.1.201703061524/tools/compiler/bin/../lib/gcc/arm-none-eabi/5.4.1/../../../../arm-none-eabi/lib/armv6-m/libc_nano.a
END GROUP
START GROUP
LOAD /home/jakub/programs/AC6/plugins/fr.ac6.mcu.externaltools.arm-none.linux64_1.13.1.201703061524/tools/compiler/bin/../lib/gcc/arm-none-eabi/5.4.1/armv6-m/libgcc.a
LOAD /home/jakub/programs/AC6/plugins/fr.ac6.mcu.externaltools.arm-none.linux64_1.13.1.201703061524/tools/compiler/bin/../lib/gcc/arm-none-eabi/5.4.1/../../../../arm-none-eabi/lib/armv6-m/libc_nano.a
LOAD /home/jakub/programs/AC6/plugins/fr.ac6.mcu.externaltools.arm-none.linux64_1.13.1.201703061524/tools/compiler/bin/../lib/gcc/arm-none-eabi/5.4.1/../../../../arm-none-eabi/lib/armv6-m/libnosys.a
END GROUP
START GROUP
LOAD /home/jakub/programs/AC6/plugins/fr.ac6.mcu.externaltools.arm-none.linux64_1.13.1.201703061524/tools/compiler/bin/../lib/gcc/arm-none-eabi/5.4.1/armv6-m/libgcc.a
LOAD /home/jakub/programs/AC6/plugins/fr.ac6.mcu.externaltools.arm-none.linux64_1.13.1.201703061524/tools/compiler/bin/../lib/gcc/arm-none-eabi/5.4.1/../../../../arm-none-eabi/lib/armv6-m/libc_nano.a
LOAD /home/jakub/programs/AC6/plugins/fr.ac6.mcu.externaltools.arm-none.linux64_1.13.1.201703061524/tools/compiler/bin/../lib/gcc/arm-none-eabi/5.4.1/../../../../arm-none-eabi/lib/armv6-m/libnosys.a
END GROUP
LOAD /home/jakub/programs/AC6/plugins/fr.ac6.mcu.externaltools.arm-none.linux64_1.13.1.201703061524/tools/compiler/bin/../lib/gcc/arm-none-eabi/5.4.1/armv6-m/crtend.o
LOAD /home/jakub/programs/AC6/plugins/fr.ac6.mcu.externaltools.arm-none.linux64_1.13.1.201703061524/tools/compiler/bin/../lib/gcc/arm-none-eabi/5.4.1/armv6-m/crtn.o
                0x20005000                _estack = 0x20005000
                0x00000200                _Min_Heap_Size = 0x200
                0x00000400                _Min_Stack_Size = 0x400

.isr_vector     0x08000000       0xc0
                0x08000000                . = ALIGN (0x4)
 *(.isr_vector)
 .isr_vector    0x08000000       0xc0 Drivers/CMSIS/Device/ST/STM32L0xx/Source/Templates/gcc/startup_stm32l072xx.o
                0x08000000                g_pfnVectors
                0x080000c0                . = ALIGN (0x4)

.text           0x080000c0     0x5810
                0x080000c0                . = ALIGN (0x4)
 *(.text)
 .text          0x080000c0       0x60 /home/jakub/programs/AC6/plugins/fr.ac6.mcu.externaltools.arm-none.linux64_1.13.1.201703061524/tools/compiler/bin/../lib/gcc/arm-none-eabi/5.4.1/armv6-m/crtbegin.o
 .text          0x08000120       0x14 /home/jakub/programs/AC6/plugins/fr.ac6.mcu.externaltools.arm-none.linux64_1.13.1.201703061524/tools/compiler/bin/../lib/gcc/arm-none-eabi/5.4.1/armv6-m/libgcc.a(_thumb1_case_uqi.o)
                0x08000120                __gnu_thumb1_case_uqi
 .text          0x08000134       0x14 /home/jakub/programs/AC6/plugins/fr.ac6.mcu.externaltools.arm-none.linux64_1.13.1.201703061524/tools/compiler/bin/../lib/gcc/arm-none-eabi/5.4.1/armv6-m/libgcc.a(_thumb1_case_uhi.o)
                0x08000134                __gnu_thumb1_case_uhi
 .text          0x08000148      0x114 /home/jakub/programs/AC6/plugins/fr.ac6.mcu.externaltools.arm-none.linux64_1.13.1.201703061524/tools/compiler/bin/../lib/gcc/arm-none-eabi/5.4.1/armv6-m/libgcc.a(_udivsi3.o)
                0x08000148                __udivsi3
                0x08000148                __aeabi_uidiv
                0x08000254                __aeabi_uidivmod
 .text          0x0800025c        0x4 /home/jakub/programs/AC6/plugins/fr.ac6.mcu.externaltools.arm-none.linux64_1.13.1.201703061524/tools/compiler/bin/../lib/gcc/arm-none-eabi/5.4.1/armv6-m/libgcc.a(_dvmd_tls.o)
                0x0800025c                __aeabi_ldiv0
                0x0800025c                __aeabi_idiv0
 .text          0x08000260        0xe /home/jakub/programs/AC6/plugins/fr.ac6.mcu.externaltools.arm-none.linux64_1.13.1.201703061524/tools/compiler/bin/../lib/gcc/arm-none-eabi/5.4.1/../../../../arm-none-eabi/lib/armv6-m/libc_nano.a(lib_a-strlen.o)
                0x08000260                strlen
 *(.text*)
 *fill*         0x0800026e        0x2 
 .text.Reset_Handler
                0x08000270       0x50 Drivers/CMSIS/Device/ST/STM32L0xx/Source/Templates/gcc/startup_stm32l072xx.o
                0x08000270                Reset_Handler
 .text.Default_Handler
                0x080002c0        0x2 Drivers/CMSIS/Device/ST/STM32L0xx/Source/Templates/gcc/startup_stm32l072xx.o
                0x080002c0                TSC_IRQHandler
                0x080002c0                ADC1_COMP_IRQHandler
                0x080002c0                PVD_IRQHandler
                0x080002c0                I2C1_IRQHandler
                0x080002c0                RCC_CRS_IRQHandler
                0x080002c0                SPI1_IRQHandler
                0x080002c0                TIM6_DAC_IRQHandler
                0x080002c0                EXTI2_3_IRQHandler
                0x080002c0                I2C2_IRQHandler
                0x080002c0                RTC_IRQHandler
                0x080002c0                DMA1_Channel4_5_6_7_IRQHandler
                0x080002c0                TIM3_IRQHandler
                0x080002c0                EXTI4_15_IRQHandler
                0x080002c0                DMA1_Channel1_IRQHandler
                0x080002c0                USART4_5_IRQHandler
                0x080002c0                Default_Handler
                0x080002c0                TIM22_IRQHandler
                0x080002c0                TIM7_IRQHandler
                0x080002c0                EXTI0_1_IRQHandler
                0x080002c0                I2C3_IRQHandler
                0x080002c0                SPI2_IRQHandler
                0x080002c0                WWDG_IRQHandler
                0x080002c0                TIM2_IRQHandler
                0x080002c0                DMA1_Channel2_3_IRQHandler
                0x080002c0                USART2_IRQHandler
                0x080002c0                FLASH_IRQHandler
                0x080002c0                USART1_IRQHandler
                0x080002c0                RNG_LPUART1_IRQHandler
                0x080002c0                LPTIM1_IRQHandler
 *fill*         0x080002c2        0x2 
 .text.HAL_InitTick
                0x080002c4       0x28 Drivers/STM32L0xx_HAL_Driver/Src/stm32l0xx_hal.o
                0x080002c4                HAL_InitTick
 .text.HAL_Init
                0x080002ec       0x20 Drivers/STM32L0xx_HAL_Driver/Src/stm32l0xx_hal.o
                0x080002ec                HAL_Init
 .text.HAL_IncTick
                0x0800030c       0x10 Drivers/STM32L0xx_HAL_Driver/Src/stm32l0xx_hal.o
                0x0800030c                HAL_IncTick
 .text.HAL_GetTick
                0x0800031c        0xc Drivers/STM32L0xx_HAL_Driver/Src/stm32l0xx_hal.o
                0x0800031c                HAL_GetTick
 .text.HAL_Delay
                0x08000328       0x18 Drivers/STM32L0xx_HAL_Driver/Src/stm32l0xx_hal.o
                0x08000328                HAL_Delay
 .text.HAL_NVIC_SetPriority
                0x08000340       0x60 Drivers/STM32L0xx_HAL_Driver/Src/stm32l0xx_hal_cortex.o
                0x08000340                HAL_NVIC_SetPriority
 .text.HAL_NVIC_EnableIRQ
                0x080003a0       0x14 Drivers/STM32L0xx_HAL_Driver/Src/stm32l0xx_hal_cortex.o
                0x080003a0                HAL_NVIC_EnableIRQ
 .text.HAL_SYSTICK_Config
                0x080003b4       0x34 Drivers/STM32L0xx_HAL_Driver/Src/stm32l0xx_hal_cortex.o
                0x080003b4                HAL_SYSTICK_Config
 .text.HAL_SYSTICK_CLKSourceConfig
                0x080003e8       0x1c Drivers/STM32L0xx_HAL_Driver/Src/stm32l0xx_hal_cortex.o
                0x080003e8                HAL_SYSTICK_CLKSourceConfig
 .text.HAL_SYSTICK_Callback
                0x08000404        0x2 Drivers/STM32L0xx_HAL_Driver/Src/stm32l0xx_hal_cortex.o
                0x08000404                HAL_SYSTICK_Callback
 .text.HAL_SYSTICK_IRQHandler
                0x08000406        0x8 Drivers/STM32L0xx_HAL_Driver/Src/stm32l0xx_hal_cortex.o
                0x08000406                HAL_SYSTICK_IRQHandler
 *fill*         0x0800040e        0x2 
 .text.HAL_GPIO_Init
                0x08000410      0x178 Drivers/STM32L0xx_HAL_Driver/Src/stm32l0xx_hal_gpio.o
                0x08000410                HAL_GPIO_Init
 .text.HAL_GPIO_ReadPin
                0x08000588        0xc Drivers/STM32L0xx_HAL_Driver/Src/stm32l0xx_hal_gpio.o
                0x08000588                HAL_GPIO_ReadPin
 .text.HAL_GPIO_WritePin
                0x08000594        0xc Drivers/STM32L0xx_HAL_Driver/Src/stm32l0xx_hal_gpio.o
                0x08000594                HAL_GPIO_WritePin
 .text.HAL_GPIO_TogglePin
                0x080005a0        0x8 Drivers/STM32L0xx_HAL_Driver/Src/stm32l0xx_hal_gpio.o
                0x080005a0                HAL_GPIO_TogglePin
 .text.I2C_TransferConfig
                0x080005a8       0x24 Drivers/STM32L0xx_HAL_Driver/Src/stm32l0xx_hal_i2c.o
 .text.I2C_IsAcknowledgeFailed
                0x080005cc       0x98 Drivers/STM32L0xx_HAL_Driver/Src/stm32l0xx_hal_i2c.o
 .text.I2C_WaitOnFlagUntilTimeout
                0x08000664       0x72 Drivers/STM32L0xx_HAL_Driver/Src/stm32l0xx_hal_i2c.o
 *fill*         0x080006d6        0x2 
 .text.I2C_WaitOnRXNEFlagUntilTimeout
                0x080006d8       0x80 Drivers/STM32L0xx_HAL_Driver/Src/stm32l0xx_hal_i2c.o
 .text.I2C_WaitOnTXISFlagUntilTimeout
                0x08000758       0x58 Drivers/STM32L0xx_HAL_Driver/Src/stm32l0xx_hal_i2c.o
 .text.I2C_WaitOnSTOPFlagUntilTimeout
                0x080007b0       0x54 Drivers/STM32L0xx_HAL_Driver/Src/stm32l0xx_hal_i2c.o
 .text.HAL_I2C_Init
                0x08000804       0xa4 Drivers/STM32L0xx_HAL_Driver/Src/stm32l0xx_hal_i2c.o
                0x08000804                HAL_I2C_Init
 .text.HAL_I2C_Master_Transmit
                0x080008a8      0x10c Drivers/STM32L0xx_HAL_Driver/Src/stm32l0xx_hal_i2c.o
                0x080008a8                HAL_I2C_Master_Transmit
 .text.HAL_I2C_Master_Receive
                0x080009b4      0x10c Drivers/STM32L0xx_HAL_Driver/Src/stm32l0xx_hal_i2c.o
                0x080009b4                HAL_I2C_Master_Receive
 .text.HAL_I2CEx_ConfigAnalogFilter
                0x08000ac0       0x60 Drivers/STM32L0xx_HAL_Driver/Src/stm32l0xx_hal_i2c_ex.o
                0x08000ac0                HAL_I2CEx_ConfigAnalogFilter
 .text.HAL_PCD_Init
                0x08000b20       0x8c Drivers/STM32L0xx_HAL_Driver/Src/stm32l0xx_hal_pcd.o
                0x08000b20                HAL_PCD_Init
 .text.HAL_PCD_Start
                0x08000bac       0x12 Drivers/STM32L0xx_HAL_Driver/Src/stm32l0xx_hal_pcd.o
                0x08000bac                HAL_PCD_Start
 .text.HAL_PCD_SetAddress
                0x08000bbe       0x2e Drivers/STM32L0xx_HAL_Driver/Src/stm32l0xx_hal_pcd.o
                0x08000bbe                HAL_PCD_SetAddress
 .text.HAL_PCD_EP_Open
                0x08000bec      0x2c0 Drivers/STM32L0xx_HAL_Driver/Src/stm32l0xx_hal_pcd.o
                0x08000bec                HAL_PCD_EP_Open
 .text.HAL_PCD_EP_Close
                0x08000eac      0x17c Drivers/STM32L0xx_HAL_Driver/Src/stm32l0xx_hal_pcd.o
                0x08000eac                HAL_PCD_EP_Close
 .text.HAL_PCD_EP_Receive
                0x08001028      0x18c Drivers/STM32L0xx_HAL_Driver/Src/stm32l0xx_hal_pcd.o
                0x08001028                HAL_PCD_EP_Receive
 .text.HAL_PCD_EP_GetRxCount
                0x080011b4       0x12 Drivers/STM32L0xx_HAL_Driver/Src/stm32l0xx_hal_pcd.o
                0x080011b4                HAL_PCD_EP_GetRxCount
 *fill*         0x080011c6        0x2 
 .text.HAL_PCD_EP_SetStall
                0x080011c8       0xa0 Drivers/STM32L0xx_HAL_Driver/Src/stm32l0xx_hal_pcd.o
                0x080011c8                HAL_PCD_EP_SetStall
 .text.HAL_PCD_EP_ClrStall
                0x08001268       0xc0 Drivers/STM32L0xx_HAL_Driver/Src/stm32l0xx_hal_pcd.o
                0x08001268                HAL_PCD_EP_ClrStall
 .text.PCD_WritePMA
                0x08001328       0x28 Drivers/STM32L0xx_HAL_Driver/Src/stm32l0xx_hal_pcd.o
                0x08001328                PCD_WritePMA
 .text.HAL_PCD_EP_Transmit
                0x08001350      0x1f8 Drivers/STM32L0xx_HAL_Driver/Src/stm32l0xx_hal_pcd.o
                0x08001350                HAL_PCD_EP_Transmit
 .text.PCD_ReadPMA
                0x08001548       0x22 Drivers/STM32L0xx_HAL_Driver/Src/stm32l0xx_hal_pcd.o
                0x08001548                PCD_ReadPMA
 *fill*         0x0800156a        0x2 
 .text.HAL_PCD_IRQHandler
                0x0800156c      0x47c Drivers/STM32L0xx_HAL_Driver/Src/stm32l0xx_hal_pcd.o
                0x0800156c                HAL_PCD_IRQHandler
 .text.HAL_PCDEx_PMAConfig
                0x080019e8       0x36 Drivers/STM32L0xx_HAL_Driver/Src/stm32l0xx_hal_pcd_ex.o
                0x080019e8                HAL_PCDEx_PMAConfig
 *fill*         0x08001a1e        0x2 
 .text.HAL_RCC_GetSysClockFreq
                0x08001a20       0x84 Drivers/STM32L0xx_HAL_Driver/Src/stm32l0xx_hal_rcc.o
                0x08001a20                HAL_RCC_GetSysClockFreq
 .text.HAL_RCC_OscConfig
                0x08001aa4      0x4cc Drivers/STM32L0xx_HAL_Driver/Src/stm32l0xx_hal_rcc.o
                0x08001aa4                HAL_RCC_OscConfig
 .text.HAL_RCC_ClockConfig
                0x08001f70      0x16c Drivers/STM32L0xx_HAL_Driver/Src/stm32l0xx_hal_rcc.o
                0x08001f70                HAL_RCC_ClockConfig
 .text.HAL_RCC_GetHCLKFreq
                0x080020dc        0xc Drivers/STM32L0xx_HAL_Driver/Src/stm32l0xx_hal_rcc.o
                0x080020dc                HAL_RCC_GetHCLKFreq
 .text.HAL_RCCEx_PeriphCLKConfig
                0x080020e8      0x18c Drivers/STM32L0xx_HAL_Driver/Src/stm32l0xx_hal_rcc_ex.o
                0x080020e8                HAL_RCCEx_PeriphCLKConfig
 .text.HAL_RTC_WaitForSynchro
                0x08002274       0x34 Drivers/STM32L0xx_HAL_Driver/Src/stm32l0xx_hal_rtc.o
                0x08002274                HAL_RTC_WaitForSynchro
 .text.RTC_EnterInitMode
                0x080022a8       0x38 Drivers/STM32L0xx_HAL_Driver/Src/stm32l0xx_hal_rtc.o
                0x080022a8                RTC_EnterInitMode
 .text.HAL_RTC_Init
                0x080022e0       0x94 Drivers/STM32L0xx_HAL_Driver/Src/stm32l0xx_hal_rtc.o
                0x080022e0                HAL_RTC_Init
 .text.RTC_ByteToBcd2
                0x08002374       0x16 Drivers/STM32L0xx_HAL_Driver/Src/stm32l0xx_hal_rtc.o
                0x08002374                RTC_ByteToBcd2
 *fill*         0x0800238a        0x2 
 .text.HAL_RTC_SetTime
                0x0800238c       0xfc Drivers/STM32L0xx_HAL_Driver/Src/stm32l0xx_hal_rtc.o
                0x0800238c                HAL_RTC_SetTime
 .text.HAL_RTC_SetDate
                0x08002488       0xe0 Drivers/STM32L0xx_HAL_Driver/Src/stm32l0xx_hal_rtc.o
                0x08002488                HAL_RTC_SetDate
 .text.RTC_Bcd2ToByte
                0x08002568       0x10 Drivers/STM32L0xx_HAL_Driver/Src/stm32l0xx_hal_rtc.o
                0x08002568                RTC_Bcd2ToByte
 .text.HAL_RTC_GetTime
                0x08002578       0x54 Drivers/STM32L0xx_HAL_Driver/Src/stm32l0xx_hal_rtc.o
                0x08002578                HAL_RTC_GetTime
 .text.HAL_RTC_GetDate
                0x080025cc       0x44 Drivers/STM32L0xx_HAL_Driver/Src/stm32l0xx_hal_rtc.o
                0x080025cc                HAL_RTC_GetDate
 .text.SPI_WaitOnFlagUntilTimeout
                0x08002610       0x98 Drivers/STM32L0xx_HAL_Driver/Src/stm32l0xx_hal_spi.o
 .text.HAL_SPI_Init
                0x080026a8       0x80 Drivers/STM32L0xx_HAL_Driver/Src/stm32l0xx_hal_spi.o
                0x080026a8                HAL_SPI_Init
 .text.HAL_SPI_Transmit
                0x08002728      0x184 Drivers/STM32L0xx_HAL_Driver/Src/stm32l0xx_hal_spi.o
                0x08002728                HAL_SPI_Transmit
 .text.TIM_Base_SetConfig
                0x080028ac       0x68 Drivers/STM32L0xx_HAL_Driver/Src/stm32l0xx_hal_tim.o
 .text.HAL_TIM_Base_Init
                0x08002914       0x36 Drivers/STM32L0xx_HAL_Driver/Src/stm32l0xx_hal_tim.o
                0x08002914                HAL_TIM_Base_Init
 *fill*         0x0800294a        0x2 
 .text.HAL_TIM_Encoder_Init
                0x0800294c       0x90 Drivers/STM32L0xx_HAL_Driver/Src/stm32l0xx_hal_tim.o
                0x0800294c                HAL_TIM_Encoder_Init
 .text.HAL_TIM_Encoder_Start
                0x080029dc       0x40 Drivers/STM32L0xx_HAL_Driver/Src/stm32l0xx_hal_tim.o
                0x080029dc                HAL_TIM_Encoder_Start
 .text.HAL_TIM_ConfigClockSource
                0x08002a1c      0x170 Drivers/STM32L0xx_HAL_Driver/Src/stm32l0xx_hal_tim.o
                0x08002a1c                HAL_TIM_ConfigClockSource
 .text.HAL_TIM_OC_DelayElapsedCallback
                0x08002b8c        0x2 Drivers/STM32L0xx_HAL_Driver/Src/stm32l0xx_hal_tim.o
                0x08002b8c                HAL_TIM_OC_DelayElapsedCallback
 .text.HAL_TIM_IC_CaptureCallback
                0x08002b8e        0x2 Drivers/STM32L0xx_HAL_Driver/Src/stm32l0xx_hal_tim.o
                0x08002b8e                HAL_TIM_IC_CaptureCallback
 .text.HAL_TIM_PWM_PulseFinishedCallback
                0x08002b90        0x2 Drivers/STM32L0xx_HAL_Driver/Src/stm32l0xx_hal_tim.o
                0x08002b90                HAL_TIM_PWM_PulseFinishedCallback
 .text.HAL_TIM_TriggerCallback
                0x08002b92        0x2 Drivers/STM32L0xx_HAL_Driver/Src/stm32l0xx_hal_tim.o
                0x08002b92                HAL_TIM_TriggerCallback
 .text.HAL_TIM_IRQHandler
                0x08002b94      0x110 Drivers/STM32L0xx_HAL_Driver/Src/stm32l0xx_hal_tim.o
                0x08002b94                HAL_TIM_IRQHandler
 .text.HAL_TIMEx_MasterConfigSynchronization
                0x08002ca4       0x42 Drivers/STM32L0xx_HAL_Driver/Src/stm32l0xx_hal_tim_ex.o
                0x08002ca4                HAL_TIMEx_MasterConfigSynchronization
 .text.USBD_CDC_DataIn
                0x08002ce6       0x16 Middlewares/ST/STM32_USB_Device_Library/Class/CDC/Src/usbd_cdc.o
 .text.USBD_CDC_EP0_RxReady
                0x08002cfc       0x30 Middlewares/ST/STM32_USB_Device_Library/Class/CDC/Src/usbd_cdc.o
 .text.USBD_CDC_GetFSCfgDesc
                0x08002d2c        0xc Middlewares/ST/STM32_USB_Device_Library/Class/CDC/Src/usbd_cdc.o
 .text.USBD_CDC_GetHSCfgDesc
                0x08002d38       0x10 Middlewares/ST/STM32_USB_Device_Library/Class/CDC/Src/usbd_cdc.o
 .text.USBD_CDC_GetOtherSpeedCfgDesc
                0x08002d48       0x10 Middlewares/ST/STM32_USB_Device_Library/Class/CDC/Src/usbd_cdc.o
 .text.USBD_CDC_GetDeviceQualifierDescriptor
                0x08002d58       0x10 Middlewares/ST/STM32_USB_Device_Library/Class/CDC/Src/usbd_cdc.o
                0x08002d58                USBD_CDC_GetDeviceQualifierDescriptor
 .text.USBD_CDC_DataOut
                0x08002d68       0x34 Middlewares/ST/STM32_USB_Device_Library/Class/CDC/Src/usbd_cdc.o
 .text.USBD_CDC_Setup
                0x08002d9c       0x78 Middlewares/ST/STM32_USB_Device_Library/Class/CDC/Src/usbd_cdc.o
 .text.USBD_CDC_DeInit
                0x08002e14       0x3c Middlewares/ST/STM32_USB_Device_Library/Class/CDC/Src/usbd_cdc.o
 .text.USBD_CDC_Init
                0x08002e50       0x90 Middlewares/ST/STM32_USB_Device_Library/Class/CDC/Src/usbd_cdc.o
 .text.USBD_CDC_RegisterInterface
                0x08002ee0       0x12 Middlewares/ST/STM32_USB_Device_Library/Class/CDC/Src/usbd_cdc.o
                0x08002ee0                USBD_CDC_RegisterInterface
 .text.USBD_CDC_SetTxBuffer
                0x08002ef2       0x16 Middlewares/ST/STM32_USB_Device_Library/Class/CDC/Src/usbd_cdc.o
                0x08002ef2                USBD_CDC_SetTxBuffer
 .text.USBD_CDC_SetRxBuffer
                0x08002f08        0xe Middlewares/ST/STM32_USB_Device_Library/Class/CDC/Src/usbd_cdc.o
                0x08002f08                USBD_CDC_SetRxBuffer
 .text.USBD_CDC_TransmitPacket
                0x08002f16       0x36 Middlewares/ST/STM32_USB_Device_Library/Class/CDC/Src/usbd_cdc.o
                0x08002f16                USBD_CDC_TransmitPacket
 .text.USBD_CDC_ReceivePacket
                0x08002f4c       0x38 Middlewares/ST/STM32_USB_Device_Library/Class/CDC/Src/usbd_cdc.o
                0x08002f4c                USBD_CDC_ReceivePacket
 .text.USBD_Init
                0x08002f84       0x34 Middlewares/ST/STM32_USB_Device_Library/Core/Src/usbd_core.o
                0x08002f84                USBD_Init
 .text.USBD_RegisterClass
                0x08002fb8       0x12 Middlewares/ST/STM32_USB_Device_Library/Core/Src/usbd_core.o
                0x08002fb8                USBD_RegisterClass
 .text.USBD_Start
                0x08002fca        0xa Middlewares/ST/STM32_USB_Device_Library/Core/Src/usbd_core.o
                0x08002fca                USBD_Start
 .text.USBD_SetClassConfig
                0x08002fd4       0x1a Middlewares/ST/STM32_USB_Device_Library/Core/Src/usbd_core.o
                0x08002fd4                USBD_SetClassConfig
 .text.USBD_ClrClassConfig
                0x08002fee       0x10 Middlewares/ST/STM32_USB_Device_Library/Core/Src/usbd_core.o
                0x08002fee                USBD_ClrClassConfig
 *fill*         0x08002ffe        0x2 
 .text.USBD_LL_SetupStage
                0x08003000       0x68 Middlewares/ST/STM32_USB_Device_Library/Core/Src/usbd_core.o
                0x08003000                USBD_LL_SetupStage
 .text.USBD_LL_DataOutStage
                0x08003068       0x74 Middlewares/ST/STM32_USB_Device_Library/Core/Src/usbd_core.o
                0x08003068                USBD_LL_DataOutStage
 .text.USBD_LL_DataInStage
                0x080030dc       0xac Middlewares/ST/STM32_USB_Device_Library/Core/Src/usbd_core.o
                0x080030dc                USBD_LL_DataInStage
 .text.USBD_LL_Reset
                0x08003188       0x46 Middlewares/ST/STM32_USB_Device_Library/Core/Src/usbd_core.o
                0x08003188                USBD_LL_Reset
 .text.USBD_LL_SetSpeed
                0x080031ce        0x6 Middlewares/ST/STM32_USB_Device_Library/Core/Src/usbd_core.o
                0x080031ce                USBD_LL_SetSpeed
 .text.USBD_LL_Suspend
                0x080031d4       0x16 Middlewares/ST/STM32_USB_Device_Library/Core/Src/usbd_core.o
                0x080031d4                USBD_LL_Suspend
 .text.USBD_LL_Resume
                0x080031ea        0xe Middlewares/ST/STM32_USB_Device_Library/Core/Src/usbd_core.o
                0x080031ea                USBD_LL_Resume
 .text.USBD_LL_SOF
                0x080031f8       0x1e Middlewares/ST/STM32_USB_Device_Library/Core/Src/usbd_core.o
                0x080031f8                USBD_LL_SOF
 .text.USBD_ParseSetupRequest
                0x08003216       0x28 Middlewares/ST/STM32_USB_Device_Library/Core/Src/usbd_ctlreq.o
                0x08003216                USBD_ParseSetupRequest
 .text.USBD_CtlError
                0x0800323e       0x14 Middlewares/ST/STM32_USB_Device_Library/Core/Src/usbd_ctlreq.o
                0x0800323e                USBD_CtlError
 *fill*         0x08003252        0x2 
 .text.USBD_StdDevReq
                0x08003254      0x23c Middlewares/ST/STM32_USB_Device_Library/Core/Src/usbd_ctlreq.o
                0x08003254                USBD_StdDevReq
 .text.USBD_StdItfReq
                0x08003490       0x3a Middlewares/ST/STM32_USB_Device_Library/Core/Src/usbd_ctlreq.o
                0x08003490                USBD_StdItfReq
 .text.USBD_StdEPReq
                0x080034ca       0xe0 Middlewares/ST/STM32_USB_Device_Library/Core/Src/usbd_ctlreq.o
                0x080034ca                USBD_StdEPReq
 .text.USBD_GetString
                0x080035aa       0x3c Middlewares/ST/STM32_USB_Device_Library/Core/Src/usbd_ctlreq.o
                0x080035aa                USBD_GetString
 .text.USBD_CtlSendData
                0x080035e6       0x1c Middlewares/ST/STM32_USB_Device_Library/Core/Src/usbd_ioreq.o
                0x080035e6                USBD_CtlSendData
 .text.USBD_CtlContinueSendData
                0x08003602       0x10 Middlewares/ST/STM32_USB_Device_Library/Core/Src/usbd_ioreq.o
                0x08003602                USBD_CtlContinueSendData
 .text.USBD_CtlPrepareRx
                0x08003612       0x20 Middlewares/ST/STM32_USB_Device_Library/Core/Src/usbd_ioreq.o
                0x08003612                USBD_CtlPrepareRx
 .text.USBD_CtlContinueRx
                0x08003632       0x10 Middlewares/ST/STM32_USB_Device_Library/Core/Src/usbd_ioreq.o
                0x08003632                USBD_CtlContinueRx
 .text.USBD_CtlSendStatus
                0x08003642       0x18 Middlewares/ST/STM32_USB_Device_Library/Core/Src/usbd_ioreq.o
                0x08003642                USBD_CtlSendStatus
 .text.USBD_CtlReceiveStatus
                0x0800365a       0x18 Middlewares/ST/STM32_USB_Device_Library/Core/Src/usbd_ioreq.o
                0x0800365a                USBD_CtlReceiveStatus
 *fill*         0x08003672        0x2 
 .text.MX_GPIO_Init
                0x08003674      0x114 Src/gpio.o
                0x08003674                MX_GPIO_Init
 .text.MX_I2C1_Init
                0x08003788       0x4c Src/i2c.o
                0x08003788                MX_I2C1_Init
 .text.HAL_I2C_MspInit
                0x080037d4       0x40 Src/i2c.o
                0x080037d4                HAL_I2C_MspInit
 .text.SystemClock_Config
                0x08003814       0xa0 Src/main.o
                0x08003814                SystemClock_Config
 .text.startup.main
                0x080038b4      0x3b0 Src/main.o
                0x080038b4                main
 .text.Error_Handler
                0x08003c64        0x2 Src/main.o
                0x08003c64                Error_Handler
 *fill*         0x08003c66        0x2 
 .text.MX_RTC_Init
                0x08003c68       0x78 Src/rtc.o
                0x08003c68                MX_RTC_Init
 .text.HAL_RTC_MspInit
                0x08003ce0       0x20 Src/rtc.o
                0x08003ce0                HAL_RTC_MspInit
 .text.MX_SPI1_Init
                0x08003d00       0x44 Src/spi.o
                0x08003d00                MX_SPI1_Init
 .text.HAL_SPI_MspInit
                0x08003d44       0x40 Src/spi.o
                0x08003d44                HAL_SPI_MspInit
 .text.HAL_MspInit
                0x08003d84       0x40 Src/stm32l0xx_hal_msp.o
                0x08003d84                HAL_MspInit
 .text.NMI_Handler
                0x08003dc4        0x2 Src/stm32l0xx_it.o
                0x08003dc4                NMI_Handler
 .text.HardFault_Handler
                0x08003dc6        0x2 Src/stm32l0xx_it.o
                0x08003dc6                HardFault_Handler
 .text.SVC_Handler
                0x08003dc8        0x2 Src/stm32l0xx_it.o
                0x08003dc8                SVC_Handler
 .text.PendSV_Handler
                0x08003dca        0x2 Src/stm32l0xx_it.o
                0x08003dca                PendSV_Handler
 .text.SysTick_Handler
                0x08003dcc        0xc Src/stm32l0xx_it.o
                0x08003dcc                SysTick_Handler
 .text.TIM21_IRQHandler
                0x08003dd8       0x10 Src/stm32l0xx_it.o
                0x08003dd8                TIM21_IRQHandler
 .text.USB_IRQHandler
                0x08003de8       0x10 Src/stm32l0xx_it.o
                0x08003de8                USB_IRQHandler
 .text.SystemInit
                0x08003df8       0x5c Src/system_stm32l0xx.o
                0x08003df8                SystemInit
 .text.MX_TIM21_Init
                0x08003e54       0x64 Src/tim.o
                0x08003e54                MX_TIM21_Init
 .text.MX_TIM22_Init
                0x08003eb8       0x60 Src/tim.o
                0x08003eb8                MX_TIM22_Init
 .text.HAL_TIM_Base_MspInit
                0x08003f18       0x30 Src/tim.o
                0x08003f18                HAL_TIM_Base_MspInit
 .text.HAL_TIM_Encoder_MspInit
                0x08003f48       0x40 Src/tim.o
                0x08003f48                HAL_TIM_Encoder_MspInit
 .text.MX_USB_DEVICE_Init
                0x08003f88       0x38 Src/usb_device.o
                0x08003f88                MX_USB_DEVICE_Init
 .text.CDC_DeInit_FS
                0x08003fc0        0x4 Src/usbd_cdc_if.o
 .text.CDC_Control_FS
                0x08003fc4        0x4 Src/usbd_cdc_if.o
 .text.CDC_Receive_FS
                0x08003fc8       0x1c Src/usbd_cdc_if.o
 .text.CDC_Init_FS
                0x08003fe4       0x28 Src/usbd_cdc_if.o
 .text.CDC_Transmit_FS
                0x0800400c       0x2c Src/usbd_cdc_if.o
                0x0800400c                CDC_Transmit_FS
 .text.HAL_PCD_MspInit
                0x08004038       0x30 Src/usbd_conf.o
                0x08004038                HAL_PCD_MspInit
 .text.HAL_PCD_SetupStageCallback
                0x08004068       0x14 Src/usbd_conf.o
                0x08004068                HAL_PCD_SetupStageCallback
 .text.HAL_PCD_DataOutStageCallback
                0x0800407c       0x18 Src/usbd_conf.o
                0x0800407c                HAL_PCD_DataOutStageCallback
 .text.HAL_PCD_DataInStageCallback
                0x08004094       0x16 Src/usbd_conf.o
                0x08004094                HAL_PCD_DataInStageCallback
 .text.HAL_PCD_SOFCallback
                0x080040aa        0xe Src/usbd_conf.o
                0x080040aa                HAL_PCD_SOFCallback
 .text.HAL_PCD_ResetCallback
                0x080040b8       0x18 Src/usbd_conf.o
                0x080040b8                HAL_PCD_ResetCallback
 .text.HAL_PCD_SuspendCallback
                0x080040d0       0x24 Src/usbd_conf.o
                0x080040d0                HAL_PCD_SuspendCallback
 .text.HAL_PCD_ResumeCallback
                0x080040f4       0x28 Src/usbd_conf.o
                0x080040f4                HAL_PCD_ResumeCallback
 .text.USBD_LL_Init
                0x0800411c       0x84 Src/usbd_conf.o
                0x0800411c                USBD_LL_Init
 .text.USBD_LL_Start
                0x080041a0       0x20 Src/usbd_conf.o
                0x080041a0                USBD_LL_Start
 .text.USBD_LL_OpenEP
                0x080041c0       0x24 Src/usbd_conf.o
                0x080041c0                USBD_LL_OpenEP
 .text.USBD_LL_CloseEP
                0x080041e4       0x20 Src/usbd_conf.o
                0x080041e4                USBD_LL_CloseEP
 .text.USBD_LL_StallEP
                0x08004204       0x20 Src/usbd_conf.o
                0x08004204                USBD_LL_StallEP
 .text.USBD_LL_ClearStallEP
                0x08004224       0x20 Src/usbd_conf.o
                0x08004224                USBD_LL_ClearStallEP
 .text.USBD_LL_IsStallEP
                0x08004244       0x26 Src/usbd_conf.o
                0x08004244                USBD_LL_IsStallEP
 *fill*         0x0800426a        0x2 
 .text.USBD_LL_SetUSBAddress
                0x0800426c       0x20 Src/usbd_conf.o
                0x0800426c                USBD_LL_SetUSBAddress
 .text.USBD_LL_Transmit
                0x0800428c       0x20 Src/usbd_conf.o
                0x0800428c                USBD_LL_Transmit
 .text.USBD_LL_PrepareReceive
                0x080042ac       0x20 Src/usbd_conf.o
                0x080042ac                USBD_LL_PrepareReceive
 .text.USBD_LL_GetRxDataSize
                0x080042cc        0xe Src/usbd_conf.o
                0x080042cc                USBD_LL_GetRxDataSize
 *fill*         0x080042da        0x2 
 .text.USBD_static_malloc
                0x080042dc        0x8 Src/usbd_conf.o
                0x080042dc                USBD_static_malloc
 .text.USBD_static_free
                0x080042e4        0x2 Src/usbd_conf.o
                0x080042e4                USBD_static_free
 *fill*         0x080042e6        0x2 
 .text.USBD_FS_DeviceDescriptor
                0x080042e8        0xc Src/usbd_desc.o
                0x080042e8                USBD_FS_DeviceDescriptor
 .text.USBD_FS_LangIDStrDescriptor
                0x080042f4       0x10 Src/usbd_desc.o
                0x080042f4                USBD_FS_LangIDStrDescriptor
 .text.USBD_FS_ManufacturerStrDescriptor
                0x08004304       0x1c Src/usbd_desc.o
                0x08004304                USBD_FS_ManufacturerStrDescriptor
 .text.USBD_FS_ProductStrDescriptor
                0x08004320       0x1c Src/usbd_desc.o
                0x08004320                USBD_FS_ProductStrDescriptor
 .text.USBD_FS_SerialStrDescriptor
                0x0800433c       0x1c Src/usbd_desc.o
                0x0800433c                USBD_FS_SerialStrDescriptor
 .text.USBD_FS_ConfigStrDescriptor
                0x08004358       0x1c Src/usbd_desc.o
                0x08004358                USBD_FS_ConfigStrDescriptor
 .text.USBD_FS_InterfaceStrDescriptor
                0x08004374       0x1c Src/usbd_desc.o
                0x08004374                USBD_FS_InterfaceStrDescriptor
 .text.i2c_write
                0x08004390       0x24 Src/module/BME280.o
                0x08004390                i2c_write
 .text.i2c_read
                0x080043b4       0x24 Src/module/BME280.o
                0x080043b4                i2c_read
 .text.BME280_initialize
                0x080043d8      0x1a0 Src/module/BME280.o
                0x080043d8                BME280_initialize
 .text.BME280_init
                0x08004578       0x18 Src/module/BME280.o
                0x08004578                BME280_init
 .text.BME280_getTemperature
                0x08004590       0x70 Src/module/BME280.o
                0x08004590                BME280_getTemperature
 .text.BME280_getPressure
                0x08004600      0x104 Src/module/BME280.o
                0x08004600                BME280_getPressure
 .text.BME280_getHumidity
                0x08004704       0xc0 Src/module/BME280.o
                0x08004704                BME280_getHumidity
 .text.fill_comparer
                0x080047c4        0xc Src/module/Time.o
                0x080047c4                fill_comparer
 .text.wr_cmd   0x080047d0       0x3c Src/module/lcd_12864.o
                0x080047d0                wr_cmd
 .text.wr_dat   0x0800480c       0x3c Src/module/lcd_12864.o
                0x0800480c                wr_dat
 .text.copy_to_lcd
                0x08004848      0x1a0 Src/module/lcd_12864.o
                0x08004848                copy_to_lcd
 .text.lcd_reset
                0x080049e8       0xcc Src/module/lcd_12864.o
                0x080049e8                lcd_reset
 .text.lcd12864_init
                0x08004ab4       0x38 Src/module/lcd_12864.o
                0x08004ab4                lcd12864_init
 .text.columns  0x08004aec       0x1c Src/module/lcd_12864.o
                0x08004aec                columns
 .text.rows     0x08004b08       0x1c Src/module/lcd_12864.o
                0x08004b08                rows
 .text.lcd_setCharPos
                0x08004b24       0x40 Src/module/lcd_12864.o
                0x08004b24                lcd_setCharPos
 .text.lcd_clear
                0x08004b64       0x18 Src/module/lcd_12864.o
                0x08004b64                lcd_clear
 .text.char_magnitude
                0x08004b7c       0x20 Src/module/lcd_12864.o
                0x08004b7c                char_magnitude
 .text.pixel    0x08004b9c       0x4c Src/module/lcd_12864.o
                0x08004b9c                pixel
 .text.line_clear
                0x08004be8       0x3c Src/module/lcd_12864.o
                0x08004be8                line_clear
 .text.character
                0x08004c24      0x138 Src/module/lcd_12864.o
                0x08004c24                character
 .text._putc    0x08004d5c       0x60 Src/module/lcd_12864.o
                0x08004d5c                _putc
 .text.lcd_printString
                0x08004dbc       0x22 Src/module/lcd_12864.o
                0x08004dbc                lcd_printString
 *fill*         0x08004dde        0x2 
 .text.line     0x08004de0       0xb8 Src/module/lcd_12864.o
                0x08004de0                line
 .text.checkButtons
                0x08004e98       0x44 Src/module/peripherals.o
                0x08004e98                checkButtons
 .text.togleLED
                0x08004edc       0x24 Src/module/peripherals.o
                0x08004edc                togleLED
 .text.RTC_TimeShow
                0x08004f00       0x28 Src/module/rtc_api.o
                0x08004f00                RTC_TimeShow
 .text.RTC_DateShow
                0x08004f28       0x28 Src/module/rtc_api.o
                0x08004f28                RTC_DateShow
 .text.SPI_writeByte
                0x08004f50       0x1e Src/module/spi_com.o
                0x08004f50                SPI_writeByte
 *fill*         0x08004f6e        0x2 
 .text.HAL_TIM_PeriodElapsedCallback
                0x08004f70       0x10 Src/module/waiter.o
                0x08004f70                HAL_TIM_PeriodElapsedCallback
 .text.__libc_init_array
                0x08004f80       0x4c /home/jakub/programs/AC6/plugins/fr.ac6.mcu.externaltools.arm-none.linux64_1.13.1.201703061524/tools/compiler/bin/../lib/gcc/arm-none-eabi/5.4.1/../../../../arm-none-eabi/lib/armv6-m/libc_nano.a(lib_a-init.o)
                0x08004f80                __libc_init_array
 .text.memset   0x08004fcc       0x10 /home/jakub/programs/AC6/plugins/fr.ac6.mcu.externaltools.arm-none.linux64_1.13.1.201703061524/tools/compiler/bin/../lib/gcc/arm-none-eabi/5.4.1/../../../../arm-none-eabi/lib/armv6-m/libc_nano.a(lib_a-memset.o)
                0x08004fcc                memset
 .text.snprintf
                0x08004fdc       0x64 /home/jakub/programs/AC6/plugins/fr.ac6.mcu.externaltools.arm-none.linux64_1.13.1.201703061524/tools/compiler/bin/../lib/gcc/arm-none-eabi/5.4.1/../../../../arm-none-eabi/lib/armv6-m/libc_nano.a(lib_a-snprintf.o)
                0x08004fdc                snprintf
                0x08004fdc                sniprintf
 .text.sprintf  0x08005040       0x44 /home/jakub/programs/AC6/plugins/fr.ac6.mcu.externaltools.arm-none.linux64_1.13.1.201703061524/tools/compiler/bin/../lib/gcc/arm-none-eabi/5.4.1/../../../../arm-none-eabi/lib/armv6-m/libc_nano.a(lib_a-sprintf.o)
                0x08005040                sprintf
                0x08005040                siprintf
 .text.__ssputs_r
                0x08005084       0xc4 /home/jakub/programs/AC6/plugins/fr.ac6.mcu.externaltools.arm-none.linux64_1.13.1.201703061524/tools/compiler/bin/../lib/gcc/arm-none-eabi/5.4.1/../../../../arm-none-eabi/lib/armv6-m/libc_nano.a(lib_a-nano-svfprintf.o)
                0x08005084                __ssputs_r
 .text._svfprintf_r
                0x08005148      0x1fc /home/jakub/programs/AC6/plugins/fr.ac6.mcu.externaltools.arm-none.linux64_1.13.1.201703061524/tools/compiler/bin/../lib/gcc/arm-none-eabi/5.4.1/../../../../arm-none-eabi/lib/armv6-m/libc_nano.a(lib_a-nano-svfprintf.o)
                0x08005148                _svfprintf_r
                0x08005148                _svfiprintf_r
 .text._printf_common
                0x08005344       0xdc /home/jakub/programs/AC6/plugins/fr.ac6.mcu.externaltools.arm-none.linux64_1.13.1.201703061524/tools/compiler/bin/../lib/gcc/arm-none-eabi/5.4.1/../../../../arm-none-eabi/lib/armv6-m/libc_nano.a(lib_a-nano-vfprintf_i.o)
                0x08005344                _printf_common
 .text._printf_i
                0x08005420      0x244 /home/jakub/programs/AC6/plugins/fr.ac6.mcu.externaltools.arm-none.linux64_1.13.1.201703061524/tools/compiler/bin/../lib/gcc/arm-none-eabi/5.4.1/../../../../arm-none-eabi/lib/armv6-m/libc_nano.a(lib_a-nano-vfprintf_i.o)
                0x08005420                _printf_i
 .text.memchr   0x08005664       0x16 /home/jakub/programs/AC6/plugins/fr.ac6.mcu.externaltools.arm-none.linux64_1.13.1.201703061524/tools/compiler/bin/../lib/gcc/arm-none-eabi/5.4.1/../../../../arm-none-eabi/lib/armv6-m/libc_nano.a(lib_a-memchr-stub.o)
                0x08005664                memchr
 .text.memcpy   0x0800567a       0x12 /home/jakub/programs/AC6/plugins/fr.ac6.mcu.externaltools.arm-none.linux64_1.13.1.201703061524/tools/compiler/bin/../lib/gcc/arm-none-eabi/5.4.1/../../../../arm-none-eabi/lib/armv6-m/libc_nano.a(lib_a-memcpy-stub.o)
                0x0800567a                memcpy
 .text.memmove  0x0800568c       0x2a /home/jakub/programs/AC6/plugins/fr.ac6.mcu.externaltools.arm-none.linux64_1.13.1.201703061524/tools/compiler/bin/../lib/gcc/arm-none-eabi/5.4.1/../../../../arm-none-eabi/lib/armv6-m/libc_nano.a(lib_a-memmove.o)
                0x0800568c                memmove
 *fill*         0x080056b6        0x2 
 .text._free_r  0x080056b8       0x98 /home/jakub/programs/AC6/plugins/fr.ac6.mcu.externaltools.arm-none.linux64_1.13.1.201703061524/tools/compiler/bin/../lib/gcc/arm-none-eabi/5.4.1/../../../../arm-none-eabi/lib/armv6-m/libc_nano.a(lib_a-nano-freer.o)
                0x080056b8                _free_r
 .text._malloc_r
                0x08005750       0xc0 /home/jakub/programs/AC6/plugins/fr.ac6.mcu.externaltools.arm-none.linux64_1.13.1.201703061524/tools/compiler/bin/../lib/gcc/arm-none-eabi/5.4.1/../../../../arm-none-eabi/lib/armv6-m/libc_nano.a(lib_a-nano-mallocr.o)
                0x08005750                _malloc_r
 .text._realloc_r
                0x08005810       0x4c /home/jakub/programs/AC6/plugins/fr.ac6.mcu.externaltools.arm-none.linux64_1.13.1.201703061524/tools/compiler/bin/../lib/gcc/arm-none-eabi/5.4.1/../../../../arm-none-eabi/lib/armv6-m/libc_nano.a(lib_a-nano-reallocr.o)
                0x08005810                _realloc_r
 .text._sbrk_r  0x0800585c       0x24 /home/jakub/programs/AC6/plugins/fr.ac6.mcu.externaltools.arm-none.linux64_1.13.1.201703061524/tools/compiler/bin/../lib/gcc/arm-none-eabi/5.4.1/../../../../arm-none-eabi/lib/armv6-m/libc_nano.a(lib_a-sbrkr.o)
                0x0800585c                _sbrk_r
 .text.__malloc_lock
                0x08005880        0x2 /home/jakub/programs/AC6/plugins/fr.ac6.mcu.externaltools.arm-none.linux64_1.13.1.201703061524/tools/compiler/bin/../lib/gcc/arm-none-eabi/5.4.1/../../../../arm-none-eabi/lib/armv6-m/libc_nano.a(lib_a-mlock.o)
                0x08005880                __malloc_lock
 .text.__malloc_unlock
                0x08005882        0x2 /home/jakub/programs/AC6/plugins/fr.ac6.mcu.externaltools.arm-none.linux64_1.13.1.201703061524/tools/compiler/bin/../lib/gcc/arm-none-eabi/5.4.1/../../../../arm-none-eabi/lib/armv6-m/libc_nano.a(lib_a-mlock.o)
                0x08005882                __malloc_unlock
 .text._malloc_usable_size_r
                0x08005884       0x16 /home/jakub/programs/AC6/plugins/fr.ac6.mcu.externaltools.arm-none.linux64_1.13.1.201703061524/tools/compiler/bin/../lib/gcc/arm-none-eabi/5.4.1/../../../../arm-none-eabi/lib/armv6-m/libc_nano.a(lib_a-nano-msizer.o)
                0x08005884                _malloc_usable_size_r
 *fill*         0x0800589a        0x2 
 .text._sbrk    0x0800589c       0x1c /home/jakub/programs/AC6/plugins/fr.ac6.mcu.externaltools.arm-none.linux64_1.13.1.201703061524/tools/compiler/bin/../lib/gcc/arm-none-eabi/5.4.1/../../../../arm-none-eabi/lib/armv6-m/libnosys.a(sbrk.o)
                0x0800589c                _sbrk
 *(.glue_7)
 .glue_7        0x080058b8        0x0 linker stubs
 *(.glue_7t)
 .glue_7t       0x080058b8        0x0 linker stubs
 *(.eh_frame)
 .eh_frame      0x080058b8        0x0 /home/jakub/programs/AC6/plugins/fr.ac6.mcu.externaltools.arm-none.linux64_1.13.1.201703061524/tools/compiler/bin/../lib/gcc/arm-none-eabi/5.4.1/armv6-m/crtbegin.o
 *(.init)
 .init          0x080058b8        0x4 /home/jakub/programs/AC6/plugins/fr.ac6.mcu.externaltools.arm-none.linux64_1.13.1.201703061524/tools/compiler/bin/../lib/gcc/arm-none-eabi/5.4.1/armv6-m/crti.o
                0x080058b8                _init
 .init          0x080058bc        0x8 /home/jakub/programs/AC6/plugins/fr.ac6.mcu.externaltools.arm-none.linux64_1.13.1.201703061524/tools/compiler/bin/../lib/gcc/arm-none-eabi/5.4.1/armv6-m/crtn.o
 *(.fini)
 .fini          0x080058c4        0x4 /home/jakub/programs/AC6/plugins/fr.ac6.mcu.externaltools.arm-none.linux64_1.13.1.201703061524/tools/compiler/bin/../lib/gcc/arm-none-eabi/5.4.1/armv6-m/crti.o
                0x080058c4                _fini
 .fini          0x080058c8        0x8 /home/jakub/programs/AC6/plugins/fr.ac6.mcu.externaltools.arm-none.linux64_1.13.1.201703061524/tools/compiler/bin/../lib/gcc/arm-none-eabi/5.4.1/armv6-m/crtn.o
                0x080058d0                . = ALIGN (0x4)
                0x080058d0                _etext = .

.vfp11_veneer   0x080058d0        0x0
 .vfp11_veneer  0x080058d0        0x0 linker stubs

.v4_bx          0x080058d0        0x0
 .v4_bx         0x080058d0        0x0 linker stubs

.iplt           0x080058d0        0x0
 .iplt          0x080058d0        0x0 /home/jakub/programs/AC6/plugins/fr.ac6.mcu.externaltools.arm-none.linux64_1.13.1.201703061524/tools/compiler/bin/../lib/gcc/arm-none-eabi/5.4.1/armv6-m/crtbegin.o

.rodata         0x080058d0      0x188
                0x080058d0                . = ALIGN (0x4)
 *(.rodata)
 .rodata        0x080058d0       0x21 Src/system_stm32l0xx.o
                0x080058d0                PLLMulTable
                0x080058d9                AHBPrescTable
                0x080058e9                APBPrescTable
 .rodata        0x080058f1        0x4 Src/usbd_conf.o
 *(.rodata*)
 .rodata.str1.1
                0x080058f5       0xaf Src/main.o
 .rodata.str1.1
                0x080059a4       0x4f Src/usbd_desc.o
 .rodata.str1.1
                0x080059f3       0x2f Src/module/rtc_api.o
                                 0x3e (size before relaxing)
 .rodata.str1.1
                0x08005a22       0x11 /home/jakub/programs/AC6/plugins/fr.ac6.mcu.externaltools.arm-none.linux64_1.13.1.201703061524/tools/compiler/bin/../lib/gcc/arm-none-eabi/5.4.1/../../../../arm-none-eabi/lib/armv6-m/libc_nano.a(lib_a-nano-svfprintf.o)
 .rodata.str1.1
                0x08005a33       0x22 /home/jakub/programs/AC6/plugins/fr.ac6.mcu.externaltools.arm-none.linux64_1.13.1.201703061524/tools/compiler/bin/../lib/gcc/arm-none-eabi/5.4.1/../../../../arm-none-eabi/lib/armv6-m/libc_nano.a(lib_a-nano-vfprintf_i.o)
                0x08005a58                . = ALIGN (0x4)
 *fill*         0x08005a55        0x3 

.rel.dyn        0x08005a58        0x0
 .rel.iplt      0x08005a58        0x0 /home/jakub/programs/AC6/plugins/fr.ac6.mcu.externaltools.arm-none.linux64_1.13.1.201703061524/tools/compiler/bin/../lib/gcc/arm-none-eabi/5.4.1/armv6-m/crtbegin.o

.ARM.extab
 *(.ARM.extab* .gnu.linkonce.armextab.*)

.ARM            0x08005a58        0x0
                0x08005a58                __exidx_start = .
 *(.ARM.exidx*)
                0x08005a58                __exidx_end = .

.preinit_array  0x08005a58        0x0
                0x08005a58                PROVIDE (__preinit_array_start, .)
 *(.preinit_array*)
                0x08005a58                PROVIDE (__preinit_array_end, .)

.init_array     0x08005a58        0x4
                0x08005a58                PROVIDE (__init_array_start, .)
 *(SORT(.init_array.*))
 *(.init_array*)
 .init_array    0x08005a58        0x4 /home/jakub/programs/AC6/plugins/fr.ac6.mcu.externaltools.arm-none.linux64_1.13.1.201703061524/tools/compiler/bin/../lib/gcc/arm-none-eabi/5.4.1/armv6-m/crtbegin.o
                0x08005a5c                PROVIDE (__init_array_end, .)

.fini_array     0x08005a5c        0x4
                [!provide]                PROVIDE (__fini_array_start, .)
 *(SORT(.fini_array.*))
 *(.fini_array*)
 .fini_array    0x08005a5c        0x4 /home/jakub/programs/AC6/plugins/fr.ac6.mcu.externaltools.arm-none.linux64_1.13.1.201703061524/tools/compiler/bin/../lib/gcc/arm-none-eabi/5.4.1/armv6-m/crtbegin.o
                [!provide]                PROVIDE (__fini_array_end, .)
                0x08005a60                _sidata = LOADADDR (.data)

.data           0x20000000      0x414 load address 0x08005a60
                0x20000000                . = ALIGN (0x4)
                0x20000000                _sdata = .
 *(.data)
 .data          0x20000000      0x110 Middlewares/ST/STM32_USB_Device_Library/Class/CDC/Src/usbd_cdc.o
                0x20000000                USBD_CDC_CfgFSDesc
                0x20000044                USBD_CDC_CfgHSDesc
                0x20000088                USBD_CDC_OtherSpeedCfgDesc
                0x200000d8                USBD_CDC
 .data          0x20000110        0x4 Src/system_stm32l0xx.o
                0x20000110                SystemCoreClock
 .data          0x20000114       0x10 Src/usbd_cdc_if.o
                0x20000114                USBD_Interface_fops_FS
 .data          0x20000124       0x34 Src/usbd_desc.o
                0x20000124                USBD_FS_DeviceDesc
                0x20000138                USBD_LangIDDesc
                0x2000013c                FS_Desc
 .data          0x20000158      0x256 Src/module/lcd_12864.o
                0x20000158                font5x
 *(.data*)
 *fill*         0x200003ae        0x2 
 .data.impure_data
                0x200003b0       0x60 /home/jakub/programs/AC6/plugins/fr.ac6.mcu.externaltools.arm-none.linux64_1.13.1.201703061524/tools/compiler/bin/../lib/gcc/arm-none-eabi/5.4.1/../../../../arm-none-eabi/lib/armv6-m/libc_nano.a(lib_a-impure.o)
 .data._impure_ptr
                0x20000410        0x4 /home/jakub/programs/AC6/plugins/fr.ac6.mcu.externaltools.arm-none.linux64_1.13.1.201703061524/tools/compiler/bin/../lib/gcc/arm-none-eabi/5.4.1/../../../../arm-none-eabi/lib/armv6-m/libc_nano.a(lib_a-impure.o)
                0x20000410                _impure_ptr
                0x20000414                . = ALIGN (0x4)
                0x20000414                _edata = .

.jcr            0x20000414        0x0 load address 0x08005e74
 .jcr           0x20000414        0x0 /home/jakub/programs/AC6/plugins/fr.ac6.mcu.externaltools.arm-none.linux64_1.13.1.201703061524/tools/compiler/bin/../lib/gcc/arm-none-eabi/5.4.1/armv6-m/crtbegin.o

.igot.plt       0x20000414        0x0 load address 0x08005e74
 .igot.plt      0x20000414        0x0 /home/jakub/programs/AC6/plugins/fr.ac6.mcu.externaltools.arm-none.linux64_1.13.1.201703061524/tools/compiler/bin/../lib/gcc/arm-none-eabi/5.4.1/armv6-m/crtbegin.o
                0x20000414                . = ALIGN (0x4)

.bss            0x20000414      0xe24 load address 0x08005e74
                0x20000414                _sbss = .
                0x20000414                __bss_start__ = _sbss
 *(.bss)
 .bss           0x20000414       0x1c /home/jakub/programs/AC6/plugins/fr.ac6.mcu.externaltools.arm-none.linux64_1.13.1.201703061524/tools/compiler/bin/../lib/gcc/arm-none-eabi/5.4.1/armv6-m/crtbegin.o
 .bss           0x20000430        0x1 Middlewares/ST/STM32_USB_Device_Library/Class/CDC/Src/usbd_cdc.o
 .bss           0x20000431        0x1 Middlewares/ST/STM32_USB_Device_Library/Core/Src/usbd_ctlreq.o
 *fill*         0x20000432        0x2 
 .bss           0x20000434        0x8 Src/main.o
                0x20000438                citac
 .bss           0x2000043c      0x220 Src/usbd_conf.o
 *(.bss*)
 .bss.__malloc_sbrk_start
                0x2000065c        0x4 /home/jakub/programs/AC6/plugins/fr.ac6.mcu.externaltools.arm-none.linux64_1.13.1.201703061524/tools/compiler/bin/../lib/gcc/arm-none-eabi/5.4.1/../../../../arm-none-eabi/lib/armv6-m/libc_nano.a(lib_a-nano-mallocr.o)
                0x2000065c                __malloc_sbrk_start
 .bss.__malloc_free_list
                0x20000660        0x4 /home/jakub/programs/AC6/plugins/fr.ac6.mcu.externaltools.arm-none.linux64_1.13.1.201703061524/tools/compiler/bin/../lib/gcc/arm-none-eabi/5.4.1/../../../../arm-none-eabi/lib/armv6-m/libc_nano.a(lib_a-nano-mallocr.o)
                0x20000660                __malloc_free_list
 .bss.heap_end.4167
                0x20000664        0x4 /home/jakub/programs/AC6/plugins/fr.ac6.mcu.externaltools.arm-none.linux64_1.13.1.201703061524/tools/compiler/bin/../lib/gcc/arm-none-eabi/5.4.1/../../../../arm-none-eabi/lib/armv6-m/libnosys.a(sbrk.o)
 *(COMMON)
 COMMON         0x20000668        0x4 Drivers/STM32L0xx_HAL_Driver/Src/stm32l0xx_hal.o
                0x20000668                uwTick
 COMMON         0x2000066c       0x3c Src/i2c.o
                0x2000066c                hi2c1
 COMMON         0x200006a8      0x450 Src/main.o
                0x200006a8                dig_P7
                0x200006aa                dig_T1
                0x200006ac                address
                0x200006b0                font
                0x200006b4                dig_H4
                0x200006b6                dig_T2
                0x200006b8                char_x
                0x200006ba                dig_H1
                0x200006bc                dig_P2
                0x200006be                dig_P4
                0x200006c0                dig_H6
                0x200006c2                contrast
                0x200006c3                buffer
                0x20000ac4                dig_P5
                0x20000ac6                auto_up
                0x20000ac8                testing1
                0x20000acc                lcd_width
                0x20000ace                dig_P1
                0x20000ad0                dig_P3
                0x20000ad2                dig_P8
                0x20000ad4                SlaveCounter
                0x20000ad8                char_y
                0x20000ada                dig_H5
                0x20000adc                magnit
                0x20000ae0                _BME_hi2c
                0x20000ae4                dig_H3
                0x20000ae6                flags
                0x20000ae8                dig_P9
                0x20000aea                dig_T3
                0x20000aec                dig_P6
                0x20000aee                dig_H2
                0x20000af0                lcd_height
                0x20000af4                t_fine
 COMMON         0x20000af8       0x24 Src/rtc.o
                0x20000af8                hrtc
 COMMON         0x20000b1c       0x58 Src/spi.o
                0x20000b1c                hspi1
 COMMON         0x20000b74       0x70 Src/tim.o
                0x20000b74                htim22
                0x20000bac                htim21
 COMMON         0x20000be4      0x224 Src/usb_device.o
                0x20000be4                hUsbDeviceFS
 COMMON         0x20000e08        0x8 Src/usbd_cdc_if.o
                0x20000e08                UserRxBufferFS
                0x20000e0c                UserTxBufferFS
 COMMON         0x20000e10      0x220 Src/usbd_conf.o
                0x20000e10                hpcd_USB_FS
 COMMON         0x20001030      0x200 Src/usbd_desc.o
                0x20001030                USBD_StrDesc
 COMMON         0x20001230        0x4 Src/module/lcd_12864.o
                0x20001230                _LCD_hspi
 COMMON         0x20001234        0x4 /home/jakub/programs/AC6/plugins/fr.ac6.mcu.externaltools.arm-none.linux64_1.13.1.201703061524/tools/compiler/bin/../lib/gcc/arm-none-eabi/5.4.1/../../../../arm-none-eabi/lib/armv6-m/libc_nano.a(lib_a-reent.o)
                0x20001234                errno
                0x20001238                . = ALIGN (0x4)
                0x20001238                _ebss = .
                0x20001238                __bss_end__ = _ebss

._user_heap_stack
                0x20001238      0x600 load address 0x08005e74
                0x20001238                . = ALIGN (0x8)
                0x20001238                PROVIDE (end, .)
                [!provide]                PROVIDE (_end, .)
                0x20001438                . = (. + _Min_Heap_Size)
 *fill*         0x20001238      0x200 
                0x20001838                . = (. + _Min_Stack_Size)
 *fill*         0x20001438      0x400 
                0x20001838                . = ALIGN (0x8)

/DISCARD/
 libc.a(*)
 libm.a(*)
 libgcc.a(*)

.ARM.attributes
                0x00000000       0x28
 *(.ARM.attributes)
 .ARM.attributes
                0x00000000       0x1e /home/jakub/programs/AC6/plugins/fr.ac6.mcu.externaltools.arm-none.linux64_1.13.1.201703061524/tools/compiler/bin/../lib/gcc/arm-none-eabi/5.4.1/armv6-m/crti.o
 .ARM.attributes
                0x0000001e       0x2c /home/jakub/programs/AC6/plugins/fr.ac6.mcu.externaltools.arm-none.linux64_1.13.1.201703061524/tools/compiler/bin/../lib/gcc/arm-none-eabi/5.4.1/armv6-m/crtbegin.o
 .ARM.attributes
                0x0000004a       0x22 Drivers/CMSIS/Device/ST/STM32L0xx/Source/Templates/gcc/startup_stm32l072xx.o
 .ARM.attributes
                0x0000006c       0x32 Drivers/STM32L0xx_HAL_Driver/Src/stm32l0xx_hal.o
 .ARM.attributes
                0x0000009e       0x32 Drivers/STM32L0xx_HAL_Driver/Src/stm32l0xx_hal_cortex.o
 .ARM.attributes
                0x000000d0       0x32 Drivers/STM32L0xx_HAL_Driver/Src/stm32l0xx_hal_gpio.o
 .ARM.attributes
                0x00000102       0x32 Drivers/STM32L0xx_HAL_Driver/Src/stm32l0xx_hal_i2c.o
 .ARM.attributes
                0x00000134       0x32 Drivers/STM32L0xx_HAL_Driver/Src/stm32l0xx_hal_i2c_ex.o
 .ARM.attributes
                0x00000166       0x32 Drivers/STM32L0xx_HAL_Driver/Src/stm32l0xx_hal_pcd.o
 .ARM.attributes
                0x00000198       0x32 Drivers/STM32L0xx_HAL_Driver/Src/stm32l0xx_hal_pcd_ex.o
 .ARM.attributes
                0x000001ca       0x32 Drivers/STM32L0xx_HAL_Driver/Src/stm32l0xx_hal_rcc.o
 .ARM.attributes
                0x000001fc       0x32 Drivers/STM32L0xx_HAL_Driver/Src/stm32l0xx_hal_rcc_ex.o
 .ARM.attributes
                0x0000022e       0x32 Drivers/STM32L0xx_HAL_Driver/Src/stm32l0xx_hal_rtc.o
 .ARM.attributes
                0x00000260       0x32 Drivers/STM32L0xx_HAL_Driver/Src/stm32l0xx_hal_spi.o
 .ARM.attributes
                0x00000292       0x32 Drivers/STM32L0xx_HAL_Driver/Src/stm32l0xx_hal_tim.o
 .ARM.attributes
                0x000002c4       0x32 Drivers/STM32L0xx_HAL_Driver/Src/stm32l0xx_hal_tim_ex.o
 .ARM.attributes
                0x000002f6       0x32 Middlewares/ST/STM32_USB_Device_Library/Class/CDC/Src/usbd_cdc.o
 .ARM.attributes
                0x00000328       0x32 Middlewares/ST/STM32_USB_Device_Library/Core/Src/usbd_core.o
 .ARM.attributes
                0x0000035a       0x32 Middlewares/ST/STM32_USB_Device_Library/Core/Src/usbd_ctlreq.o
 .ARM.attributes
                0x0000038c       0x32 Middlewares/ST/STM32_USB_Device_Library/Core/Src/usbd_ioreq.o
 .ARM.attributes
                0x000003be       0x32 Src/gpio.o
 .ARM.attributes
                0x000003f0       0x32 Src/i2c.o
 .ARM.attributes
                0x00000422       0x32 Src/main.o
 .ARM.attributes
                0x00000454       0x32 Src/rtc.o
 .ARM.attributes
                0x00000486       0x32 Src/spi.o
 .ARM.attributes
                0x000004b8       0x32 Src/stm32l0xx_hal_msp.o
 .ARM.attributes
                0x000004ea       0x32 Src/stm32l0xx_it.o
 .ARM.attributes
                0x0000051c       0x32 Src/system_stm32l0xx.o
 .ARM.attributes
                0x0000054e       0x32 Src/tim.o
 .ARM.attributes
                0x00000580       0x32 Src/usb_device.o
 .ARM.attributes
                0x000005b2       0x32 Src/usbd_cdc_if.o
 .ARM.attributes
                0x000005e4       0x32 Src/usbd_conf.o
 .ARM.attributes
                0x00000616       0x32 Src/usbd_desc.o
 .ARM.attributes
                0x00000648       0x32 Src/module/BME280.o
 .ARM.attributes
                0x0000067a       0x32 Src/module/Time.o
 .ARM.attributes
                0x000006ac       0x32 Src/module/lcd_12864.o
 .ARM.attributes
                0x000006de       0x32 Src/module/peripherals.o
 .ARM.attributes
                0x00000710       0x32 Src/module/rtc_api.o
 .ARM.attributes
                0x00000742       0x32 Src/module/spi_com.o
 .ARM.attributes
                0x00000774       0x32 Src/module/waiter.o
 .ARM.attributes
                0x000007a6       0x1e /home/jakub/programs/AC6/plugins/fr.ac6.mcu.externaltools.arm-none.linux64_1.13.1.201703061524/tools/compiler/bin/../lib/gcc/arm-none-eabi/5.4.1/armv6-m/libgcc.a(_thumb1_case_uqi.o)
 .ARM.attributes
                0x000007c4       0x1e /home/jakub/programs/AC6/plugins/fr.ac6.mcu.externaltools.arm-none.linux64_1.13.1.201703061524/tools/compiler/bin/../lib/gcc/arm-none-eabi/5.4.1/armv6-m/libgcc.a(_thumb1_case_uhi.o)
 .ARM.attributes
                0x000007e2       0x1e /home/jakub/programs/AC6/plugins/fr.ac6.mcu.externaltools.arm-none.linux64_1.13.1.201703061524/tools/compiler/bin/../lib/gcc/arm-none-eabi/5.4.1/armv6-m/libgcc.a(_udivsi3.o)
 .ARM.attributes
                0x00000800       0x1e /home/jakub/programs/AC6/plugins/fr.ac6.mcu.externaltools.arm-none.linux64_1.13.1.201703061524/tools/compiler/bin/../lib/gcc/arm-none-eabi/5.4.1/armv6-m/libgcc.a(_dvmd_tls.o)
 .ARM.attributes
                0x0000081e       0x2c /home/jakub/programs/AC6/plugins/fr.ac6.mcu.externaltools.arm-none.linux64_1.13.1.201703061524/tools/compiler/bin/../lib/gcc/arm-none-eabi/5.4.1/../../../../arm-none-eabi/lib/armv6-m/libc_nano.a(lib_a-impure.o)
 .ARM.attributes
                0x0000084a       0x2c /home/jakub/programs/AC6/plugins/fr.ac6.mcu.externaltools.arm-none.linux64_1.13.1.201703061524/tools/compiler/bin/../lib/gcc/arm-none-eabi/5.4.1/../../../../arm-none-eabi/lib/armv6-m/libc_nano.a(lib_a-init.o)
 .ARM.attributes
                0x00000876       0x2c /home/jakub/programs/AC6/plugins/fr.ac6.mcu.externaltools.arm-none.linux64_1.13.1.201703061524/tools/compiler/bin/../lib/gcc/arm-none-eabi/5.4.1/../../../../arm-none-eabi/lib/armv6-m/libc_nano.a(lib_a-memset.o)
 .ARM.attributes
                0x000008a2       0x2c /home/jakub/programs/AC6/plugins/fr.ac6.mcu.externaltools.arm-none.linux64_1.13.1.201703061524/tools/compiler/bin/../lib/gcc/arm-none-eabi/5.4.1/../../../../arm-none-eabi/lib/armv6-m/libc_nano.a(lib_a-snprintf.o)
 .ARM.attributes
                0x000008ce       0x2c /home/jakub/programs/AC6/plugins/fr.ac6.mcu.externaltools.arm-none.linux64_1.13.1.201703061524/tools/compiler/bin/../lib/gcc/arm-none-eabi/5.4.1/../../../../arm-none-eabi/lib/armv6-m/libc_nano.a(lib_a-sprintf.o)
 .ARM.attributes
                0x000008fa       0x1c /home/jakub/programs/AC6/plugins/fr.ac6.mcu.externaltools.arm-none.linux64_1.13.1.201703061524/tools/compiler/bin/../lib/gcc/arm-none-eabi/5.4.1/../../../../arm-none-eabi/lib/armv6-m/libc_nano.a(lib_a-strlen.o)
 .ARM.attributes
                0x00000916       0x2c /home/jakub/programs/AC6/plugins/fr.ac6.mcu.externaltools.arm-none.linux64_1.13.1.201703061524/tools/compiler/bin/../lib/gcc/arm-none-eabi/5.4.1/../../../../arm-none-eabi/lib/armv6-m/libc_nano.a(lib_a-nano-svfprintf.o)
 .ARM.attributes
                0x00000942       0x2c /home/jakub/programs/AC6/plugins/fr.ac6.mcu.externaltools.arm-none.linux64_1.13.1.201703061524/tools/compiler/bin/../lib/gcc/arm-none-eabi/5.4.1/../../../../arm-none-eabi/lib/armv6-m/libc_nano.a(lib_a-nano-vfprintf_i.o)
 .ARM.attributes
                0x0000096e       0x2c /home/jakub/programs/AC6/plugins/fr.ac6.mcu.externaltools.arm-none.linux64_1.13.1.201703061524/tools/compiler/bin/../lib/gcc/arm-none-eabi/5.4.1/../../../../arm-none-eabi/lib/armv6-m/libc_nano.a(lib_a-memchr-stub.o)
 .ARM.attributes
                0x0000099a       0x2c /home/jakub/programs/AC6/plugins/fr.ac6.mcu.externaltools.arm-none.linux64_1.13.1.201703061524/tools/compiler/bin/../lib/gcc/arm-none-eabi/5.4.1/../../../../arm-none-eabi/lib/armv6-m/libc_nano.a(lib_a-memcpy-stub.o)
 .ARM.attributes
                0x000009c6       0x2c /home/jakub/programs/AC6/plugins/fr.ac6.mcu.externaltools.arm-none.linux64_1.13.1.201703061524/tools/compiler/bin/../lib/gcc/arm-none-eabi/5.4.1/../../../../arm-none-eabi/lib/armv6-m/libc_nano.a(lib_a-memmove.o)
 .ARM.attributes
                0x000009f2       0x2c /home/jakub/programs/AC6/plugins/fr.ac6.mcu.externaltools.arm-none.linux64_1.13.1.201703061524/tools/compiler/bin/../lib/gcc/arm-none-eabi/5.4.1/../../../../arm-none-eabi/lib/armv6-m/libc_nano.a(lib_a-nano-freer.o)
 .ARM.attributes
                0x00000a1e       0x2c /home/jakub/programs/AC6/plugins/fr.ac6.mcu.externaltools.arm-none.linux64_1.13.1.201703061524/tools/compiler/bin/../lib/gcc/arm-none-eabi/5.4.1/../../../../arm-none-eabi/lib/armv6-m/libc_nano.a(lib_a-nano-mallocr.o)
 .ARM.attributes
                0x00000a4a       0x2c /home/jakub/programs/AC6/plugins/fr.ac6.mcu.externaltools.arm-none.linux64_1.13.1.201703061524/tools/compiler/bin/../lib/gcc/arm-none-eabi/5.4.1/../../../../arm-none-eabi/lib/armv6-m/libc_nano.a(lib_a-nano-reallocr.o)
 .ARM.attributes
                0x00000a76       0x2c /home/jakub/programs/AC6/plugins/fr.ac6.mcu.externaltools.arm-none.linux64_1.13.1.201703061524/tools/compiler/bin/../lib/gcc/arm-none-eabi/5.4.1/../../../../arm-none-eabi/lib/armv6-m/libc_nano.a(lib_a-sbrkr.o)
 .ARM.attributes
                0x00000aa2       0x2c /home/jakub/programs/AC6/plugins/fr.ac6.mcu.externaltools.arm-none.linux64_1.13.1.201703061524/tools/compiler/bin/../lib/gcc/arm-none-eabi/5.4.1/../../../../arm-none-eabi/lib/armv6-m/libc_nano.a(lib_a-mlock.o)
 .ARM.attributes
                0x00000ace       0x2c /home/jakub/programs/AC6/plugins/fr.ac6.mcu.externaltools.arm-none.linux64_1.13.1.201703061524/tools/compiler/bin/../lib/gcc/arm-none-eabi/5.4.1/../../../../arm-none-eabi/lib/armv6-m/libc_nano.a(lib_a-nano-msizer.o)
 .ARM.attributes
                0x00000afa       0x2c /home/jakub/programs/AC6/plugins/fr.ac6.mcu.externaltools.arm-none.linux64_1.13.1.201703061524/tools/compiler/bin/../lib/gcc/arm-none-eabi/5.4.1/../../../../arm-none-eabi/lib/armv6-m/libc_nano.a(lib_a-reent.o)
 .ARM.attributes
                0x00000b26       0x2c /home/jakub/programs/AC6/plugins/fr.ac6.mcu.externaltools.arm-none.linux64_1.13.1.201703061524/tools/compiler/bin/../lib/gcc/arm-none-eabi/5.4.1/../../../../arm-none-eabi/lib/armv6-m/libnosys.a(sbrk.o)
 .ARM.attributes
                0x00000b52       0x1e /home/jakub/programs/AC6/plugins/fr.ac6.mcu.externaltools.arm-none.linux64_1.13.1.201703061524/tools/compiler/bin/../lib/gcc/arm-none-eabi/5.4.1/armv6-m/crtn.o
OUTPUT(TempHum_display.elf elf32-littlearm)

.debug_line     0x00000000    0x19bfd
 .debug_line    0x00000000       0xb2 Drivers/CMSIS/Device/ST/STM32L0xx/Source/Templates/gcc/startup_stm32l072xx.o
 .debug_line    0x000000b2      0xa90 Drivers/STM32L0xx_HAL_Driver/Src/stm32l0xx_hal.o
 .debug_line    0x00000b42      0xa4d Drivers/STM32L0xx_HAL_Driver/Src/stm32l0xx_hal_cortex.o
 .debug_line    0x0000158f      0xa4b Drivers/STM32L0xx_HAL_Driver/Src/stm32l0xx_hal_gpio.o
 .debug_line    0x00001fda     0x16cf Drivers/STM32L0xx_HAL_Driver/Src/stm32l0xx_hal_i2c.o
 .debug_line    0x000036a9      0xa56 Drivers/STM32L0xx_HAL_Driver/Src/stm32l0xx_hal_i2c_ex.o
 .debug_line    0x000040ff      0xe36 Drivers/STM32L0xx_HAL_Driver/Src/stm32l0xx_hal_pcd.o
 .debug_line    0x00004f35      0x8bb Drivers/STM32L0xx_HAL_Driver/Src/stm32l0xx_hal_pcd_ex.o
 .debug_line    0x000057f0      0xbce Drivers/STM32L0xx_HAL_Driver/Src/stm32l0xx_hal_rcc.o
 .debug_line    0x000063be      0xb75 Drivers/STM32L0xx_HAL_Driver/Src/stm32l0xx_hal_rcc_ex.o
 .debug_line    0x00006f33      0xc78 Drivers/STM32L0xx_HAL_Driver/Src/stm32l0xx_hal_rtc.o
 .debug_line    0x00007bab     0x117e Drivers/STM32L0xx_HAL_Driver/Src/stm32l0xx_hal_spi.o
 .debug_line    0x00008d29     0x1680 Drivers/STM32L0xx_HAL_Driver/Src/stm32l0xx_hal_tim.o
 .debug_line    0x0000a3a9      0x91e Drivers/STM32L0xx_HAL_Driver/Src/stm32l0xx_hal_tim_ex.o
 .debug_line    0x0000acc7      0xbd0 Middlewares/ST/STM32_USB_Device_Library/Class/CDC/Src/usbd_cdc.o
 .debug_line    0x0000b897      0xb6d Middlewares/ST/STM32_USB_Device_Library/Core/Src/usbd_core.o
 .debug_line    0x0000c404      0xadd Middlewares/ST/STM32_USB_Device_Library/Core/Src/usbd_ctlreq.o
 .debug_line    0x0000cee1      0xa2a Middlewares/ST/STM32_USB_Device_Library/Core/Src/usbd_ioreq.o
 .debug_line    0x0000d90b      0x8e7 Src/gpio.o
 .debug_line    0x0000e1f2      0x8e2 Src/i2c.o
 .debug_line    0x0000ead4      0xbee Src/main.o
 .debug_line    0x0000f6c2      0x8d4 Src/rtc.o
 .debug_line    0x0000ff96      0x8eb Src/spi.o
 .debug_line    0x00010881      0x89a Src/stm32l0xx_hal_msp.o
 .debug_line    0x0001111b      0x8e5 Src/stm32l0xx_it.o
 .debug_line    0x00011a00      0x8c8 Src/system_stm32l0xx.o
 .debug_line    0x000122c8      0x94f Src/tim.o
 .debug_line    0x00012c17      0xa2a Src/usb_device.o
 .debug_line    0x00013641      0xa5f Src/usbd_cdc_if.o
 .debug_line    0x000140a0      0xc8f Src/usbd_conf.o
 .debug_line    0x00014d2f      0xa04 Src/usbd_desc.o
 .debug_line    0x00015733      0xa2e Src/module/BME280.o
 .debug_line    0x00016161      0x8e5 Src/module/Time.o
 .debug_line    0x00016a46      0xccf Src/module/lcd_12864.o
 .debug_line    0x00017715      0x946 Src/module/peripherals.o
 .debug_line    0x0001805b      0x921 Src/module/rtc_api.o
 .debug_line    0x0001897c      0x8e8 Src/module/spi_com.o
 .debug_line    0x00019264      0x999 Src/module/waiter.o

.debug_info     0x00000000    0x19f44
 .debug_info    0x00000000       0xb2 Drivers/CMSIS/Device/ST/STM32L0xx/Source/Templates/gcc/startup_stm32l072xx.o
 .debug_info    0x000000b2      0x77b Drivers/STM32L0xx_HAL_Driver/Src/stm32l0xx_hal.o
 .debug_info    0x0000082d      0x8e9 Drivers/STM32L0xx_HAL_Driver/Src/stm32l0xx_hal_cortex.o
 .debug_info    0x00001116      0x64d Drivers/STM32L0xx_HAL_Driver/Src/stm32l0xx_hal_gpio.o
 .debug_info    0x00001763     0x250e Drivers/STM32L0xx_HAL_Driver/Src/stm32l0xx_hal_i2c.o
 .debug_info    0x00003c71      0x79b Drivers/STM32L0xx_HAL_Driver/Src/stm32l0xx_hal_i2c_ex.o
 .debug_info    0x0000440c     0x11b9 Drivers/STM32L0xx_HAL_Driver/Src/stm32l0xx_hal_pcd.o
 .debug_info    0x000055c5      0x556 Drivers/STM32L0xx_HAL_Driver/Src/stm32l0xx_hal_pcd_ex.o
 .debug_info    0x00005b1b      0xb32 Drivers/STM32L0xx_HAL_Driver/Src/stm32l0xx_hal_rcc.o
 .debug_info    0x0000664d      0x778 Drivers/STM32L0xx_HAL_Driver/Src/stm32l0xx_hal_rcc_ex.o
 .debug_info    0x00006dc5      0xd08 Drivers/STM32L0xx_HAL_Driver/Src/stm32l0xx_hal_rtc.o
 .debug_info    0x00007acd     0x1422 Drivers/STM32L0xx_HAL_Driver/Src/stm32l0xx_hal_spi.o
 .debug_info    0x00008eef     0x2cd6 Drivers/STM32L0xx_HAL_Driver/Src/stm32l0xx_hal_tim.o
 .debug_info    0x0000bbc5      0x594 Drivers/STM32L0xx_HAL_Driver/Src/stm32l0xx_hal_tim_ex.o
 .debug_info    0x0000c159      0xc8b Middlewares/ST/STM32_USB_Device_Library/Class/CDC/Src/usbd_cdc.o
 .debug_info    0x0000cde4      0xbd4 Middlewares/ST/STM32_USB_Device_Library/Core/Src/usbd_core.o
 .debug_info    0x0000d9b8      0xbc5 Middlewares/ST/STM32_USB_Device_Library/Core/Src/usbd_ctlreq.o
 .debug_info    0x0000e57d      0x73e Middlewares/ST/STM32_USB_Device_Library/Core/Src/usbd_ioreq.o
 .debug_info    0x0000ecbb      0x4e4 Src/gpio.o
 .debug_info    0x0000f19f      0x822 Src/i2c.o
 .debug_info    0x0000f9c1     0x1dc2 Src/main.o
 .debug_info    0x00011783      0x64c Src/rtc.o
 .debug_info    0x00011dcf      0x836 Src/spi.o
 .debug_info    0x00012605      0x31d Src/stm32l0xx_hal_msp.o
 .debug_info    0x00012922      0x98c Src/stm32l0xx_it.o
 .debug_info    0x000132ae      0x37b Src/system_stm32l0xx.o
 .debug_info    0x00013629      0xbbf Src/tim.o
 .debug_info    0x000141e8      0x5ef Src/usb_device.o
 .debug_info    0x000147d7      0x800 Src/usbd_cdc_if.o
 .debug_info    0x00014fd7     0x16ff Src/usbd_conf.o
 .debug_info    0x000166d6      0x4bb Src/usbd_desc.o
 .debug_info    0x00016b91      0xa39 Src/module/BME280.o
 .debug_info    0x000175ca       0xfe Src/module/Time.o
 .debug_info    0x000176c8     0x13ee Src/module/lcd_12864.o
 .debug_info    0x00018ab6      0x29a Src/module/peripherals.o
 .debug_info    0x00018d50      0x5ee Src/module/rtc_api.o
 .debug_info    0x0001933e      0x592 Src/module/spi_com.o
 .debug_info    0x000198d0      0x674 Src/module/waiter.o

.debug_abbrev   0x00000000     0x457c
 .debug_abbrev  0x00000000       0x12 Drivers/CMSIS/Device/ST/STM32L0xx/Source/Templates/gcc/startup_stm32l072xx.o
 .debug_abbrev  0x00000012      0x21b Drivers/STM32L0xx_HAL_Driver/Src/stm32l0xx_hal.o
 .debug_abbrev  0x0000022d      0x292 Drivers/STM32L0xx_HAL_Driver/Src/stm32l0xx_hal_cortex.o
 .debug_abbrev  0x000004bf      0x1bc Drivers/STM32L0xx_HAL_Driver/Src/stm32l0xx_hal_gpio.o
 .debug_abbrev  0x0000067b      0x2a4 Drivers/STM32L0xx_HAL_Driver/Src/stm32l0xx_hal_i2c.o
 .debug_abbrev  0x0000091f      0x187 Drivers/STM32L0xx_HAL_Driver/Src/stm32l0xx_hal_i2c_ex.o
 .debug_abbrev  0x00000aa6      0x316 Drivers/STM32L0xx_HAL_Driver/Src/stm32l0xx_hal_pcd.o
 .debug_abbrev  0x00000dbc      0x134 Drivers/STM32L0xx_HAL_Driver/Src/stm32l0xx_hal_pcd_ex.o
 .debug_abbrev  0x00000ef0      0x292 Drivers/STM32L0xx_HAL_Driver/Src/stm32l0xx_hal_rcc.o
 .debug_abbrev  0x00001182      0x1e5 Drivers/STM32L0xx_HAL_Driver/Src/stm32l0xx_hal_rcc_ex.o
 .debug_abbrev  0x00001367      0x1dc Drivers/STM32L0xx_HAL_Driver/Src/stm32l0xx_hal_rtc.o
 .debug_abbrev  0x00001543      0x2c8 Drivers/STM32L0xx_HAL_Driver/Src/stm32l0xx_hal_spi.o
 .debug_abbrev  0x0000180b      0x304 Drivers/STM32L0xx_HAL_Driver/Src/stm32l0xx_hal_tim.o
 .debug_abbrev  0x00001b0f      0x17e Drivers/STM32L0xx_HAL_Driver/Src/stm32l0xx_hal_tim_ex.o
 .debug_abbrev  0x00001c8d      0x239 Middlewares/ST/STM32_USB_Device_Library/Class/CDC/Src/usbd_cdc.o
 .debug_abbrev  0x00001ec6      0x277 Middlewares/ST/STM32_USB_Device_Library/Core/Src/usbd_core.o
 .debug_abbrev  0x0000213d      0x28f Middlewares/ST/STM32_USB_Device_Library/Core/Src/usbd_ctlreq.o
 .debug_abbrev  0x000023cc      0x140 Middlewares/ST/STM32_USB_Device_Library/Core/Src/usbd_ioreq.o
 .debug_abbrev  0x0000250c      0x135 Src/gpio.o
 .debug_abbrev  0x00002641      0x197 Src/i2c.o
 .debug_abbrev  0x000027d8      0x27c Src/main.o
 .debug_abbrev  0x00002a54      0x145 Src/rtc.o
 .debug_abbrev  0x00002b99      0x197 Src/spi.o
 .debug_abbrev  0x00002d30       0xe9 Src/stm32l0xx_hal_msp.o
 .debug_abbrev  0x00002e19      0x1ab Src/stm32l0xx_it.o
 .debug_abbrev  0x00002fc4       0xf3 Src/system_stm32l0xx.o
 .debug_abbrev  0x000030b7      0x1af Src/tim.o
 .debug_abbrev  0x00003266      0x158 Src/usb_device.o
 .debug_abbrev  0x000033be      0x1f6 Src/usbd_cdc_if.o
 .debug_abbrev  0x000035b4      0x275 Src/usbd_conf.o
 .debug_abbrev  0x00003829      0x186 Src/usbd_desc.o
 .debug_abbrev  0x000039af      0x1dc Src/module/BME280.o
 .debug_abbrev  0x00003b8b       0x90 Src/module/Time.o
 .debug_abbrev  0x00003c1b      0x372 Src/module/lcd_12864.o
 .debug_abbrev  0x00003f8d      0x139 Src/module/peripherals.o
 .debug_abbrev  0x000040c6      0x15f Src/module/rtc_api.o
 .debug_abbrev  0x00004225      0x15a Src/module/spi_com.o
 .debug_abbrev  0x0000437f      0x1fd Src/module/waiter.o

.debug_aranges  0x00000000     0x10a0
 .debug_aranges
                0x00000000       0x28 Drivers/CMSIS/Device/ST/STM32L0xx/Source/Templates/gcc/startup_stm32l072xx.o
 .debug_aranges
                0x00000028       0xd8 Drivers/STM32L0xx_HAL_Driver/Src/stm32l0xx_hal.o
 .debug_aranges
                0x00000100       0x80 Drivers/STM32L0xx_HAL_Driver/Src/stm32l0xx_hal_cortex.o
 .debug_aranges
                0x00000180       0x58 Drivers/STM32L0xx_HAL_Driver/Src/stm32l0xx_hal_gpio.o
 .debug_aranges
                0x000001d8      0x160 Drivers/STM32L0xx_HAL_Driver/Src/stm32l0xx_hal_i2c.o
 .debug_aranges
                0x00000338       0x48 Drivers/STM32L0xx_HAL_Driver/Src/stm32l0xx_hal_i2c_ex.o
 .debug_aranges
                0x00000380       0xd0 Drivers/STM32L0xx_HAL_Driver/Src/stm32l0xx_hal_pcd.o
 .debug_aranges
                0x00000450       0x20 Drivers/STM32L0xx_HAL_Driver/Src/stm32l0xx_hal_pcd_ex.o
 .debug_aranges
                0x00000470       0x80 Drivers/STM32L0xx_HAL_Driver/Src/stm32l0xx_hal_rcc.o
 .debug_aranges
                0x000004f0       0x88 Drivers/STM32L0xx_HAL_Driver/Src/stm32l0xx_hal_rcc_ex.o
 .debug_aranges
                0x00000578       0xa8 Drivers/STM32L0xx_HAL_Driver/Src/stm32l0xx_hal_rtc.o
 .debug_aranges
                0x00000620      0x108 Drivers/STM32L0xx_HAL_Driver/Src/stm32l0xx_hal_spi.o
 .debug_aranges
                0x00000728      0x218 Drivers/STM32L0xx_HAL_Driver/Src/stm32l0xx_hal_tim.o
 .debug_aranges
                0x00000940       0x28 Drivers/STM32L0xx_HAL_Driver/Src/stm32l0xx_hal_tim_ex.o
 .debug_aranges
                0x00000968       0x90 Middlewares/ST/STM32_USB_Device_Library/Class/CDC/Src/usbd_cdc.o
 .debug_aranges
                0x000009f8       0xa8 Middlewares/ST/STM32_USB_Device_Library/Core/Src/usbd_core.o
 .debug_aranges
                0x00000aa0       0x48 Middlewares/ST/STM32_USB_Device_Library/Core/Src/usbd_ctlreq.o
 .debug_aranges
                0x00000ae8       0x50 Middlewares/ST/STM32_USB_Device_Library/Core/Src/usbd_ioreq.o
 .debug_aranges
                0x00000b38       0x20 Src/gpio.o
 .debug_aranges
                0x00000b58       0x30 Src/i2c.o
 .debug_aranges
                0x00000b88       0x30 Src/main.o
 .debug_aranges
                0x00000bb8       0x30 Src/rtc.o
 .debug_aranges
                0x00000be8       0x30 Src/spi.o
 .debug_aranges
                0x00000c18       0x20 Src/stm32l0xx_hal_msp.o
 .debug_aranges
                0x00000c38       0x40 Src/stm32l0xx_it.o
 .debug_aranges
                0x00000c78       0x28 Src/system_stm32l0xx.o
 .debug_aranges
                0x00000ca0       0x48 Src/tim.o
 .debug_aranges
                0x00000ce8       0x20 Src/usb_device.o
 .debug_aranges
                0x00000d08       0x40 Src/usbd_cdc_if.o
 .debug_aranges
                0x00000d48      0x110 Src/usbd_conf.o
 .debug_aranges
                0x00000e58       0x50 Src/usbd_desc.o
 .debug_aranges
                0x00000ea8       0x50 Src/module/BME280.o
 .debug_aranges
                0x00000ef8       0x20 Src/module/Time.o
 .debug_aranges
                0x00000f18       0xc0 Src/module/lcd_12864.o
 .debug_aranges
                0x00000fd8       0x28 Src/module/peripherals.o
 .debug_aranges
                0x00001000       0x38 Src/module/rtc_api.o
 .debug_aranges
                0x00001038       0x20 Src/module/spi_com.o
 .debug_aranges
                0x00001058       0x48 Src/module/waiter.o

.debug_ranges   0x00000000     0x1428
 .debug_ranges  0x00000000       0x20 Drivers/CMSIS/Device/ST/STM32L0xx/Source/Templates/gcc/startup_stm32l072xx.o
 .debug_ranges  0x00000020       0xc8 Drivers/STM32L0xx_HAL_Driver/Src/stm32l0xx_hal.o
 .debug_ranges  0x000000e8       0xf0 Drivers/STM32L0xx_HAL_Driver/Src/stm32l0xx_hal_cortex.o
 .debug_ranges  0x000001d8       0x48 Drivers/STM32L0xx_HAL_Driver/Src/stm32l0xx_hal_gpio.o
 .debug_ranges  0x00000220      0x150 Drivers/STM32L0xx_HAL_Driver/Src/stm32l0xx_hal_i2c.o
 .debug_ranges  0x00000370       0x38 Drivers/STM32L0xx_HAL_Driver/Src/stm32l0xx_hal_i2c_ex.o
 .debug_ranges  0x000003a8      0x138 Drivers/STM32L0xx_HAL_Driver/Src/stm32l0xx_hal_pcd.o
 .debug_ranges  0x000004e0       0x10 Drivers/STM32L0xx_HAL_Driver/Src/stm32l0xx_hal_pcd_ex.o
 .debug_ranges  0x000004f0       0xd8 Drivers/STM32L0xx_HAL_Driver/Src/stm32l0xx_hal_rcc.o
 .debug_ranges  0x000005c8       0x78 Drivers/STM32L0xx_HAL_Driver/Src/stm32l0xx_hal_rcc_ex.o
 .debug_ranges  0x00000640       0x98 Drivers/STM32L0xx_HAL_Driver/Src/stm32l0xx_hal_rtc.o
 .debug_ranges  0x000006d8       0xf8 Drivers/STM32L0xx_HAL_Driver/Src/stm32l0xx_hal_spi.o
 .debug_ranges  0x000007d0      0x540 Drivers/STM32L0xx_HAL_Driver/Src/stm32l0xx_hal_tim.o
 .debug_ranges  0x00000d10       0x18 Drivers/STM32L0xx_HAL_Driver/Src/stm32l0xx_hal_tim_ex.o
 .debug_ranges  0x00000d28       0x80 Middlewares/ST/STM32_USB_Device_Library/Class/CDC/Src/usbd_cdc.o
 .debug_ranges  0x00000da8       0x98 Middlewares/ST/STM32_USB_Device_Library/Core/Src/usbd_core.o
 .debug_ranges  0x00000e40       0x38 Middlewares/ST/STM32_USB_Device_Library/Core/Src/usbd_ctlreq.o
 .debug_ranges  0x00000e78       0x40 Middlewares/ST/STM32_USB_Device_Library/Core/Src/usbd_ioreq.o
 .debug_ranges  0x00000eb8       0xa8 Src/gpio.o
 .debug_ranges  0x00000f60       0x20 Src/i2c.o
 .debug_ranges  0x00000f80       0x20 Src/main.o
 .debug_ranges  0x00000fa0       0x20 Src/rtc.o
 .debug_ranges  0x00000fc0       0x20 Src/spi.o
 .debug_ranges  0x00000fe0       0x10 Src/stm32l0xx_hal_msp.o
 .debug_ranges  0x00000ff0       0x30 Src/stm32l0xx_it.o
 .debug_ranges  0x00001020       0x18 Src/system_stm32l0xx.o
 .debug_ranges  0x00001038       0x38 Src/tim.o
 .debug_ranges  0x00001070       0x10 Src/usb_device.o
 .debug_ranges  0x00001080       0x30 Src/usbd_cdc_if.o
 .debug_ranges  0x000010b0      0x100 Src/usbd_conf.o
 .debug_ranges  0x000011b0       0xa0 Src/usbd_desc.o
 .debug_ranges  0x00001250       0x40 Src/module/BME280.o
 .debug_ranges  0x00001290       0x10 Src/module/Time.o
 .debug_ranges  0x000012a0      0x100 Src/module/lcd_12864.o
 .debug_ranges  0x000013a0       0x18 Src/module/peripherals.o
 .debug_ranges  0x000013b8       0x28 Src/module/rtc_api.o
 .debug_ranges  0x000013e0       0x10 Src/module/spi_com.o
 .debug_ranges  0x000013f0       0x38 Src/module/waiter.o

.debug_loc      0x00000000     0xcefb
 .debug_loc     0x00000000       0xac Drivers/STM32L0xx_HAL_Driver/Src/stm32l0xx_hal.o
 .debug_loc     0x000000ac      0x3da Drivers/STM32L0xx_HAL_Driver/Src/stm32l0xx_hal_cortex.o
 .debug_loc     0x00000486      0x2cc Drivers/STM32L0xx_HAL_Driver/Src/stm32l0xx_hal_gpio.o
 .debug_loc     0x00000752     0x1e5d Drivers/STM32L0xx_HAL_Driver/Src/stm32l0xx_hal_i2c.o
 .debug_loc     0x000025af      0x1a6 Drivers/STM32L0xx_HAL_Driver/Src/stm32l0xx_hal_i2c_ex.o
 .debug_loc     0x00002755     0x104d Drivers/STM32L0xx_HAL_Driver/Src/stm32l0xx_hal_pcd.o
 .debug_loc     0x000037a2       0x9d Drivers/STM32L0xx_HAL_Driver/Src/stm32l0xx_hal_pcd_ex.o
 .debug_loc     0x0000383f      0x4eb Drivers/STM32L0xx_HAL_Driver/Src/stm32l0xx_hal_rcc.o
 .debug_loc     0x00003d2a      0x51b Drivers/STM32L0xx_HAL_Driver/Src/stm32l0xx_hal_rcc_ex.o
 .debug_loc     0x00004245      0xab7 Drivers/STM32L0xx_HAL_Driver/Src/stm32l0xx_hal_rtc.o
 .debug_loc     0x00004cfc      0xec6 Drivers/STM32L0xx_HAL_Driver/Src/stm32l0xx_hal_spi.o
 .debug_loc     0x00005bc2     0x3715 Drivers/STM32L0xx_HAL_Driver/Src/stm32l0xx_hal_tim.o
 .debug_loc     0x000092d7       0x7e Drivers/STM32L0xx_HAL_Driver/Src/stm32l0xx_hal_tim_ex.o
 .debug_loc     0x00009355      0x4ac Middlewares/ST/STM32_USB_Device_Library/Class/CDC/Src/usbd_cdc.o
 .debug_loc     0x00009801      0x56d Middlewares/ST/STM32_USB_Device_Library/Core/Src/usbd_core.o
 .debug_loc     0x00009d6e      0x5b3 Middlewares/ST/STM32_USB_Device_Library/Core/Src/usbd_ctlreq.o
 .debug_loc     0x0000a321      0x23c Middlewares/ST/STM32_USB_Device_Library/Core/Src/usbd_ioreq.o
 .debug_loc     0x0000a55d       0x42 Src/i2c.o
 .debug_loc     0x0000a59f      0x189 Src/main.o
 .debug_loc     0x0000a728       0x42 Src/spi.o
 .debug_loc     0x0000a76a      0x123 Src/system_stm32l0xx.o
 .debug_loc     0x0000a88d       0x84 Src/tim.o
 .debug_loc     0x0000a911       0xef Src/usbd_cdc_if.o
 .debug_loc     0x0000aa00      0x98c Src/usbd_conf.o
 .debug_loc     0x0000b38c      0x273 Src/usbd_desc.o
 .debug_loc     0x0000b5ff      0xc10 Src/module/BME280.o
 .debug_loc     0x0000c20f       0x3d Src/module/Time.o
 .debug_loc     0x0000c24c      0xa45 Src/module/lcd_12864.o
 .debug_loc     0x0000cc91       0x3a Src/module/peripherals.o
 .debug_loc     0x0000cccb      0x113 Src/module/rtc_api.o
 .debug_loc     0x0000cdde       0x42 Src/module/spi_com.o
 .debug_loc     0x0000ce20       0xdb Src/module/waiter.o

.debug_macro    0x00000000    0x1c54c
 .debug_macro   0x00000000      0x364 Drivers/STM32L0xx_HAL_Driver/Src/stm32l0xx_hal.o
 .debug_macro   0x00000364      0x838 Drivers/STM32L0xx_HAL_Driver/Src/stm32l0xx_hal.o
 .debug_macro   0x00000b9c       0xee Drivers/STM32L0xx_HAL_Driver/Src/stm32l0xx_hal.o
 .debug_macro   0x00000c8a       0xae Drivers/STM32L0xx_HAL_Driver/Src/stm32l0xx_hal.o
 .debug_macro   0x00000d38       0x2e Drivers/STM32L0xx_HAL_Driver/Src/stm32l0xx_hal.o
 .debug_macro   0x00000d66       0x28 Drivers/STM32L0xx_HAL_Driver/Src/stm32l0xx_hal.o
 .debug_macro   0x00000d8e       0x22 Drivers/STM32L0xx_HAL_Driver/Src/stm32l0xx_hal.o
 .debug_macro   0x00000db0       0x87 Drivers/STM32L0xx_HAL_Driver/Src/stm32l0xx_hal.o
 .debug_macro   0x00000e37       0x44 Drivers/STM32L0xx_HAL_Driver/Src/stm32l0xx_hal.o
 .debug_macro   0x00000e7b       0xfd Drivers/STM32L0xx_HAL_Driver/Src/stm32l0xx_hal.o
 .debug_macro   0x00000f78       0x5e Drivers/STM32L0xx_HAL_Driver/Src/stm32l0xx_hal.o
 .debug_macro   0x00000fd6      0x1df Drivers/STM32L0xx_HAL_Driver/Src/stm32l0xx_hal.o
 .debug_macro   0x000011b5       0x34 Drivers/STM32L0xx_HAL_Driver/Src/stm32l0xx_hal.o
 .debug_macro   0x000011e9       0x26 Drivers/STM32L0xx_HAL_Driver/Src/stm32l0xx_hal.o
 .debug_macro   0x0000120f      0x44f Drivers/STM32L0xx_HAL_Driver/Src/stm32l0xx_hal.o
 .debug_macro   0x0000165e     0xa0b7 Drivers/STM32L0xx_HAL_Driver/Src/stm32l0xx_hal.o
 .debug_macro   0x0000b715       0x3c Drivers/STM32L0xx_HAL_Driver/Src/stm32l0xx_hal.o
 .debug_macro   0x0000b751     0x3440 Drivers/STM32L0xx_HAL_Driver/Src/stm32l0xx_hal.o
 .debug_macro   0x0000eb91       0x52 Drivers/STM32L0xx_HAL_Driver/Src/stm32l0xx_hal.o
 .debug_macro   0x0000ebe3       0x35 Drivers/STM32L0xx_HAL_Driver/Src/stm32l0xx_hal.o
 .debug_macro   0x0000ec18       0x9c Drivers/STM32L0xx_HAL_Driver/Src/stm32l0xx_hal.o
 .debug_macro   0x0000ecb4       0x16 Drivers/STM32L0xx_HAL_Driver/Src/stm32l0xx_hal.o
 .debug_macro   0x0000ecca       0x97 Drivers/STM32L0xx_HAL_Driver/Src/stm32l0xx_hal.o
 .debug_macro   0x0000ed61      0x30d Drivers/STM32L0xx_HAL_Driver/Src/stm32l0xx_hal.o
 .debug_macro   0x0000f06e       0xfd Drivers/STM32L0xx_HAL_Driver/Src/stm32l0xx_hal.o
 .debug_macro   0x0000f16b       0x10 Drivers/STM32L0xx_HAL_Driver/Src/stm32l0xx_hal.o
 .debug_macro   0x0000f17b       0x52 Drivers/STM32L0xx_HAL_Driver/Src/stm32l0xx_hal.o
 .debug_macro   0x0000f1cd       0x1f Drivers/STM32L0xx_HAL_Driver/Src/stm32l0xx_hal.o
 .debug_macro   0x0000f1ec       0x43 Drivers/STM32L0xx_HAL_Driver/Src/stm32l0xx_hal.o
 .debug_macro   0x0000f22f       0x20 Drivers/STM32L0xx_HAL_Driver/Src/stm32l0xx_hal.o
 .debug_macro   0x0000f24f      0x187 Drivers/STM32L0xx_HAL_Driver/Src/stm32l0xx_hal.o
 .debug_macro   0x0000f3d6       0x10 Drivers/STM32L0xx_HAL_Driver/Src/stm32l0xx_hal.o
 .debug_macro   0x0000f3e6       0x1c Drivers/STM32L0xx_HAL_Driver/Src/stm32l0xx_hal.o
 .debug_macro   0x0000f402       0x52 Drivers/STM32L0xx_HAL_Driver/Src/stm32l0xx_hal.o
 .debug_macro   0x0000f454       0x40 Drivers/STM32L0xx_HAL_Driver/Src/stm32l0xx_hal.o
 .debug_macro   0x0000f494       0x10 Drivers/STM32L0xx_HAL_Driver/Src/stm32l0xx_hal.o
 .debug_macro   0x0000f4a4       0x40 Drivers/STM32L0xx_HAL_Driver/Src/stm32l0xx_hal.o
 .debug_macro   0x0000f4e4       0xd7 Drivers/STM32L0xx_HAL_Driver/Src/stm32l0xx_hal.o
 .debug_macro   0x0000f5bb       0x16 Drivers/STM32L0xx_HAL_Driver/Src/stm32l0xx_hal.o
 .debug_macro   0x0000f5d1      0x189 Drivers/STM32L0xx_HAL_Driver/Src/stm32l0xx_hal.o
 .debug_macro   0x0000f75a       0x50 Drivers/STM32L0xx_HAL_Driver/Src/stm32l0xx_hal.o
 .debug_macro   0x0000f7aa      0x7f2 Drivers/STM32L0xx_HAL_Driver/Src/stm32l0xx_hal.o
 .debug_macro   0x0000ff9c      0x8c3 Drivers/STM32L0xx_HAL_Driver/Src/stm32l0xx_hal.o
 .debug_macro   0x0001085f      0x14d Drivers/STM32L0xx_HAL_Driver/Src/stm32l0xx_hal.o
 .debug_macro   0x000109ac      0x1d1 Drivers/STM32L0xx_HAL_Driver/Src/stm32l0xx_hal.o
 .debug_macro   0x00010b7d      0x295 Drivers/STM32L0xx_HAL_Driver/Src/stm32l0xx_hal.o
 .debug_macro   0x00010e12      0x1ef Drivers/STM32L0xx_HAL_Driver/Src/stm32l0xx_hal.o
 .debug_macro   0x00011001      0x4d6 Drivers/STM32L0xx_HAL_Driver/Src/stm32l0xx_hal.o
 .debug_macro   0x000114d7       0x6c Drivers/STM32L0xx_HAL_Driver/Src/stm32l0xx_hal.o
 .debug_macro   0x00011543      0x120 Drivers/STM32L0xx_HAL_Driver/Src/stm32l0xx_hal.o
 .debug_macro   0x00011663      0x4c5 Drivers/STM32L0xx_HAL_Driver/Src/stm32l0xx_hal.o
 .debug_macro   0x00011b28       0x12 Drivers/STM32L0xx_HAL_Driver/Src/stm32l0xx_hal.o
 .debug_macro   0x00011b3a      0x1d0 Drivers/STM32L0xx_HAL_Driver/Src/stm32l0xx_hal.o
 .debug_macro   0x00011d0a       0x53 Drivers/STM32L0xx_HAL_Driver/Src/stm32l0xx_hal.o
 .debug_macro   0x00011d5d       0x66 Drivers/STM32L0xx_HAL_Driver/Src/stm32l0xx_hal.o
 .debug_macro   0x00011dc3      0x18f Drivers/STM32L0xx_HAL_Driver/Src/stm32l0xx_hal.o
 .debug_macro   0x00011f52       0x16 Drivers/STM32L0xx_HAL_Driver/Src/stm32l0xx_hal.o
 .debug_macro   0x00011f68      0x30c Drivers/STM32L0xx_HAL_Driver/Src/stm32l0xx_hal.o
 .debug_macro   0x00012274      0x41b Drivers/STM32L0xx_HAL_Driver/Src/stm32l0xx_hal.o
 .debug_macro   0x0001268f       0xdd Drivers/STM32L0xx_HAL_Driver/Src/stm32l0xx_hal.o
 .debug_macro   0x0001276c      0x202 Drivers/STM32L0xx_HAL_Driver/Src/stm32l0xx_hal.o
 .debug_macro   0x0001296e      0x703 Drivers/STM32L0xx_HAL_Driver/Src/stm32l0xx_hal.o
 .debug_macro   0x00013071      0x159 Drivers/STM32L0xx_HAL_Driver/Src/stm32l0xx_hal.o
 .debug_macro   0x000131ca      0x265 Drivers/STM32L0xx_HAL_Driver/Src/stm32l0xx_hal.o
 .debug_macro   0x0001342f      0x169 Drivers/STM32L0xx_HAL_Driver/Src/stm32l0xx_hal.o
 .debug_macro   0x00013598      0x340 Drivers/STM32L0xx_HAL_Driver/Src/stm32l0xx_hal_cortex.o
 .debug_macro   0x000138d8      0x379 Drivers/STM32L0xx_HAL_Driver/Src/stm32l0xx_hal_gpio.o
 .debug_macro   0x00013c51      0x387 Drivers/STM32L0xx_HAL_Driver/Src/stm32l0xx_hal_i2c.o
 .debug_macro   0x00013fd8      0x340 Drivers/STM32L0xx_HAL_Driver/Src/stm32l0xx_hal_i2c_ex.o
 .debug_macro   0x00014318      0x346 Drivers/STM32L0xx_HAL_Driver/Src/stm32l0xx_hal_pcd.o
 .debug_macro   0x0001465e      0x340 Drivers/STM32L0xx_HAL_Driver/Src/stm32l0xx_hal_pcd_ex.o
 .debug_macro   0x0001499e      0x3a0 Drivers/STM32L0xx_HAL_Driver/Src/stm32l0xx_hal_rcc.o
 .debug_macro   0x00014d3e      0x352 Drivers/STM32L0xx_HAL_Driver/Src/stm32l0xx_hal_rcc_ex.o
 .debug_macro   0x00015090      0x340 Drivers/STM32L0xx_HAL_Driver/Src/stm32l0xx_hal_rtc.o
 .debug_macro   0x000153d0      0x348 Drivers/STM32L0xx_HAL_Driver/Src/stm32l0xx_hal_spi.o
 .debug_macro   0x00015718      0x341 Drivers/STM32L0xx_HAL_Driver/Src/stm32l0xx_hal_tim.o
 .debug_macro   0x00015a59      0x340 Drivers/STM32L0xx_HAL_Driver/Src/stm32l0xx_hal_tim_ex.o
 .debug_macro   0x00015d99      0x3ec Middlewares/ST/STM32_USB_Device_Library/Class/CDC/Src/usbd_cdc.o
 .debug_macro   0x00016185       0x4c Middlewares/ST/STM32_USB_Device_Library/Class/CDC/Src/usbd_cdc.o
 .debug_macro   0x000161d1       0x8d Middlewares/ST/STM32_USB_Device_Library/Class/CDC/Src/usbd_cdc.o
 .debug_macro   0x0001625e       0x4a Middlewares/ST/STM32_USB_Device_Library/Class/CDC/Src/usbd_cdc.o
 .debug_macro   0x000162a8       0x16 Middlewares/ST/STM32_USB_Device_Library/Class/CDC/Src/usbd_cdc.o
 .debug_macro   0x000162be       0x35 Middlewares/ST/STM32_USB_Device_Library/Class/CDC/Src/usbd_cdc.o
 .debug_macro   0x000162f3       0x16 Middlewares/ST/STM32_USB_Device_Library/Class/CDC/Src/usbd_cdc.o
 .debug_macro   0x00016309       0x29 Middlewares/ST/STM32_USB_Device_Library/Class/CDC/Src/usbd_cdc.o
 .debug_macro   0x00016332       0x16 Middlewares/ST/STM32_USB_Device_Library/Class/CDC/Src/usbd_cdc.o
 .debug_macro   0x00016348       0x64 Middlewares/ST/STM32_USB_Device_Library/Class/CDC/Src/usbd_cdc.o